Component: ARM Compiler 5.06 update 7 (build 960) Tool: armlink [4d3601]

==============================================================================

Section Cross References

    main.o(.rev16_text) refers (Special) to use_no_semi_2.o(.text) for __use_no_semihosting
    main.o(.revsh_text) refers (Special) to use_no_semi_2.o(.text) for __use_no_semihosting
    main.o(.rrx_text) refers (Special) to use_no_semi_2.o(.text) for __use_no_semihosting
    main.o(i._sys_exit) refers (Special) to use_no_semi_2.o(.text) for __use_no_semihosting
    main.o(i._ttywrch) refers (Special) to use_no_semi_2.o(.text) for __use_no_semihosting
    main.o(i.fputc) refers (Special) to use_no_semi_2.o(.text) for __use_no_semihosting
    main.o(i.fputc) refers to at32f403a_407_usart.o(i.usart_flag_get) for usart_flag_get
    main.o(i.fputc) refers to at32f403a_407_usart.o(i.usart_data_transmit) for usart_data_transmit
    main.o(i.main) refers (Special) to use_no_semi_2.o(.text) for __use_no_semihosting
    main.o(i.main) refers to at32f403a_407_wk_config.o(i.wk_system_clock_config) for wk_system_clock_config
    main.o(i.main) refers to at32f403a_407_wk_config.o(i.wk_periph_clock_config) for wk_periph_clock_config
    main.o(i.main) refers to at32f403a_407_misc.o(i.systick_clock_source_config) for systick_clock_source_config
    main.o(i.main) refers to at32f403a_407_wk_config.o(i.systick_interrupt_config) for systick_interrupt_config
    main.o(i.main) refers to at32f403a_407_wk_config.o(i.wk_nvic_config) for wk_nvic_config
    main.o(i.main) refers to at32f403a_407_wk_config.o(i.wk_dma1_channel1_init) for wk_dma1_channel1_init
    main.o(i.main) refers to at32f403a_407_wk_config.o(i.wk_dma_channel_config) for wk_dma_channel_config
    main.o(i.main) refers to at32f403a_407_dma.o(i.dma_channel_enable) for dma_channel_enable
    main.o(i.main) refers to at32f403a_407_wk_config.o(i.wk_dma1_channel2_init) for wk_dma1_channel2_init
    main.o(i.main) refers to at32f403a_407_wk_config.o(i.wk_uart4_init) for wk_uart4_init
    main.o(i.main) refers to at32f403a_407_wk_config.o(i.wk_i2c1_init) for wk_i2c1_init
    main.o(i.main) refers to at32f403a_407_wk_config.o(i.wk_exint_config) for wk_exint_config
    main.o(i.main) refers to delay_one.o(i.delay_init) for delay_init
    main.o(i.main) refers to universal_peripherals.o(i.Led_and_Button_init) for Led_and_Button_init
    main.o(i.main) refers to main.o(i.mpu6050_struct_init) for mpu6050_struct_init
    main.o(i.main) refers to main.o(i.mpu6050_working_before) for mpu6050_working_before
    main.o(i.main) refers to main.o(i.mpu6050_capture_data) for mpu6050_capture_data
    main.o(i.main) refers to system_at32f403a_407.o(.data) for system_core_clock
    main.o(i.mpu6050_capture_data) refers (Special) to use_no_semi_2.o(.text) for __use_no_semihosting
    main.o(i.mpu6050_capture_data) refers to _printf_percent.o(.ARM.Collect$$_printf_percent$$00000000) for _printf_percent
    main.o(i.mpu6050_capture_data) refers to _printf_f.o(.ARM.Collect$$_printf_percent$$00000003) for _printf_f
    main.o(i.mpu6050_capture_data) refers to printf1.o(x$fpl$printf1) for _printf_fp_dec
    main.o(i.mpu6050_capture_data) refers to universal_peripherals.o(i.at32_led_off) for at32_led_off
    main.o(i.mpu6050_capture_data) refers to mpu6050.o(i.MPU6050_GetAccel_Value) for MPU6050_GetAccel_Value
    main.o(i.mpu6050_capture_data) refers to mpu6050.o(i.MPU6050_GetGyro_Value) for MPU6050_GetGyro_Value
    main.o(i.mpu6050_capture_data) refers to noretval__2printf.o(.text) for __2printf
    main.o(i.mpu6050_capture_data) refers to f2d.o(x$fpl$f2d) for __aeabi_f2d
    main.o(i.mpu6050_capture_data) refers to delay_one.o(i.delay_ms) for delay_ms
    main.o(i.mpu6050_capture_data) refers to main.o(.bss) for mpu6050_accel_value
    main.o(i.mpu6050_capture_data) refers to main.o(.data) for mpu6050
    main.o(i.mpu6050_struct_init) refers (Special) to use_no_semi_2.o(.text) for __use_no_semihosting
    main.o(i.mpu6050_struct_init) refers to h1_alloc.o(.text) for malloc
    main.o(i.mpu6050_struct_init) refers to noretval__2printf.o(.text) for __2printf
    main.o(i.mpu6050_struct_init) refers to universal_peripherals.o(i.at32_led_toggle) for at32_led_toggle
    main.o(i.mpu6050_struct_init) refers to delay_one.o(i.delay_ms) for delay_ms
    main.o(i.mpu6050_struct_init) refers to h1_free.o(.text) for free
    main.o(i.mpu6050_struct_init) refers to mpu6050.o(i.MPU6050_Init) for MPU6050_Init
    main.o(i.mpu6050_struct_init) refers to main.o(.data) for mpu6050
    main.o(i.mpu6050_working_before) refers (Special) to use_no_semi_2.o(.text) for __use_no_semihosting
    main.o(i.mpu6050_working_before) refers to _printf_percent.o(.ARM.Collect$$_printf_percent$$00000000) for _printf_percent
    main.o(i.mpu6050_working_before) refers to _printf_d.o(.ARM.Collect$$_printf_percent$$00000009) for _printf_d
    main.o(i.mpu6050_working_before) refers to _printf_dec.o(.text) for _printf_int_dec
[...]
    i.crm_apb2_div_set                       0x08002058   Section        0  at32f403a_407_crm.o(i.crm_apb2_div_set)
    i.crm_auto_step_mode_enable              0x0800206c   Section        0  at32f403a_407_crm.o(i.crm_auto_step_mode_enable)
    i.crm_clock_source_enable                0x08002094   Section        0  at32f403a_407_crm.o(i.crm_clock_source_enable)
    i.crm_clocks_freq_get                    0x080020f4   Section        0  at32f403a_407_crm.o(i.crm_clocks_freq_get)
    i.crm_flag_get                           0x08002224   Section        0  at32f403a_407_crm.o(i.crm_flag_get)
    i.crm_hext_stable_wait                   0x08002254   Section        0  at32f403a_407_crm.o(i.crm_hext_stable_wait)
    i.crm_periph_clock_enable                0x08002284   Section        0  at32f403a_407_crm.o(i.crm_periph_clock_enable)
    i.crm_pll_config                         0x080022c8   Section        0  at32f403a_407_crm.o(i.crm_pll_config)
    i.crm_reset                              0x08002344   Section        0  at32f403a_407_crm.o(i.crm_reset)
    i.crm_sysclk_switch                      0x0800239c   Section        0  at32f403a_407_crm.o(i.crm_sysclk_switch)
    i.crm_sysclk_switch_status_get           0x080023d8   Section        0  at32f403a_407_crm.o(i.crm_sysclk_switch_status_get)
    i.delay_init                             0x080023e8   Section        0  delay_one.o(i.delay_init)
    i.delay_ms                               0x08002420   Section        0  delay_one.o(i.delay_ms)
    i.dma_channel_enable                     0x08002494   Section        0  at32f403a_407_dma.o(i.dma_channel_enable)
    i.dma_default_para_init                  0x0800249e   Section        0  at32f403a_407_dma.o(i.dma_default_para_init)
    i.dma_flexible_config                    0x080024b6   Section        0  at32f403a_407_dma.o(i.dma_flexible_config)
    i.dma_init                               0x0800254e   Section        0  at32f403a_407_dma.o(i.dma_init)
    i.dma_reset                              0x080025ac   Section        0  at32f403a_407_dma.o(i.dma_reset)
    i.exint_default_para_init                0x0800261c   Section        0  at32f403a_407_exint.o(i.exint_default_para_init)
    i.exint_flag_clear                       0x0800262c   Section        0  at32f403a_407_exint.o(i.exint_flag_clear)
    i.exint_init                             0x0800264c   Section        0  at32f403a_407_exint.o(i.exint_init)
    i.exint_interrupt_flag_get               0x080026e4   Section        0  at32f403a_407_exint.o(i.exint_interrupt_flag_get)
    i.fputc                                  0x08002708   Section        0  main.o(i.fputc)
    i.gpio_default_para_init                 0x0800273c   Section        0  at32f403a_407_gpio.o(i.gpio_default_para_init)
    i.gpio_exint_line_config                 0x08002754   Section        0  at32f403a_407_gpio.o(i.gpio_exint_line_config)
    i.gpio_init                              0x080027f8   Section        0  at32f403a_407_gpio.o(i.gpio_init)
    i.i2c_7bit_address_send                  0x080028a0   Section        0  at32f403a_407_i2c.o(i.i2c_7bit_address_send)
    i.i2c_ack_enable                         0x080028b2   Section        0  at32f403a_407_i2c.o(i.i2c_ack_enable)
    i.i2c_clock_stretch_enable               0x080028bc   Section        0  at32f403a_407_i2c.o(i.i2c_clock_stretch_enable)
    i.i2c_data_receive                       0x080028ce   Section        0  at32f403a_407_i2c.o(i.i2c_data_receive)
    i.i2c_data_send                          0x080028d6   Section        0  at32f403a_407_i2c.o(i.i2c_data_send)
    i.i2c_dma_enable                         0x080028da   Section        0  at32f403a_407_i2c.o(i.i2c_dma_enable)
    i.i2c_enable                             0x080028e4   Section        0  at32f403a_407_i2c.o(i.i2c_enable)
    i.i2c_flag_clear                         0x080028ee   Section        0  at32f403a_407_i2c.o(i.i2c_flag_clear)
    i.i2c_flag_get                           0x08002916   Section        0  at32f403a_407_i2c.o(i.i2c_flag_get)
    i.i2c_general_call_enable                0x08002946   Section        0  at32f403a_407_i2c.o(i.i2c_general_call_enable)
    i.i2c_init                               0x08002950   Section        0  at32f403a_407_i2c.o(i.i2c_init)
    i.i2c_master_read_addr                   0x08002a60   Section        0  i2c_application.o(i.i2c_master_read_addr)
    i.i2c_master_receive_ack_set             0x08002b2a   Section        0  at32f403a_407_i2c.o(i.i2c_master_receive_ack_set)
    i.i2c_master_write_addr                  0x08002b34   Section        0  i2c_application.o(i.i2c_master_write_addr)
    i.i2c_memory_address_send                0x08002bb0   Section        0  i2c_application.o(i.i2c_memory_address_send)
    i.i2c_memory_read                        0x08002bfc   Section        0  i2c_application.o(i.i2c_memory_read)
    i.i2c_memory_write                       0x08002e0c   Section        0  i2c_application.o(i.i2c_memory_write)
    i.i2c_own_address1_set                   0x08002edc   Section        0  at32f403a_407_i2c.o(i.i2c_own_address1_set)
    i.i2c_start_generate                     0x08002eee   Section        0  at32f403a_407_i2c.o(i.i2c_start_generate)
    i.i2c_stop_generate                      0x08002efc   Section        0  at32f403a_407_i2c.o(i.i2c_stop_generate)
    i.i2c_wait_flag                          0x08002f0c   Section        0  i2c_application.o(i.i2c_wait_flag)
    i.main                                   0x08002fa8   Section        0  main.o(i.main)
    i.mpu6050_capture_data                   0x08003034   Section        0  main.o(i.mpu6050_capture_data)
    i.mpu6050_struct_init                    0x08003118   Section        0  main.o(i.mpu6050_struct_init)
    i.mpu6050_working_before                 0x080031d8   Section        0  main.o(i.mpu6050_working_before)
    i.nvic_irq_enable                        0x08003334   Section        0  at32f403a_407_misc.o(i.nvic_irq_enable)
    i.nvic_priority_group_config             0x080033fc   Section        0  at32f403a_407_misc.o(i.nvic_priority_group_config)
    i.pwc_battery_powered_domain_access      0x08003424   Section        0  at32f403a_407_pwc.o(i.pwc_battery_powered_domain_access)
    i.system_core_clock_update               0x08003438   Section        0  system_at32f403a_407.o(i.system_core_clock_update)
    i.systick_clock_source_config            0x08003534   Section        0  at32f403a_407_misc.o(i.systick_clock_source_config)
    i.systick_interrupt_config               0x0800355c   Section        0  at32f403a_407_wk_config.o(i.systick_interrupt_config)
    i.usart_data_transmit                    0x08003584   Section        0  at32f403a_407_usart.o(i.usart_data_transmit)
    i.usart_enable                           0x0800358c   Section        0  at32f403a_407_usart.o(i.usart_enable)
    i.usart_flag_get                         0x08003596   Section        0  at32f403a_407_usart.o(i.usart_flag_get)
    i.usart_hardware_flow_control_set        0x080035a6   Section        0  at32f403a_407_usart.o(i.usart_hardware_flow_control_set)
    i.usart_init                             0x0800360c   Section        0  at32f403a_407_usart.o(i.usart_init)
    i.usart_interrupt_enable                 0x08003694   Section        0  at32f403a_407_usart.o(i.usart_interrupt_enable)
    i.usart_interrupt_flag_get               0x080036ca   Section        0  at32f403a_407_usart.o(i.usart_interrupt_flag_get)
    i.usart_parity_selection_config          0x0800377a   Section        0  at32f403a_407_usart.o(i.usart_parity_selection_config)
    i.usart_receiver_enable                  0x080037c6   Section        0  at32f403a_407_usart.o(i.usart_receiver_enable)
    i.usart_transmitter_enable               0x080037d0   Section        0  at32f403a_407_usart.o(i.usart_transmitter_enable)
    i.wk_dma1_channel1_init                  0x080037dc   Section        0  at32f403a_407_wk_config.o(i.wk_dma1_channel1_init)
    i.wk_dma1_channel2_init                  0x08003830   Section        0  at32f403a_407_wk_config.o(i.wk_dma1_channel2_init)
    i.wk_dma_channel_config                  0x08003884   Section        0  at32f403a_407_wk_config.o(i.wk_dma_channel_config)
    i.wk_exint_config                        0x0800388c   Section        0  at32f403a_407_wk_config.o(i.wk_exint_config)
    i.wk_i2c1_init                           0x080038f0   Section        0  at32f403a_407_wk_config.o(i.wk_i2c1_init)
    i.wk_nvic_config                         0x08003988   Section        0  at32f403a_407_wk_config.o(i.wk_nvic_config)
    i.wk_periph_clock_config                 0x080039e4   Section        0  at32f403a_407_wk_config.o(i.wk_periph_clock_config)
    i.wk_system_clock_config                 0x08003a34   Section        0  at32f403a_407_wk_config.o(i.wk_system_clock_config)
    i.wk_uart4_init                          0x08003b0c   Section        0  at32f403a_407_wk_config.o(i.wk_uart4_init)
    locale$$code                             0x08003bb8   Section       44  lc_numeric_c.o(locale$$code)
    x$fpl$d2f                                0x08003be4   Section       98  d2f.o(x$fpl$d2f)
    $v0                                      0x08003be4   Number         0  d2f.o(x$fpl$d2f)
    x$fpl$dadd                               0x08003c48   Section      336  daddsub_clz.o(x$fpl$dadd)
    $v0                                      0x08003c48   Number         0  daddsub_clz.o(x$fpl$dadd)
    _dadd1                                   0x08003c59   Thumb Code     0  daddsub_clz.o(x$fpl$dadd)
    x$fpl$ddiv                               0x08003d98   Section      688  ddiv.o(x$fpl$ddiv)
    $v0                                      0x08003d98   Number         0  ddiv.o(x$fpl$ddiv)
    ddiv_entry                               0x08003d9f   Thumb Code     0  ddiv.o(x$fpl$ddiv)
    x$fpl$dflt                               0x08004048   Section       46  dflt_clz.o(x$fpl$dflt)
    $v0                                      0x08004048   Number         0  dflt_clz.o(x$fpl$dflt)
    x$fpl$dnaninf                            0x08004076   Section      156  dnaninf.o(x$fpl$dnaninf)
    $v0                                      0x08004076   Number         0  dnaninf.o(x$fpl$dnaninf)
    x$fpl$dretinf                            0x08004112   Section       12  dretinf.o(x$fpl$dretinf)
    $v0                                      0x08004112   Number         0  dretinf.o(x$fpl$dretinf)
    x$fpl$dsub                               0x08004120   Section      468  daddsub_clz.o(x$fpl$dsub)
    $v0                                      0x08004120   Number         0  daddsub_clz.o(x$fpl$dsub)
    _dsub1                                   0x08004131   Thumb Code     0  daddsub_clz.o(x$fpl$dsub)
    x$fpl$f2d                                0x080042f4   Section       86  f2d.o(x$fpl$f2d)
    $v0                                      0x080042f4   Number         0  f2d.o(x$fpl$f2d)
    x$fpl$fnaninf                            0x0800434a   Section      140  fnaninf.o(x$fpl$fnaninf)
    $v0                                      0x0800434a   Number         0  fnaninf.o(x$fpl$fnaninf)
    x$fpl$fpinit                             0x080043d6   Section       10  fpinit.o(x$fpl$fpinit)
    $v0                                      0x080043d6   Number         0  fpinit.o(x$fpl$fpinit)
    x$fpl$fretinf                            0x080043e0   Section       10  fretinf.o(x$fpl$fretinf)
    $v0                                      0x080043e0   Number         0  fretinf.o(x$fpl$fretinf)
    x$fpl$printf1                            0x080043ea   Section        4  printf1.o(x$fpl$printf1)
    $v0                                      0x080043ea   Number         0  printf1.o(x$fpl$printf1)
    .constdata                               0x080043ee   Section       40  at32f403a_407_crm.o(.constdata)
    x$fpl$usenofp                            0x080043ee   Section        0  usenofp.o(x$fpl$usenofp)
    sclk_ahb_div_table                       0x080043ee   Data          16  at32f403a_407_crm.o(.constdata)
    ahb_apb1_div_table                       0x080043fe   Data           8  at32f403a_407_crm.o(.constdata)
    ahb_apb2_div_table                       0x08004406   Data           8  at32f403a_407_crm.o(.constdata)
    adc_div_table                            0x0800440e   Data           8  at32f403a_407_crm.o(.constdata)
    .constdata                               0x08004416   Section       16  system_at32f403a_407.o(.constdata)
    sys_ahb_div_table                        0x08004416   Data          16  system_at32f403a_407.o(.constdata)
    .constdata                               0x08004426   Section       40  _printf_hex_int.o(.constdata)
    uc_hextab                                0x08004426   Data          20  _printf_hex_int.o(.constdata)
    lc_hextab                                0x0800443a   Data          20  _printf_hex_int.o(.constdata)
    .constdata                               0x08004450   Section      148  bigflt0.o(.constdata)
    tenpwrs_x                                0x08004450   Data          60  bigflt0.o(.constdata)
    tenpwrs_i                                0x0800448c   Data          64  bigflt0.o(.constdata)
    locale$$data                             0x08004504   Section       28  lc_numeric_c.o(locale$$data)
    __lcnum_c_name                           0x08004508   Data           2  lc_numeric_c.o(locale$$data)
    __lcnum_c_start                          0x08004510   Data           0  lc_numeric_c.o(locale$$data)
    __lcnum_c_point                          0x0800451c   Data           0  lc_numeric_c.o(locale$$data)
    __lcnum_c_thousands                      0x0800451e   Data           0  lc_numeric_c.o(locale$$data)
    __lcnum_c_grouping                       0x0800451f   Data           0  lc_numeric_c.o(locale$$data)
    __lcnum_c_end                            0x08004520   Data           0  lc_numeric_c.o(locale$$data)
    .data                                    0x20000000   Section       60  main.o(.data)
    .data                                    0x2000003c   Section        4  at32f403a_407_int.o(.data)
    .data                                    0x20000040   Section        8  delay_one.o(.data)
    fac_us                                   0x20000040   Data           4  delay_one.o(.data)
    fac_ms                                   0x20000044   Data           4  delay_one.o(.data)
    .data                                    0x20000048   Section       33  universal_peripherals.o(.data)
    pressed                                  0x20000068   Data           1  universal_peripherals.o(.data)
    .data                                    0x2000006c   Section        4  system_at32f403a_407.o(.data)
    .bss                                     0x20000070   Section     3136  main.o(.bss)
    .bss                                     0x20000cb0   Section       96  libspace.o(.bss)
    HEAP                                     0x20000d10   Section      512  startup_at32f403a_407.o(HEAP)
    Heap_Mem                                 0x20000d10   Data         512  startup_at32f403a_407.o(HEAP)
    STACK                                    0x20000f10   Section     1024  startup_at32f403a_407.o(STACK)
    Stack_Mem                                0x20000f10   Data        1024  startup_at32f403a_407.o(STACK)
    __initial_sp                             0x20001310   Data           0  startup_at32f403a_407.o(STACK)

    Global Symbols

    Symbol Name                              Value     Ov Type        Size  Object(Section)

    BuildAttributes$$THM_ISAv4$E$P$D$K$B$S$7EM$VFPi3$EXTD16$VFPS$VFMA$PE$A:L22UL41UL21$X:L11$S22US41US21$IEEE1$IW$USESV6$~STKCKD$USESV7$~SHL$OTIME$ROPI$IEEEJ$EBA8$UX$STANDARDLIB$REQ8$PRES8$EABIv2 0x00000000   Number         0  anon$$obj.o ABSOLUTE
    __ARM_use_no_argv                        0x00000000   Number         0  main.o ABSOLUTE
    _printf_flags                            0x00000000   Number         0  printf_stubs.o ABSOLUTE
    _printf_return_value                     0x00000000   Number         0  printf_stubs.o ABSOLUTE
    _printf_sizespec                         0x00000000   Number         0  printf_stubs.o ABSOLUTE
    _printf_widthprec                        0x00000000   Number         0  printf_stubs.o ABSOLUTE
    __ARM_exceptions_init                     - Undefined Weak Reference
    __alloca_initialize                       - Undefined Weak Reference
    __arm_fini_                               - Undefined Weak Reference
    __arm_preinit_                            - Undefined Weak Reference
    __cpp_initialize__aeabi_                  - Undefined Weak Reference
    __cxa_finalize                            - Undefined Weak Reference
    __sigvec_lookup                           - Undefined Weak Reference
    __user_heap_extent                        - Undefined Weak Reference
    _atexit_init                              - Undefined Weak Reference
    _call_atexit_fns                          - Undefined Weak Reference
    _clock_init                               - Undefined Weak Reference
    _fp_trap_init                             - Undefined Weak Reference
    _fp_trap_shutdown                         - Undefined Weak Reference
    _get_lc_collate                           - Undefined Weak Reference
    _get_lc_ctype                             - Undefined Weak Reference
    _get_lc_monetary                          - Undefined Weak Reference
    _get_lc_time                              - Undefined Weak Reference
    _getenv_init                              - Undefined Weak Reference
    _handle_redirection                       - Undefined Weak Reference
    _initio                                   - Undefined Weak Reference
    _mutex_acquire                            - Undefined Weak Reference
    _mutex_free                               - Undefined Weak Reference
    _mutex_release                            - Undefined Weak Reference
    _printf_post_padding                      - Undefined Weak Reference
    _printf_pre_padding                       - Undefined Weak Reference
    _printf_truncate_signed                   - Undefined Weak Reference
    _printf_truncate_unsigned                 - Undefined Weak Reference
    _rand_init                                - Undefined Weak Reference
    _signal_finish                            - Undefined Weak Reference
    _signal_init                              - Undefined Weak Reference
    _terminateio                              - Undefined Weak Reference
    __Vectors_Size                           0x00000184   Number         0  startup_at32f403a_407.o ABSOLUTE
    __Vectors                                0x08000000   Data           4  startup_at32f403a_407.o(RESET)
    __Vectors_End                            0x08000184   Data           0  startup_at32f403a_407.o(RESET)
    __main                                   0x08000185   Thumb Code     8  __main.o(!!!main)
    __scatterload                            0x0800018d   Thumb Code     0  __scatter.o(!!!scatter)
    __scatterload_rt2                        0x0800018d   Thumb Code    44  __scatter.o(!!!scatter)
    __scatterload_rt2_thumb_only             0x0800018d   Thumb Code     0  __scatter.o(!!!scatter)
    __scatterload_null                       0x0800019b   Thumb Code     0  __scatter.o(!!!scatter)
    __scatterload_copy                       0x080001c1   Thumb Code    26  __scatter_copy.o(!!handler_copy)
    __scatterload_zeroinit                   0x080001dd   Thumb Code    28  __scatter_zi.o(!!handler_zi)
    _printf_f                                0x080001f9   Thumb Code     0  _printf_f.o(.ARM.Collect$$_printf_percent$$00000003)
    _printf_percent                          0x080001f9   Thumb Code     0  _printf_percent.o(.ARM.Collect$$_printf_percent$$00000000)
    _printf_d                                0x080001ff   Thumb Code     0  _printf_d.o(.ARM.Collect$$_printf_percent$$00000009)
    _printf_x                                0x08000205   Thumb Code     0  _printf_x.o(.ARM.Collect$$_printf_percent$$0000000C)
    _printf_percent_end                      0x0800020b   Thumb Code     0  _printf_percent_end.o(.ARM.Collect$$_printf_percent$$00000017)
    __rt_lib_init                            0x0800020f   Thumb Code     0  libinit.o(.ARM.Collect$$libinit$$00000000)
    __rt_lib_init_fp_1                       0x08000211   Thumb Code     0  libinit2.o(.ARM.Collect$$libinit$$00000001)
    __rt_lib_init_heap_2                     0x08000215   Thumb Code     0  libinit2.o(.ARM.Collect$$libinit$$00000005)
    __rt_lib_init_preinit_1                  0x08000215   Thumb Code     0  libinit2.o(.ARM.Collect$$libinit$$00000004)
    __rt_lib_init_heap_1                     0x0800021d   Thumb Code     0  libinit2.o(.ARM.Collect$$libinit$$0000000A)
    __rt_lib_init_lc_common                  0x0800021d   Thumb Code     0  libinit2.o(.ARM.Collect$$libinit$$0000000F)
    __rt_lib_init_rand_1                     0x0800021d   Thumb Code     0  libinit2.o(.ARM.Collect$$libinit$$0000000E)
    __rt_lib_init_user_alloc_1               0x0800021d   Thumb Code     0  libinit2.o(.ARM.Collect$$libinit$$0000000C)
    __rt_lib_init_lc_collate_1               0x08000223   Thumb Code     0  libinit2.o(.ARM.Collect$$libinit$$00000011)
    __rt_lib_init_lc_ctype_1                 0x08000223   Thumb Code     0  libinit2.o(.ARM.Collect$$libinit$$00000013)
    __rt_lib_init_lc_monetary_1              0x08000223   Thumb Code     0  libinit2.o(.ARM.Collect$$libinit$$00000015)
    __rt_lib_init_lc_numeric_2               0x08000223   Thumb Code     0  libinit2.o(.ARM.Collect$$libinit$$00000016)
    __rt_lib_init_alloca_1                   0x0800022d   Thumb Code     0  libinit2.o(.ARM.Collect$$libinit$$0000002E)
    __rt_lib_init_argv_1                     0x0800022d   Thumb Code     0  libinit2.o(.ARM.Collect$$libinit$$0000002C)
    __rt_lib_init_atexit_1                   0x0800022d   Thumb Code     0  libinit2.o(.ARM.Collect$$libinit$$0000001B)
    __rt_lib_init_clock_1                    0x0800022d   Thumb Code     0  libinit2.o(.ARM.Collect$$libinit$$00000021)
    __rt_lib_init_cpp_1                      0x0800022d   Thumb Code     0  libinit2.o(.ARM.Collect$$libinit$$00000032)
    __rt_lib_init_exceptions_1               0x0800022d   Thumb Code     0  libinit2.o(.ARM.Collect$$libinit$$00000030)
    __rt_lib_init_fp_trap_1                  0x0800022d   Thumb Code     0  libinit2.o(.ARM.Collect$$libinit$$0000001F)
    __rt_lib_init_getenv_1                   0x0800022d   Thumb Code     0  libinit2.o(.ARM.Collect$$libinit$$00000023)
    __rt_lib_init_lc_numeric_1               0x0800022d   Thumb Code     0  libinit2.o(.ARM.Collect$$libinit$$00000017)
    __rt_lib_init_lc_time_1                  0x0800022d   Thumb Code     0  libinit2.o(.ARM.Collect$$libinit$$00000019)
    __rt_lib_init_return                     0x0800022d   Thumb Code     0  libinit2.o(.ARM.Collect$$libinit$$00000033)
    __rt_lib_init_signal_1                   0x0800022d   Thumb Code     0  libinit2.o(.ARM.Collect$$libinit$$0000001D)
    __rt_lib_init_stdio_1                    0x0800022d   Thumb Code     0  libinit2.o(.ARM.Collect$$libinit$$00000025)
    __rt_lib_shutdown                        0x0800022f   Thumb Code     0  libshutdown.o(.ARM.Collect$$libshutdown$$00000000)
    __rt_lib_shutdown_cpp_1                  0x08000231   Thumb Code     0  libshutdown2.o(.ARM.Collect$$libshutdown$$00000004)
    __rt_lib_shutdown_fini_1                 0x08000231   Thumb Code     0  libshutdown2.o(.ARM.Collect$$libshutdown$$00000002)
    __rt_lib_shutdown_fp_trap_1              0x08000231   Thumb Code     0  libshutdown2.o(.ARM.Collect$$libshutdown$$00000009)
    __rt_lib_shutdown_heap_1                 0x08000231   Thumb Code     0  libshutdown2.o(.ARM.Collect$$libshutdown$$00000011)
    __rt_lib_shutdown_return                 0x08000231   Thumb Code     0  libshutdown2.o(.ARM.Collect$$libshutdown$$00000012)
    __rt_lib_shutdown_signal_1               0x08000231   Thumb Code     0  libshutdown2.o(.ARM.Collect$$libshutdown$$0000000C)
    __rt_lib_shutdown_stdio_1                0x08000231   Thumb Code     0  libshutdown2.o(.ARM.Collect$$libshutdown$$00000006)
    __rt_lib_shutdown_user_alloc_1           0x08000231   Thumb Code     0  libshutdown2.o(.ARM.Collect$$libshutdown$$0000000E)
    __rt_entry                               0x08000233   Thumb Code     0  __rtentry.o(.ARM.Collect$$rtentry$$00000000)
    __rt_entry_presh_1                       0x08000233   Thumb Code     0  __rtentry2.o(.ARM.Collect$$rtentry$$00000002)
    __rt_entry_sh                            0x08000233   Thumb Code     0  __rtentry4.o(.ARM.Collect$$rtentry$$00000004)
    __rt_entry_li                            0x08000239   Thumb Code     0  __rtentry2.o(.ARM.Collect$$rtentry$$0000000A)
    __rt_entry_postsh_1                      0x08000239   Thumb Code     0  __rtentry2.o(.ARM.Collect$$rtentry$$00000009)
    __rt_entry_main                          0x0800023d   Thumb Code     0  __rtentry2.o(.ARM.Collect$$rtentry$$0000000D)
    __rt_entry_postli_1                      0x0800023d   Thumb Code     0  __rtentry2.o(.ARM.Collect$$rtentry$$0000000C)
    __rt_exit                                0x08000245   Thumb Code     0  rtexit.o(.ARM.Collect$$rtexit$$00000000)
    __rt_exit_ls                             0x08000247   Thumb Code     0  rtexit2.o(.ARM.Collect$$rtexit$$00000003)
    __rt_exit_prels_1                        0x08000247   Thumb Code     0  rtexit2.o(.ARM.Collect$$rtexit$$00000002)
    __rt_exit_exit                           0x0800024b   Thumb Code     0  rtexit2.o(.ARM.Collect$$rtexit$$00000004)
    Reset_Handler                            0x08000251   Thumb Code     8  startup_at32f403a_407.o(.text)
    _maybe_terminate_alloc                   0x08000251   Thumb Code     0  maybetermalloc1.o(.emb_text)
    ACC_IRQHandler                           0x0800026b   Thumb Code     0  startup_at32f403a_407.o(.text)
    ADC1_2_IRQHandler                        0x0800026b   Thumb Code     0  startup_at32f403a_407.o(.text)
    ADC3_IRQHandler                          0x0800026b   Thumb Code     0  startup_at32f403a_407.o(.text)
    CAN1_RX1_IRQHandler                      0x0800026b   Thumb Code     0  startup_at32f403a_407.o(.text)
    CAN1_SE_IRQHandler                       0x0800026b   Thumb Code     0  startup_at32f403a_407.o(.text)
    CAN2_RX0_IRQHandler                      0x0800026b   Thumb Code     0  startup_at32f403a_407.o(.text)
    CAN2_RX1_IRQHandler                      0x0800026b   Thumb Code     0  startup_at32f403a_407.o(.text)
    CAN2_SE_IRQHandler                       0x0800026b   Thumb Code     0  startup_at32f403a_407.o(.text)
    CAN2_TX_IRQHandler                       0x0800026b   Thumb Code     0  startup_at32f403a_407.o(.text)
    DMA1_Channel3_IRQHandler                 0x0800026b   Thumb Code     0  startup_at32f403a_407.o(.text)
    DMA1_Channel4_IRQHandler                 0x0800026b   Thumb Code     0  startup_at32f403a_407.o(.text)
    DMA1_Channel5_IRQHandler                 0x0800026b   Thumb Code     0  startup_at32f403a_407.o(.text)
    DMA1_Channel6_IRQHandler                 0x0800026b   Thumb Code     0  startup_at32f403a_407.o(.text)
    DMA1_Channel7_IRQHandler                 0x0800026b   Thumb Code     0  startup_at32f403a_407.o(.text)
    DMA2_Channel1_IRQHandler                 0x0800026b   Thumb Code     0  startup_at32f403a_407.o(.text)
    DMA2_Channel2_IRQHandler                 0x0800026b   Thumb Code     0  startup_at32f403a_407.o(.text)
    DMA2_Channel3_IRQHandler                 0x0800026b   Thumb Code     0  startup_at32f403a_407.o(.text)
    DMA2_Channel4_5_IRQHandler               0x0800026b   Thumb Code     0  startup_at32f403a_407.o(.text)
    DMA2_Channel6_7_IRQHandler               0x0800026b   Thumb Code     0  startup_at32f403a_407.o(.text)
    EMAC_IRQHandler                          0x0800026b   Thumb Code     0  startup_at32f403a_407.o(.text)
    EMAC_WKUP_IRQHandler                     0x0800026b   Thumb Code     0  startup_at32f403a_407.o(.text)
    EXINT15_10_IRQHandler                    0x0800026b   Thumb Code     0  startup_at32f403a_407.o(.text)
    EXINT1_IRQHandler                        0x0800026b   Thumb Code     0  startup_at32f403a_407.o(.text)
    EXINT2_IRQHandler                        0x0800026b   Thumb Code     0  startup_at32f403a_407.o(.text)
    EXINT3_IRQHandler                        0x0800026b   Thumb Code     0  startup_at32f403a_407.o(.text)
    EXINT4_IRQHandler                        0x0800026b   Thumb Code     0  startup_at32f403a_407.o(.text)
    EXINT9_5_IRQHandler                      0x0800026b   Thumb Code     0  startup_at32f403a_407.o(.text)
    FLASH_IRQHandler                         0x0800026b   Thumb Code     0  startup_at32f403a_407.o(.text)
    I2C2_ERR_IRQHandler                      0x0800026b   Thumb Code     0  startup_at32f403a_407.o(.text)
    I2C2_EVT_IRQHandler                      0x0800026b   Thumb Code     0  startup_at32f403a_407.o(.text)
    I2C3_ERR_IRQHandler                      0x0800026b   Thumb Code     0  startup_at32f403a_407.o(.text)
    I2C3_EVT_IRQHandler                      0x0800026b   Thumb Code     0  startup_at32f403a_407.o(.text)
    PVM_IRQHandler                           0x0800026b   Thumb Code     0  startup_at32f403a_407.o(.text)
    RTCAlarm_IRQHandler                      0x0800026b   Thumb Code     0  startup_at32f403a_407.o(.text)
    RTC_IRQHandler                           0x0800026b   Thumb Code     0  startup_at32f403a_407.o(.text)
    SDIO1_IRQHandler                         0x0800026b   Thumb Code     0  startup_at32f403a_407.o(.text)
    SDIO2_IRQHandler                         0x0800026b   Thumb Code     0  startup_at32f403a_407.o(.text)
    SPI1_IRQHandler                          0x0800026b   Thumb Code     0  startup_at32f403a_407.o(.text)
    SPI2_I2S2EXT_IRQHandler                  0x0800026b   Thumb Code     0  startup_at32f403a_407.o(.text)
    SPI3_I2S3EXT_IRQHandler                  0x0800026b   Thumb Code     0  startup_at32f403a_407.o(.text)
    SPI4_IRQHandler                          0x0800026b   Thumb Code     0  startup_at32f403a_407.o(.text)
    TAMPER_IRQHandler                        0x0800026b   Thumb Code     0  startup_at32f403a_407.o(.text)
    TMR1_BRK_TMR9_IRQHandler                 0x0800026b   Thumb Code     0  startup_at32f403a_407.o(.text)
    TMR1_CH_IRQHandler                       0x0800026b   Thumb Code     0  startup_at32f403a_407.o(.text)
    TMR1_OVF_TMR10_IRQHandler                0x0800026b   Thumb Code     0  startup_at32f403a_407.o(.text)
    TMR1_TRG_HALL_TMR11_IRQHandler           0x0800026b   Thumb Code     0  startup_at32f403a_407.o(.text)
    TMR2_GLOBAL_IRQHandler                   0x0800026b   Thumb Code     0  startup_at32f403a_407.o(.text)
    TMR3_GLOBAL_IRQHandler                   0x0800026b   Thumb Code     0  startup_at32f403a_407.o(.text)
    TMR4_GLOBAL_IRQHandler                   0x0800026b   Thumb Code     0  startup_at32f403a_407.o(.text)
    TMR5_GLOBAL_IRQHandler                   0x0800026b   Thumb Code     0  startup_at32f403a_407.o(.text)
    TMR6_GLOBAL_IRQHandler                   0x0800026b   Thumb Code     0  startup_at32f403a_407.o(.text)
    TMR7_GLOBAL_IRQHandler                   0x0800026b   Thumb Code     0  startup_at32f403a_407.o(.text)
    TMR8_BRK_TMR12_IRQHandler                0x0800026b   Thumb Code     0  startup_at32f403a_407.o(.text)
    TMR8_CH_IRQHandler                       0x0800026b   Thumb Code     0  startup_at32f403a_407.o(.text)
    TMR8_OVF_TMR13_IRQHandler                0x0800026b   Thumb Code     0  startup_at32f403a_407.o(.text)
    TMR8_TRG_HALL_TMR14_IRQHandler           0x0800026b   Thumb Code     0  startup_at32f403a_407.o(.text)
    UART5_IRQHandler                         0x0800026b   Thumb Code     0  startup_at32f403a_407.o(.text)
    UART7_IRQHandler                         0x0800026b   Thumb Code     0  startup_at32f403a_407.o(.text)
    UART8_IRQHandler                         0x0800026b   Thumb Code     0  startup_at32f403a_407.o(.text)
    USART1_IRQHandler                        0x0800026b   Thumb Code     0  startup_at32f403a_407.o(.text)
    USART2_IRQHandler                        0x0800026b   Thumb Code     0  startup_at32f403a_407.o(.text)
    USART3_IRQHandler                        0x0800026b   Thumb Code     0  startup_at32f403a_407.o(.text)
    USART6_IRQHandler                        0x0800026b   Thumb Code     0  startup_at32f403a_407.o(.text)
    USBFSWakeUp_IRQHandler                   0x0800026b   Thumb Code     0  startup_at32f403a_407.o(.text)
    USBFS_H_CAN1_TX_IRQHandler               0x0800026b   Thumb Code     0  startup_at32f403a_407.o(.text)
    USBFS_L_CAN1_RX0_IRQHandler              0x0800026b   Thumb Code     0  startup_at32f403a_407.o(.text)
    USBFS_MAPH_IRQHandler                    0x0800026b   Thumb Code     0  startup_at32f403a_407.o(.text)
    USBFS_MAPL_IRQHandler                    0x0800026b   Thumb Code     0  startup_at32f403a_407.o(.text)
    WWDT_IRQHandler                          0x0800026b   Thumb Code     0  startup_at32f403a_407.o(.text)
    XMC_IRQHandler                           0x0800026b   Thumb Code     0  startup_at32f403a_407.o(.text)
    __user_initial_stackheap                 0x0800026d   Thumb Code     0  startup_at32f403a_407.o(.text)
    __use_no_semihosting                     0x08000291   Thumb Code     2  use_no_semi_2.o(.text)
    malloc                                   0x08000293   Thumb Code    94  h1_alloc.o(.text)
    free                                     0x080002f1   Thumb Code    78  h1_free.o(.text)
    __2printf                                0x08000341   Thumb Code    20  noretval__2printf.o(.text)
    _printf_int_dec                          0x08000359   Thumb Code   104  _printf_dec.o(.text)
    _printf_int_hex                          0x080003d1   Thumb Code    84  _printf_hex_int.o(.text)
    _printf_longlong_hex                     0x080003d1   Thumb Code     0  _printf_hex_int.o(.text)
    __printf                                 0x08000429   Thumb Code   270  __printf_wp.o(.text)
    __use_two_region_memory                  0x08000537   Thumb Code     2  heapauxi.o(.text)
    __rt_heap_escrow                         0x08000539   Thumb Code     2  heapauxi.o(.text)
    __rt_heap_expand                         0x0800053b   Thumb Code     2  heapauxi.o(.text)
    __I$use$semihosting                      0x0800053d   Thumb Code     0  use_no_semi.o(.text)
    __use_no_semihosting_swi                 0x0800053d   Thumb Code     2  use_no_semi.o(.text)
    __rt_heap_descriptor                     0x08000541   Thumb Code     8  rt_heap_descriptor_intlibspace.o(.text)
    __use_no_heap                            0x08000549   Thumb Code     2  hguard.o(.text)
    __heap$guard                             0x0800054b   Thumb Code     2  hguard.o(.text)
    _terminate_user_alloc                    0x0800054d   Thumb Code     2  init_alloc.o(.text)
    _init_user_alloc                         0x0800054f   Thumb Code     2  init_alloc.o(.text)
    __Heap_Full                              0x08000551   Thumb Code    34  init_alloc.o(.text)
    __Heap_Broken                            0x08000573   Thumb Code     6  init_alloc.o(.text)
    _init_alloc                              0x08000579   Thumb Code    94  init_alloc.o(.text)
    __Heap_Initialize                        0x080005d7   Thumb Code    10  h1_init.o(.text)
    __Heap_DescSize                          0x080005e1   Thumb Code     4  h1_init.o(.text)
    _printf_int_common                       0x080005e5   Thumb Code   178  _printf_intcommon.o(.text)
    __lib_sel_fp_printf                      0x08000697   Thumb Code     2  _printf_fp_dec.o(.text)
    _printf_fp_dec_real                      0x08000849   Thumb Code   620  _printf_fp_dec.o(.text)
    _printf_char_file                        0x08000ab5   Thumb Code    32  _printf_char_file.o(.text)
    __user_libspace                          0x08000ad9   Thumb Code     8  libspace.o(.text)
    __user_perproc_libspace                  0x08000ad9   Thumb Code     0  libspace.o(.text)
    __user_perthread_libspace                0x08000ad9   Thumb Code     0  libspace.o(.text)
    __rt_locale                              0x08000ae1   Thumb Code     8  rt_locale_intlibspace.o(.text)
    __Heap_ProvideMemory                     0x08000ae9   Thumb Code    52  h1_extend.o(.text)
    _ll_udiv10                               0x08000b1d   Thumb Code   138  lludiv10.o(.text)
    _printf_char_common                      0x08000bb3   Thumb Code    32  _printf_char_common.o(.text)
    _printf_fp_infnan                        0x08000bd9   Thumb Code   112  _printf_fp_infnan.o(.text)
    _btod_etento                             0x08000c59   Thumb Code   224  bigflt0.o(.text)
    ferror                                   0x08000d3d   Thumb Code     8  ferror.o(.text)
    __rt_SIGRTMEM                            0x08000d45   Thumb Code    14  defsig_rtmem_outer.o(.text)
    __user_setup_stackheap                   0x08000d53   Thumb Code    74  sys_stackheap_outer.o(.text)
    exit                                     0x08000d9d   Thumb Code    18  exit.o(.text)
    __sig_exit                               0x08000daf   Thumb Code    10  defsig_exit.o(.text)
    __rt_SIGRTMEM_inner                      0x08000db9   Thumb Code    22  defsig_rtmem_inner.o(.text)
    strcmp                                   0x08000e09   Thumb Code   128  strcmpv7m.o(.text)
    __default_signal_display                 0x08000e89   Thumb Code    50  defsig_general.o(.text)
    _btod_d2e                                0x08000ebb   Thumb Code    62  btod.o(CL$$btod_d2e)
    _d2e_denorm_low                          0x08000ef9   Thumb Code    70  btod.o(CL$$btod_d2e_denorm_low)
    _d2e_norm_op1                            0x08000f3f   Thumb Code    96  btod.o(CL$$btod_d2e_norm_op1)
    __btod_div_common                        0x08000f9f   Thumb Code   696  btod.o(CL$$btod_div_common)
    _e2e                                     0x080012d7   Thumb Code   220  btod.o(CL$$btod_e2e)
    _btod_ediv                               0x080013b3   Thumb Code    42  btod.o(CL$$btod_ediv)
    _btod_emul                               0x080013dd   Thumb Code    42  btod.o(CL$$btod_emul)
    __btod_mult_common                       0x08001407   Thumb Code   580  btod.o(CL$$btod_mult_common)
    BusFault_Handler                         0x0800164b   Thumb Code     4  at32f403a_407_int.o(i.BusFault_Handler)
    CRM_IRQHandler                           0x0800164f   Thumb Code     2  at32f403a_407_int.o(i.CRM_IRQHandler)
    DMA1_Channel1_IRQHandler                 0x08001651   Thumb Code     2  at32f403a_407_int.o(i.DMA1_Channel1_IRQHandler)
    DMA1_Channel2_IRQHandler                 0x08001653   Thumb Code     2  at32f403a_407_int.o(i.DMA1_Channel2_IRQHandler)
    DebugMon_Handler                         0x08001655   Thumb Code     2  at32f403a_407_int.o(i.DebugMon_Handler)
    EXINT0_IRQHandler                        0x08001659   Thumb Code    60  at32f403a_407_int.o(i.EXINT0_IRQHandler)
    HardFault_Handler                        0x08001699   Thumb Code     4  at32f403a_407_int.o(i.HardFault_Handler)
    I2C1_ERR_IRQHandler                      0x0800169d   Thumb Code     2  at32f403a_407_int.o(i.I2C1_ERR_IRQHandler)
    I2C1_EVT_IRQHandler                      0x0800169f   Thumb Code     2  at32f403a_407_int.o(i.I2C1_EVT_IRQHandler)
    Led_and_Button_init                      0x080016a1   Thumb Code    44  universal_peripherals.o(i.Led_and_Button_init)
    MPU6050_Byte_to_HalfWord                 0x080016cd   Thumb Code    10  mpu6050.o(i.MPU6050_Byte_to_HalfWord)
    MPU6050_GetACCEL                         0x080016d7   Thumb Code   122  mpu6050.o(i.MPU6050_GetACCEL)
    MPU6050_GetAccel_Value                   0x08001751   Thumb Code   476  mpu6050.o(i.MPU6050_GetAccel_Value)
    MPU6050_GetGYRO                          0x0800194d   Thumb Code   122  mpu6050.o(i.MPU6050_GetGYRO)
    MPU6050_GetGyro_Value                    0x080019c9   Thumb Code   476  mpu6050.o(i.MPU6050_GetGyro_Value)
    MPU6050_GetID                            0x08001bc5   Thumb Code    38  mpu6050.o(i.MPU6050_GetID)
    MPU6050_GetTemp                          0x08001beb   Thumb Code    46  mpu6050.o(i.MPU6050_GetTemp)
    MPU6050_GetTemp_Value                    0x08001c19   Thumb Code    82  mpu6050.o(i.MPU6050_GetTemp_Value)
    MPU6050_Init                             0x08001c7d   Thumb Code    68  mpu6050.o(i.MPU6050_Init)
    MPU6050_ReadReg                          0x08001cc5   Thumb Code    48  mpu6050.o(i.MPU6050_ReadReg)
    MPU6050_SetAccelFS                       0x08001cf5   Thumb Code    58  mpu6050.o(i.MPU6050_SetAccelFS)
    MPU6050_SetGyroFS                        0x08001d2f   Thumb Code    58  mpu6050.o(i.MPU6050_SetGyroFS)
    MPU6050_SetLPF                           0x08001d69   Thumb Code    74  mpu6050.o(i.MPU6050_SetLPF)
    MPU6050_SetSampleRate                    0x08001db3   Thumb Code    74  mpu6050.o(i.MPU6050_SetSampleRate)
    MPU6050_WriteReg                         0x08001dfd   Thumb Code    44  mpu6050.o(i.MPU6050_WriteReg)
    MemManage_Handler                        0x08001e29   Thumb Code     4  at32f403a_407_int.o(i.MemManage_Handler)
    NMI_Handler                              0x08001e2d   Thumb Code     2  at32f403a_407_int.o(i.NMI_Handler)
    PendSV_Handler                           0x08001e2f   Thumb Code     2  at32f403a_407_int.o(i.PendSV_Handler)
    SVC_Handler                              0x08001e31   Thumb Code     2  at32f403a_407_int.o(i.SVC_Handler)
    SysTick_Handler                          0x08001e33   Thumb Code     2  at32f403a_407_int.o(i.SysTick_Handler)
    SystemInit                               0x08001e35   Thumb Code   100  system_at32f403a_407.o(i.SystemInit)
    UART4_IRQHandler                         0x08001ea5   Thumb Code    78  at32f403a_407_int.o(i.UART4_IRQHandler)
    UsageFault_Handler                       0x08001efd   Thumb Code     4  at32f403a_407_int.o(i.UsageFault_Handler)
    __ARM_fpclassify                         0x08001f01   Thumb Code    48  fpclassify.o(i.__ARM_fpclassify)
    _is_digit                                0x08001f31   Thumb Code    14  __printf_wp.o(i._is_digit)
    _sys_exit                                0x08001f3f   Thumb Code     4  main.o(i._sys_exit)
    _ttywrch                                 0x08001f43   Thumb Code     4  main.o(i._ttywrch)
    at32_button_init                         0x08001f49   Thumb Code    52  universal_peripherals.o(i.at32_button_init)
    at32_led_init                            0x08001f85   Thumb Code    68  universal_peripherals.o(i.at32_led_init)
    at32_led_off                             0x08001fd5   Thumb Code    32  universal_peripherals.o(i.at32_led_off)
    at32_led_toggle                          0x08001ffd   Thumb Code    42  universal_peripherals.o(i.at32_led_toggle)
    crm_ahb_div_set                          0x08002031   Thumb Code    14  at32f403a_407_crm.o(i.crm_ahb_div_set)
    crm_apb1_div_set                         0x08002045   Thumb Code    14  at32f403a_407_crm.o(i.crm_apb1_div_set)
    crm_apb2_div_set                         0x08002059   Thumb Code    14  at32f403a_407_crm.o(i.crm_apb2_div_set)
    crm_auto_step_mode_enable                0x0800206d   Thumb Code    34  at32f403a_407_crm.o(i.crm_auto_step_mode_enable)
    crm_clock_source_enable                  0x08002095   Thumb Code    90  at32f403a_407_crm.o(i.crm_clock_source_enable)
    crm_clocks_freq_get                      0x080020f5   Thumb Code   268  at32f403a_407_crm.o(i.crm_clocks_freq_get)
    crm_flag_get                             0x08002225   Thumb Code    42  at32f403a_407_crm.o(i.crm_flag_get)
    crm_hext_stable_wait                     0x08002255   Thumb Code    46  at32f403a_407_crm.o(i.crm_hext_stable_wait)
    crm_periph_clock_enable                  0x08002285   Thumb Code    62  at32f403a_407_crm.o(i.crm_periph_clock_enable)
    crm_pll_config                           0x080022c9   Thumb Code   118  at32f403a_407_crm.o(i.crm_pll_config)
    crm_reset                                0x08002345   Thumb Code    80  at32f403a_407_crm.o(i.crm_reset)
    crm_sysclk_switch                        0x0800239d   Thumb Code    54  at32f403a_407_crm.o(i.crm_sysclk_switch)
    crm_sysclk_switch_status_get             0x080023d9   Thumb Code    10  at32f403a_407_crm.o(i.crm_sysclk_switch_status_get)
    delay_init                               0x080023e9   Thumb Code    38  delay_one.o(i.delay_init)
    delay_ms                                 0x08002421   Thumb Code   110  delay_one.o(i.delay_ms)
    dma_channel_enable                       0x08002495   Thumb Code    10  at32f403a_407_dma.o(i.dma_channel_enable)
    dma_default_para_init                    0x0800249f   Thumb Code    24  at32f403a_407_dma.o(i.dma_default_para_init)
    dma_flexible_config                      0x080024b7   Thumb Code   152  at32f403a_407_dma.o(i.dma_flexible_config)
    dma_init                                 0x0800254f   Thumb Code    92  at32f403a_407_dma.o(i.dma_init)
    dma_reset                                0x080025ad   Thumb Code   102  at32f403a_407_dma.o(i.dma_reset)
    exint_default_para_init                  0x0800261d   Thumb Code    14  at32f403a_407_exint.o(i.exint_default_para_init)
    exint_flag_clear                         0x0800262d   Thumb Code    28  at32f403a_407_exint.o(i.exint_flag_clear)
    exint_init                               0x0800264d   Thumb Code   148  at32f403a_407_exint.o(i.exint_init)
    exint_interrupt_flag_get                 0x080026e5   Thumb Code    32  at32f403a_407_exint.o(i.exint_interrupt_flag_get)
    fputc                                    0x08002709   Thumb Code    46  main.o(i.fputc)
    gpio_default_para_init                   0x0800273d   Thumb Code    22  at32f403a_407_gpio.o(i.gpio_default_para_init)
    gpio_exint_line_config                   0x08002755   Thumb Code   158  at32f403a_407_gpio.o(i.gpio_exint_line_config)
    gpio_init                                0x080027f9   Thumb Code   168  at32f403a_407_gpio.o(i.gpio_init)
    i2c_7bit_address_send                    0x080028a1   Thumb Code    18  at32f403a_407_i2c.o(i.i2c_7bit_address_send)
    i2c_ack_enable                           0x080028b3   Thumb Code    10  at32f403a_407_i2c.o(i.i2c_ack_enable)
    i2c_clock_stretch_enable                 0x080028bd   Thumb Code    18  at32f403a_407_i2c.o(i.i2c_clock_stretch_enable)
    i2c_data_receive                         0x080028cf   Thumb Code     8  at32f403a_407_i2c.o(i.i2c_data_receive)
    i2c_data_send                            0x080028d7   Thumb Code     4  at32f403a_407_i2c.o(i.i2c_data_send)
    i2c_dma_enable                           0x080028db   Thumb Code    10  at32f403a_407_i2c.o(i.i2c_dma_enable)
    i2c_enable                               0x080028e5   Thumb Code    10  at32f403a_407_i2c.o(i.i2c_enable)
    i2c_flag_clear                           0x080028ef   Thumb Code    40  at32f403a_407_i2c.o(i.i2c_flag_clear)
    i2c_flag_get                             0x08002917   Thumb Code    48  at32f403a_407_i2c.o(i.i2c_flag_get)
    i2c_general_call_enable                  0x08002947   Thumb Code    10  at32f403a_407_i2c.o(i.i2c_general_call_enable)
    i2c_init                                 0x08002951   Thumb Code   252  at32f403a_407_i2c.o(i.i2c_init)
    i2c_master_read_addr                     0x08002a61   Thumb Code   202  i2c_application.o(i.i2c_master_read_addr)
    i2c_master_receive_ack_set               0x08002b2b   Thumb Code    10  at32f403a_407_i2c.o(i.i2c_master_receive_ack_set)
    i2c_master_write_addr                    0x08002b35   Thumb Code   124  i2c_application.o(i.i2c_master_write_addr)
    i2c_memory_address_send                  0x08002bb1   Thumb Code    74  i2c_application.o(i.i2c_memory_address_send)
    i2c_memory_read                          0x08002bfd   Thumb Code   522  i2c_application.o(i.i2c_memory_read)
    i2c_memory_write                         0x08002e0d   Thumb Code   204  i2c_application.o(i.i2c_memory_write)
    i2c_own_address1_set                     0x08002edd   Thumb Code    18  at32f403a_407_i2c.o(i.i2c_own_address1_set)
    i2c_start_generate                       0x08002eef   Thumb Code    14  at32f403a_407_i2c.o(i.i2c_start_generate)
    i2c_stop_generate                        0x08002efd   Thumb Code    14  at32f403a_407_i2c.o(i.i2c_stop_generate)
    i2c_wait_flag                            0x08002f0d   Thumb Code   152  i2c_application.o(i.i2c_wait_flag)
    main                                     0x08002fa9   Thumb Code   126  main.o(i.main)
    mpu6050_capture_data                     0x08003035   Thumb Code   154  main.o(i.mpu6050_capture_data)
    mpu6050_struct_init                      0x08003119   Thumb Code   120  main.o(i.mpu6050_struct_init)
    mpu6050_working_before                   0x080031d9   Thumb Code   180  main.o(i.mpu6050_working_before)
    nvic_irq_enable                          0x08003335   Thumb Code   190  at32f403a_407_misc.o(i.nvic_irq_enable)
    nvic_priority_group_config               0x080033fd   Thumb Code    32  at32f403a_407_misc.o(i.nvic_priority_group_config)
    pwc_battery_powered_domain_access        0x08003425   Thumb Code    14  at32f403a_407_pwc.o(i.pwc_battery_powered_domain_access)
    system_core_clock_update                 0x08003439   Thumb Code   222  system_at32f403a_407.o(i.system_core_clock_update)
    systick_clock_source_config              0x08003535   Thumb Code    40  at32f403a_407_misc.o(i.systick_clock_source_config)
    systick_interrupt_config                 0x0800355d   Thumb Code    40  at32f403a_407_wk_config.o(i.systick_interrupt_config)
    usart_data_transmit                      0x08003585   Thumb Code     8  at32f403a_407_usart.o(i.usart_data_transmit)
    usart_enable                             0x0800358d   Thumb Code    10  at32f403a_407_usart.o(i.usart_enable)
    usart_flag_get                           0x08003597   Thumb Code    16  at32f403a_407_usart.o(i.usart_flag_get)
    usart_hardware_flow_control_set          0x080035a7   Thumb Code   102  at32f403a_407_usart.o(i.usart_hardware_flow_control_set)
    usart_init                               0x0800360d   Thumb Code   120  at32f403a_407_usart.o(i.usart_init)
    usart_interrupt_enable                   0x08003695   Thumb Code    54  at32f403a_407_usart.o(i.usart_interrupt_enable)
    usart_interrupt_flag_get                 0x080036cb   Thumb Code   176  at32f403a_407_usart.o(i.usart_interrupt_flag_get)
    usart_parity_selection_config            0x0800377b   Thumb Code    76  at32f403a_407_usart.o(i.usart_parity_selection_config)
    usart_receiver_enable                    0x080037c7   Thumb Code    10  at32f403a_407_usart.o(i.usart_receiver_enable)
    usart_transmitter_enable                 0x080037d1   Thumb Code    10  at32f403a_407_usart.o(i.usart_transmitter_enable)
    wk_dma1_channel1_init                    0x080037dd   Thumb Code    78  at32f403a_407_wk_config.o(i.wk_dma1_channel1_init)
    wk_dma1_channel2_init                    0x08003831   Thumb Code    80  at32f403a_407_wk_config.o(i.wk_dma1_channel2_init)
    wk_dma_channel_config                    0x08003885   Thumb Code     8  at32f403a_407_wk_config.o(i.wk_dma_channel_config)
    wk_exint_config                          0x0800388d   Thumb Code    96  at32f403a_407_wk_config.o(i.wk_exint_config)
    wk_i2c1_init                             0x080038f1   Thumb Code   138  at32f403a_407_wk_config.o(i.wk_i2c1_init)
    wk_nvic_config                           0x08003989   Thumb Code    90  at32f403a_407_wk_config.o(i.wk_nvic_config)
    wk_periph_clock_config                   0x080039e5   Thumb Code    70  at32f403a_407_wk_config.o(i.wk_periph_clock_config)
    wk_system_clock_config                   0x08003a35   Thumb Code   206  at32f403a_407_wk_config.o(i.wk_system_clock_config)
    wk_uart4_init                            0x08003b0d   Thumb Code   158  at32f403a_407_wk_config.o(i.wk_uart4_init)
    _get_lc_numeric                          0x08003bb9   Thumb Code    44  lc_numeric_c.o(locale$$code)
    __aeabi_d2f                              0x08003be5   Thumb Code     0  d2f.o(x$fpl$d2f)
    _d2f                                     0x08003be5   Thumb Code    98  d2f.o(x$fpl$d2f)
    __aeabi_dadd                             0x08003c49   Thumb Code     0  daddsub_clz.o(x$fpl$dadd)
    _dadd                                    0x08003c49   Thumb Code   332  daddsub_clz.o(x$fpl$dadd)
    __aeabi_ddiv                             0x08003d99   Thumb Code     0  ddiv.o(x$fpl$ddiv)
    _ddiv                                    0x08003d99   Thumb Code   552  ddiv.o(x$fpl$ddiv)
    __aeabi_i2d                              0x08004049   Thumb Code     0  dflt_clz.o(x$fpl$dflt)
    _dflt                                    0x08004049   Thumb Code    46  dflt_clz.o(x$fpl$dflt)
    __fpl_dnaninf                            0x08004077   Thumb Code   156  dnaninf.o(x$fpl$dnaninf)
    __fpl_dretinf                            0x08004113   Thumb Code    12  dretinf.o(x$fpl$dretinf)
    __aeabi_dsub                             0x08004121   Thumb Code     0  daddsub_clz.o(x$fpl$dsub)
    _dsub                                    0x08004121   Thumb Code   464  daddsub_clz.o(x$fpl$dsub)
    __aeabi_f2d                              0x080042f5   Thumb Code     0  f2d.o(x$fpl$f2d)
    _f2d                                     0x080042f5   Thumb Code    86  f2d.o(x$fpl$f2d)
    __fpl_fnaninf                            0x0800434b   Thumb Code   140  fnaninf.o(x$fpl$fnaninf)
    _fp_init                                 0x080043d7   Thumb Code    10  fpinit.o(x$fpl$fpinit)
    __fplib_config_fpu_vfp                   0x080043df   Thumb Code     0  fpinit.o(x$fpl$fpinit)
    __fplib_config_pureend_doubles           0x080043df   Thumb Code     0  fpinit.o(x$fpl$fpinit)
    __fpl_fretinf                            0x080043e1   Thumb Code    10  fretinf.o(x$fpl$fretinf)
    _printf_fp_dec                           0x080043eb   Thumb Code     4  printf1.o(x$fpl$printf1)
    __I$use$fp                               0x080043ee   Number         0  usenofp.o(x$fpl$usenofp)
    Region$$Table$$Base                      0x080044e4   Number         0  anon$$obj.o(Region$$Table)
    Region$$Table$$Limit                     0x08004504   Number         0  anon$$obj.o(Region$$Table)
    mpu6050_id                               0x20000000   Data           1  main.o(.data)
    mpu6050_temp_value                       0x20000004   Data           4  main.o(.data)
    uart4_tx_buffer                          0x20000008   Data          38  main.o(.data)
    uart4_tx_dma_status                      0x2000002e   Data           1  main.o(.data)
    uart4_rx_dma_status                      0x2000002f   Data           1  main.o(.data)
    recv_end_flag_uart4                      0x20000030   Data           1  main.o(.data)
    Rx_len_uart4                             0x20000031   Data           1  main.o(.data)
    mpu6050                                  0x20000034   Data           4  main.o(.data)
    __stdout                                 0x20000038   Data           4  main.o(.data)
    mpu6050_t                                0x2000003c   Data           4  at32f403a_407_int.o(.data)
    led_gpio_port                            0x20000048   Data          12  universal_peripherals.o(.data)
    led_gpio_pin                             0x20000054   Data           6  universal_peripherals.o(.data)
    led_gpio_crm_clk                         0x2000005c   Data          12  universal_peripherals.o(.data)
    system_core_clock                        0x2000006c   Data           4  system_at32f403a_407.o(.data)
    mpu6050_accel_value                      0x20000070   Data          12  main.o(.bss)
    mpu6050_gyro_value                       0x2000007c   Data          12  main.o(.bss)
    Muartnum                                 0x20000088   Data        2051  main.o(.bss)
    uart4_rx_buffer                          0x2000088b   Data          37  main.o(.bss)
    ReceiveBuff_uart4                        0x200008b0   Data        1024  main.o(.bss)
    __libspace_start                         0x20000cb0   Data          96  libspace.o(.bss)
    __temporary_stack_top$libspace           0x20000d10   Data           0  libspace.o(.bss)



==============================================================================

Memory Map of the image

  Image Entry point : 0x08000185

  Load Region LR_IROM1 (Base: 0x08000000, Size: 0x00004590, Max: 0x00100000, ABSOLUTE)

    Execution Region ER_IROM1 (Exec base: 0x08000000, Load base: 0x08000000, Size: 0x00004520, Max: 0x00100000, ABSOLUTE)

    Exec Addr    Load Addr    Size         Type   Attr      Idx    E Section Name        Object

    0x08000000   0x08000000   0x00000184   Data   RO         2201    RESET               startup_at32f403a_407.o
    0x08000184   0x08000184   0x00000008   Code   RO         2364  * !!!main             c_w.l(__main.o)
    0x0800018c   0x0800018c   0x00000034   Code   RO         2654    !!!scatter          c_w.l(__scatter.o)
    0x080001c0   0x080001c0   0x0000001a   Code   RO         2656    !!handler_copy      c_w.l(__scatter_copy.o)
    0x080001da   0x080001da   0x00000002   PAD
    0x080001dc   0x080001dc   0x0000001c   Code   RO         2658    !!handler_zi        c_w.l(__scatter_zi.o)
    0x080001f8   0x080001f8   0x00000000   Code   RO         2361    .ARM.Collect$$_printf_percent$$00000000  c_w.l(_printf_percent.o)
    0x080001f8   0x080001f8   0x00000006   Code   RO         2360    .ARM.Collect$$_printf_percent$$00000003  c_w.l(_printf_f.o)
    0x080001fe   0x080001fe   0x00000006   Code   RO         2359    .ARM.Collect$$_printf_percent$$00000009  c_w.l(_printf_d.o)
    0x08000204   0x08000204   0x00000006   Code   RO         2358    .ARM.Collect$$_printf_percent$$0000000C  c_w.l(_printf_x.o)
    0x0800020a   0x0800020a   0x00000004   Code   RO         2424    .ARM.Collect$$_printf_percent$$00000017  c_w.l(_printf_percent_end.o)
    0x0800020e   0x0800020e   0x00000002   Code   RO         2595    .ARM.Collect$$libinit$$00000000  c_w.l(libinit.o)
    0x08000210   0x08000210   0x00000004   Code   RO         2429    .ARM.Collect$$libinit$$00000001  c_w.l(libinit2.o)
    0x08000214   0x08000214   0x00000000   Code   RO         2432    .ARM.Collect$$libinit$$00000004  c_w.l(libinit2.o)
    0x08000214   0x08000214   0x00000008   Code   RO         2433    .ARM.Collect$$libinit$$00000005  c_w.l(libinit2.o)
    0x0800021c   0x0800021c   0x00000000   Code   RO         2435    .ARM.Collect$$libinit$$0000000A  c_w.l(libinit2.o)
    0x0800021c   0x0800021c   0x00000000   Code   RO         2437    .ARM.Collect$$libinit$$0000000C  c_w.l(libinit2.o)
    0x0800021c   0x0800021c   0x00000000   Code   RO         2439    .ARM.Collect$$libinit$$0000000E  c_w.l(libinit2.o)
    0x0800021c   0x0800021c   0x00000006   Code   RO         2440    .ARM.Collect$$libinit$$0000000F  c_w.l(libinit2.o)
    0x08000222   0x08000222   0x00000000   Code   RO         2442    .ARM.Collect$$libinit$$00000011  c_w.l(libinit2.o)
    0x08000222   0x08000222   0x00000000   Code   RO         2444    .ARM.Collect$$libinit$$00000013  c_w.l(libinit2.o)
    0x08000222   0x08000222   0x00000000   Code   RO         2446    .ARM.Collect$$libinit$$00000015  c_w.l(libinit2.o)
    0x08000222   0x08000222   0x0000000a   Code   RO         2447    .ARM.Collect$$libinit$$00000016  c_w.l(libinit2.o)
    0x0800022c   0x0800022c   0x00000000   Code   RO         2448    .ARM.Collect$$libinit$$00000017  c_w.l(libinit2.o)
    0x0800022c   0x0800022c   0x00000000   Code   RO         2450    .ARM.Collect$$libinit$$00000019  c_w.l(libinit2.o)
    0x0800022c   0x0800022c   0x00000000   Code   RO         2452    .ARM.Collect$$libinit$$0000001B  c_w.l(libinit2.o)
    0x0800022c   0x0800022c   0x00000000   Code   RO         2454    .ARM.Collect$$libinit$$0000001D  c_w.l(libinit2.o)
    0x0800022c   0x0800022c   0x00000000   Code   RO         2456    .ARM.Collect$$libinit$$0000001F  c_w.l(libinit2.o)
    0x0800022c   0x0800022c   0x00000000   Code   RO         2458    .ARM.Collect$$libinit$$00000021  c_w.l(libinit2.o)
    0x0800022c   0x0800022c   0x00000000   Code   RO         2460    .ARM.Collect$$libinit$$00000023  c_w.l(libinit2.o)
    0x0800022c   0x0800022c   0x00000000   Code   RO         2462    .ARM.Collect$$libinit$$00000025  c_w.l(libinit2.o)
    0x0800022c   0x0800022c   0x00000000   Code   RO         2466    .ARM.Collect$$libinit$$0000002C  c_w.l(libinit2.o)
    0x0800022c   0x0800022c   0x00000000   Code   RO         2468    .ARM.Collect$$libinit$$0000002E  c_w.l(libinit2.o)
    0x0800022c   0x0800022c   0x00000000   Code   RO         2470    .ARM.Collect$$libinit$$00000030  c_w.l(libinit2.o)
    0x0800022c   0x0800022c   0x00000000   Code   RO         2472    .ARM.Collect$$libinit$$00000032  c_w.l(libinit2.o)
    0x0800022c   0x0800022c   0x00000002   Code   RO         2473    .ARM.Collect$$libinit$$00000033  c_w.l(libinit2.o)
    0x0800022e   0x0800022e   0x00000002   Code   RO         2651    .ARM.Collect$$libshutdown$$00000000  c_w.l(libshutdown.o)
    0x08000230   0x08000230   0x00000000   Code   RO         2607    .ARM.Collect$$libshutdown$$00000002  c_w.l(libshutdown2.o)
    0x08000230   0x08000230   0x00000000   Code   RO         2609    .ARM.Collect$$libshutdown$$00000004  c_w.l(libshutdown2.o)
    0x08000230   0x08000230   0x00000000   Code   RO         2611    .ARM.Collect$$libshutdown$$00000006  c_w.l(libshutdown2.o)
    0x08000230   0x08000230   0x00000000   Code   RO         2614    .ARM.Collect$$libshutdown$$00000009  c_w.l(libshutdown2.o)
    0x08000230   0x08000230   0x00000000   Code   RO         2617    .ARM.Collect$$libshutdown$$0000000C  c_w.l(libshutdown2.o)
    0x08000230   0x08000230   0x00000000   Code   RO         2619    .ARM.Collect$$libshutdown$$0000000E  c_w.l(libshutdown2.o)
    0x08000230   0x08000230   0x00000000   Code   RO         2622    .ARM.Collect$$libshutdown$$00000011  c_w.l(libshutdown2.o)
    0x08000230   0x08000230   0x00000002   Code   RO         2623    .ARM.Collect$$libshutdown$$00000012  c_w.l(libshutdown2.o)
    0x08000232   0x08000232   0x00000000   Code   RO         2392    .ARM.Collect$$rtentry$$00000000  c_w.l(__rtentry.o)
    0x08000232   0x08000232   0x00000000   Code   RO         2489    .ARM.Collect$$rtentry$$00000002  c_w.l(__rtentry2.o)
    0x08000232   0x08000232   0x00000006   Code   RO         2501    .ARM.Collect$$rtentry$$00000004  c_w.l(__rtentry4.o)
    0x08000238   0x08000238   0x00000000   Code   RO         2491    .ARM.Collect$$rtentry$$00000009  c_w.l(__rtentry2.o)
    0x08000238   0x08000238   0x00000004   Code   RO         2492    .ARM.Collect$$rtentry$$0000000A  c_w.l(__rtentry2.o)
    0x0800023c   0x0800023c   0x00000000   Code   RO         2494    .ARM.Collect$$rtentry$$0000000C  c_w.l(__rtentry2.o)
    0x0800023c   0x0800023c   0x00000008   Code   RO         2495    .ARM.Collect$$rtentry$$0000000D  c_w.l(__rtentry2.o)
    0x08000244   0x08000244   0x00000002   Code   RO         2596    .ARM.Collect$$rtexit$$00000000  c_w.l(rtexit.o)
    0x08000246   0x08000246   0x00000000   Code   RO         2625    .ARM.Collect$$rtexit$$00000002  c_w.l(rtexit2.o)
    0x08000246   0x08000246   0x00000004   Code   RO         2626    .ARM.Collect$$rtexit$$00000003  c_w.l(rtexit2.o)
    0x0800024a   0x0800024a   0x00000006   Code   RO         2627    .ARM.Collect$$rtexit$$00000004  c_w.l(rtexit2.o)
    0x08000250   0x08000250   0x00000000   Code   RO         2510    .emb_text           c_w.l(maybetermalloc1.o)
    0x08000250   0x08000250   0x00000040   Code   RO         2202    .text               startup_at32f403a_407.o
    0x08000290   0x08000290   0x00000002   Code   RO         2245    .text               c_w.l(use_no_semi_2.o)
    0x08000292   0x08000292   0x0000005e   Code   RO         2251    .text               c_w.l(h1_alloc.o)
    0x080002f0   0x080002f0   0x0000004e   Code   RO         2253    .text               c_w.l(h1_free.o)
    0x0800033e   0x0800033e   0x00000002   PAD
    0x08000340   0x08000340   0x00000018   Code   RO         2311    .text               c_w.l(noretval__2printf.o)
    0x08000358   0x08000358   0x00000078   Code   RO         2315    .text               c_w.l(_printf_dec.o)
    0x080003d0   0x080003d0   0x00000058   Code   RO         2320    .text               c_w.l(_printf_hex_int.o)
    0x08000428   0x08000428   0x0000010e   Code   RO         2346    .text               c_w.l(__printf_wp.o)
    0x08000536   0x08000536   0x00000006   Code   RO         2362    .text               c_w.l(heapauxi.o)
    0x0800053c   0x0800053c   0x00000002   Code   RO         2388    .text               c_w.l(use_no_semi.o)
    0x0800053e   0x0800053e   0x00000002   PAD
    0x08000540   0x08000540   0x00000008   Code   RO         2396    .text               c_w.l(rt_heap_descriptor_intlibspace.o)
    0x08000548   0x08000548   0x00000004   Code   RO         2398    .text               c_w.l(hguard.o)
    0x0800054c   0x0800054c   0x0000008a   Code   RO         2400    .text               c_w.l(init_alloc.o)
    0x080005d6   0x080005d6   0x0000000e   Code   RO         2404    .text               c_w.l(h1_init.o)
    0x080005e4   0x080005e4   0x000000b2   Code   RO         2418    .text               c_w.l(_printf_intcommon.o)
    0x08000696   0x08000696   0x0000041e   Code   RO         2420    .text               c_w.l(_printf_fp_dec.o)
    0x08000ab4   0x08000ab4   0x00000024   Code   RO         2422    .text               c_w.l(_printf_char_file.o)
    0x08000ad8   0x08000ad8   0x00000008   Code   RO         2485    .text               c_w.l(libspace.o)
    0x08000ae0   0x08000ae0   0x00000008   Code   RO         2506    .text               c_w.l(rt_locale_intlibspace.o)
    0x08000ae8   0x08000ae8   0x00000034   Code   RO         2512    .text               c_w.l(h1_extend.o)
    0x08000b1c   0x08000b1c   0x0000008a   Code   RO         2516    .text               c_w.l(lludiv10.o)
    0x08000ba6   0x08000ba6   0x00000002   PAD
    0x08000ba8   0x08000ba8   0x00000030   Code   RO         2518    .text               c_w.l(_printf_char_common.o)
    0x08000bd8   0x08000bd8   0x00000080   Code   RO         2520    .text               c_w.l(_printf_fp_infnan.o)
    0x08000c58   0x08000c58   0x000000e4   Code   RO         2522    .text               c_w.l(bigflt0.o)
    0x08000d3c   0x08000d3c   0x00000008   Code   RO         2547    .text               c_w.l(ferror.o)
    0x08000d44   0x08000d44   0x0000000e   Code   RO         2554    .text               c_w.l(defsig_rtmem_outer.o)
    0x08000d52   0x08000d52   0x0000004a   Code   RO         2570    .text               c_w.l(sys_stackheap_outer.o)
    0x08000d9c   0x08000d9c   0x00000012   Code   RO         2578    .text               c_w.l(exit.o)
    0x08000dae   0x08000dae   0x0000000a   Code   RO         2580    .text               c_w.l(defsig_exit.o)
    0x08000db8   0x08000db8   0x00000050   Code   RO         2582    .text               c_w.l(defsig_rtmem_inner.o)
    0x08000e08   0x08000e08   0x00000080   Code   RO         2584    .text               c_w.l(strcmpv7m.o)
    0x08000e88   0x08000e88   0x00000032   Code   RO         2604    .text               c_w.l(defsig_general.o)
    0x08000eba   0x08000eba   0x0000003e   Code   RO         2525    CL$$btod_d2e        c_w.l(btod.o)
    0x08000ef8   0x08000ef8   0x00000046   Code   RO         2527    CL$$btod_d2e_denorm_low  c_w.l(btod.o)
    0x08000f3e   0x08000f3e   0x00000060   Code   RO         2526    CL$$btod_d2e_norm_op1  c_w.l(btod.o)
    0x08000f9e   0x08000f9e   0x00000338   Code   RO         2535    CL$$btod_div_common  c_w.l(btod.o)
    0x080012d6   0x080012d6   0x000000dc   Code   RO         2532    CL$$btod_e2e        c_w.l(btod.o)
    0x080013b2   0x080013b2   0x0000002a   Code   RO         2529    CL$$btod_ediv       c_w.l(btod.o)
    0x080013dc   0x080013dc   0x0000002a   Code   RO         2528    CL$$btod_emul       c_w.l(btod.o)
    0x08001406   0x08001406   0x00000244   Code   RO         2534    CL$$btod_mult_common  c_w.l(btod.o)
    0x0800164a   0x0800164a   0x00000004   Code   RO          245    i.BusFault_Handler  at32f403a_407_int.o
    0x0800164e   0x0800164e   0x00000002   Code   RO          246    i.CRM_IRQHandler    at32f403a_407_int.o
    0x08001650   0x08001650   0x00000002   Code   RO          247    i.DMA1_Channel1_IRQHandler  at32f403a_407_int.o
    0x08001652   0x08001652   0x00000002   Code   RO          248    i.DMA1_Channel2_IRQHandler  at32f403a_407_int.o
    0x08001654   0x08001654   0x00000002   Code   RO          249    i.DebugMon_Handler  at32f403a_407_int.o
    0x08001656   0x08001656   0x00000002   PAD
    0x08001658   0x08001658   0x00000040   Code   RO          250    i.EXINT0_IRQHandler  at32f403a_407_int.o
    0x08001698   0x08001698   0x00000004   Code   RO          251    i.HardFault_Handler  at32f403a_407_int.o
    0x0800169c   0x0800169c   0x00000002   Code   RO          252    i.I2C1_ERR_IRQHandler  at32f403a_407_int.o
    0x0800169e   0x0800169e   0x00000002   Code   RO          253    i.I2C1_EVT_IRQHandler  at32f403a_407_int.o
    0x080016a0   0x080016a0   0x0000002c   Code   RO          765    i.Led_and_Button_init  universal_peripherals.o
    0x080016cc   0x080016cc   0x0000000a   Code   RO          417    i.MPU6050_Byte_to_HalfWord  mpu6050.o
    0x080016d6   0x080016d6   0x0000007a   Code   RO          418    i.MPU6050_GetACCEL  mpu6050.o
    0x08001750   0x08001750   0x000001fc   Code   RO          419    i.MPU6050_GetAccel_Value  mpu6050.o
    0x0800194c   0x0800194c   0x0000007a   Code   RO          420    i.MPU6050_GetGYRO   mpu6050.o
    0x080019c6   0x080019c6   0x00000002   PAD
    0x080019c8   0x080019c8   0x000001fc   Code   RO          421    i.MPU6050_GetGyro_Value  mpu6050.o
    0x08001bc4   0x08001bc4   0x00000026   Code   RO          422    i.MPU6050_GetID     mpu6050.o
    0x08001bea   0x08001bea   0x0000002e   Code   RO          423    i.MPU6050_GetTemp   mpu6050.o
    0x08001c18   0x08001c18   0x00000064   Code   RO          424    i.MPU6050_GetTemp_Value  mpu6050.o
    0x08001c7c   0x08001c7c   0x00000048   Code   RO          425    i.MPU6050_Init      mpu6050.o
    0x08001cc4   0x08001cc4   0x00000030   Code   RO          426    i.MPU6050_ReadReg   mpu6050.o
    0x08001cf4   0x08001cf4   0x0000003a   Code   RO          427    i.MPU6050_SetAccelFS  mpu6050.o
    0x08001d2e   0x08001d2e   0x0000003a   Code   RO          428    i.MPU6050_SetGyroFS  mpu6050.o
    0x08001d68   0x08001d68   0x0000004a   Code   RO          429    i.MPU6050_SetLPF    mpu6050.o
    0x08001db2   0x08001db2   0x0000004a   Code   RO          430    i.MPU6050_SetSampleRate  mpu6050.o
    0x08001dfc   0x08001dfc   0x0000002c   Code   RO          431    i.MPU6050_WriteReg  mpu6050.o
    0x08001e28   0x08001e28   0x00000004   Code   RO          254    i.MemManage_Handler  at32f403a_407_int.o
    0x08001e2c   0x08001e2c   0x00000002   Code   RO          255    i.NMI_Handler       at32f403a_407_int.o
    0x08001e2e   0x08001e2e   0x00000002   Code   RO          256    i.PendSV_Handler    at32f403a_407_int.o
    0x08001e30   0x08001e30   0x00000002   Code   RO          257    i.SVC_Handler       at32f403a_407_int.o
    0x08001e32   0x08001e32   0x00000002   Code   RO          258    i.SysTick_Handler   at32f403a_407_int.o
    0x08001e34   0x08001e34   0x00000070   Code   RO         2209    i.SystemInit        system_at32f403a_407.o
    0x08001ea4   0x08001ea4   0x00000058   Code   RO          259    i.UART4_IRQHandler  at32f403a_407_int.o
    0x08001efc   0x08001efc   0x00000004   Code   RO          260    i.UsageFault_Handler  at32f403a_407_int.o
    0x08001f00   0x08001f00   0x00000030   Code   RO         2567    i.__ARM_fpclassify  m_wm.l(fpclassify.o)
    0x08001f30   0x08001f30   0x0000000e   Code   RO         2348    i._is_digit         c_w.l(__printf_wp.o)
    0x08001f3e   0x08001f3e   0x00000004   Code   RO            4    i._sys_exit         main.o
    0x08001f42   0x08001f42   0x00000004   Code   RO            5    i._ttywrch          main.o
    0x08001f46   0x08001f46   0x00000002   PAD
    0x08001f48   0x08001f48   0x0000003c   Code   RO          766    i.at32_button_init  universal_peripherals.o
    0x08001f84   0x08001f84   0x00000050   Code   RO          769    i.at32_led_init     universal_peripherals.o
    0x08001fd4   0x08001fd4   0x00000028   Code   RO          770    i.at32_led_off      universal_peripherals.o
    0x08001ffc   0x08001ffc   0x00000034   Code   RO          772    i.at32_led_toggle   universal_peripherals.o
    0x08002030   0x08002030   0x00000014   Code   RO          835    i.crm_ahb_div_set   at32f403a_407_crm.o
    0x08002044   0x08002044   0x00000014   Code   RO          836    i.crm_apb1_div_set  at32f403a_407_crm.o
    0x08002058   0x08002058   0x00000014   Code   RO          837    i.crm_apb2_div_set  at32f403a_407_crm.o
    0x0800206c   0x0800206c   0x00000028   Code   RO          838    i.crm_auto_step_mode_enable  at32f403a_407_crm.o
    0x08002094   0x08002094   0x00000060   Code   RO          844    i.crm_clock_source_enable  at32f403a_407_crm.o
    0x080020f4   0x080020f4   0x00000130   Code   RO          845    i.crm_clocks_freq_get  at32f403a_407_crm.o
    0x08002224   0x08002224   0x00000030   Code   RO          847    i.crm_flag_get      at32f403a_407_crm.o
    0x08002254   0x08002254   0x0000002e   Code   RO          850    i.crm_hext_stable_wait  at32f403a_407_crm.o
    0x08002282   0x08002282   0x00000002   PAD
    0x08002284   0x08002284   0x00000044   Code   RO          858    i.crm_periph_clock_enable  at32f403a_407_crm.o
    0x080022c8   0x080022c8   0x0000007c   Code   RO          861    i.crm_pll_config    at32f403a_407_crm.o
    0x08002344   0x08002344   0x00000058   Code   RO          862    i.crm_reset         at32f403a_407_crm.o
    0x0800239c   0x0800239c   0x0000003c   Code   RO          865    i.crm_sysclk_switch  at32f403a_407_crm.o
    0x080023d8   0x080023d8   0x00000010   Code   RO          866    i.crm_sysclk_switch_status_get  at32f403a_407_crm.o
    0x080023e8   0x080023e8   0x00000038   Code   RO          373    i.delay_init        delay_one.o
    0x08002420   0x08002420   0x00000074   Code   RO          374    i.delay_ms          delay_one.o
    0x08002494   0x08002494   0x0000000a   Code   RO         2046    i.dma_channel_enable  at32f403a_407_dma.o
    0x0800249e   0x0800249e   0x00000018   Code   RO         2049    i.dma_default_para_init  at32f403a_407_dma.o
    0x080024b6   0x080024b6   0x00000098   Code   RO         2052    i.dma_flexible_config  at32f403a_407_dma.o
    0x0800254e   0x0800254e   0x0000005c   Code   RO         2053    i.dma_init          at32f403a_407_dma.o
    0x080025aa   0x080025aa   0x00000002   PAD
    0x080025ac   0x080025ac   0x00000070   Code   RO         2056    i.dma_reset         at32f403a_407_dma.o
    0x0800261c   0x0800261c   0x0000000e   Code   RO         2130    i.exint_default_para_init  at32f403a_407_exint.o
    0x0800262a   0x0800262a   0x00000002   PAD
    0x0800262c   0x0800262c   0x00000020   Code   RO         2132    i.exint_flag_clear  at32f403a_407_exint.o
    0x0800264c   0x0800264c   0x00000098   Code   RO         2134    i.exint_init        at32f403a_407_exint.o
    0x080026e4   0x080026e4   0x00000024   Code   RO         2136    i.exint_interrupt_flag_get  at32f403a_407_exint.o
    0x08002708   0x08002708   0x00000034   Code   RO            6    i.fputc             main.o
    0x0800273c   0x0800273c   0x00000016   Code   RO         1373    i.gpio_default_para_init  at32f403a_407_gpio.o
    0x08002752   0x08002752   0x00000002   PAD
    0x08002754   0x08002754   0x000000a4   Code   RO         1376    i.gpio_exint_line_config  at32f403a_407_gpio.o
    0x080027f8   0x080027f8   0x000000a8   Code   RO         1377    i.gpio_init         at32f403a_407_gpio.o
    0x080028a0   0x080028a0   0x00000012   Code   RO         1496    i.i2c_7bit_address_send  at32f403a_407_i2c.o
    0x080028b2   0x080028b2   0x0000000a   Code   RO         1497    i.i2c_ack_enable    at32f403a_407_i2c.o
    0x080028bc   0x080028bc   0x00000012   Code   RO         1499    i.i2c_clock_stretch_enable  at32f403a_407_i2c.o
    0x080028ce   0x080028ce   0x00000008   Code   RO         1500    i.i2c_data_receive  at32f403a_407_i2c.o
    0x080028d6   0x080028d6   0x00000004   Code   RO         1501    i.i2c_data_send     at32f403a_407_i2c.o
    0x080028da   0x080028da   0x0000000a   Code   RO         1502    i.i2c_dma_enable    at32f403a_407_i2c.o
    0x080028e4   0x080028e4   0x0000000a   Code   RO         1504    i.i2c_enable        at32f403a_407_i2c.o
    0x080028ee   0x080028ee   0x00000028   Code   RO         1506    i.i2c_flag_clear    at32f403a_407_i2c.o
    0x08002916   0x08002916   0x00000030   Code   RO         1507    i.i2c_flag_get      at32f403a_407_i2c.o
    0x08002946   0x08002946   0x0000000a   Code   RO         1508    i.i2c_general_call_enable  at32f403a_407_i2c.o
    0x08002950   0x08002950   0x00000110   Code   RO         1509    i.i2c_init          at32f403a_407_i2c.o
    0x08002a60   0x08002a60   0x000000ca   Code   RO          538    i.i2c_master_read_addr  i2c_application.o
    0x08002b2a   0x08002b2a   0x0000000a   Code   RO         1512    i.i2c_master_receive_ack_set  at32f403a_407_i2c.o
    0x08002b34   0x08002b34   0x0000007c   Code   RO          548    i.i2c_master_write_addr  i2c_application.o
    0x08002bb0   0x08002bb0   0x0000004a   Code   RO          549    i.i2c_memory_address_send  i2c_application.o
    0x08002bfa   0x08002bfa   0x00000002   PAD
    0x08002bfc   0x08002bfc   0x00000210   Code   RO          550    i.i2c_memory_read   i2c_application.o
    0x08002e0c   0x08002e0c   0x000000d0   Code   RO          553    i.i2c_memory_write  i2c_application.o
    0x08002edc   0x08002edc   0x00000012   Code   RO         1513    i.i2c_own_address1_set  at32f403a_407_i2c.o
    0x08002eee   0x08002eee   0x0000000e   Code   RO         1525    i.i2c_start_generate  at32f403a_407_i2c.o
    0x08002efc   0x08002efc   0x0000000e   Code   RO         1526    i.i2c_stop_generate  at32f403a_407_i2c.o
    0x08002f0a   0x08002f0a   0x00000002   PAD
    0x08002f0c   0x08002f0c   0x0000009c   Code   RO          566    i.i2c_wait_flag     i2c_application.o
    0x08002fa8   0x08002fa8   0x0000008c   Code   RO            7    i.main              main.o
    0x08003034   0x08003034   0x000000e4   Code   RO            8    i.mpu6050_capture_data  main.o
    0x08003118   0x08003118   0x000000c0   Code   RO            9    i.mpu6050_struct_init  main.o
    0x080031d8   0x080031d8   0x0000015c   Code   RO           10    i.mpu6050_working_before  main.o
    0x08003334   0x08003334   0x000000c8   Code   RO         1701    i.nvic_irq_enable   at32f403a_407_misc.o
    0x080033fc   0x080033fc   0x00000028   Code   RO         1703    i.nvic_priority_group_config  at32f403a_407_misc.o
    0x08003424   0x08003424   0x00000014   Code   RO         1764    i.pwc_battery_powered_domain_access  at32f403a_407_pwc.o
    0x08003438   0x08003438   0x000000fc   Code   RO         2210    i.system_core_clock_update  system_at32f403a_407.o
    0x08003534   0x08003534   0x00000028   Code   RO         1706    i.systick_clock_source_config  at32f403a_407_misc.o
    0x0800355c   0x0800355c   0x00000028   Code   RO          167    i.systick_interrupt_config  at32f403a_407_wk_config.o
    0x08003584   0x08003584   0x00000008   Code   RO         1853    i.usart_data_transmit  at32f403a_407_usart.o
    0x0800358c   0x0800358c   0x0000000a   Code   RO         1856    i.usart_enable      at32f403a_407_usart.o
    0x08003596   0x08003596   0x00000010   Code   RO         1858    i.usart_flag_get    at32f403a_407_usart.o
    0x080035a6   0x080035a6   0x00000066   Code   RO         1859    i.usart_hardware_flow_control_set  at32f403a_407_usart.o
    0x0800360c   0x0800360c   0x00000088   Code   RO         1860    i.usart_init        at32f403a_407_usart.o
    0x08003694   0x08003694   0x00000036   Code   RO         1861    i.usart_interrupt_enable  at32f403a_407_usart.o
    0x080036ca   0x080036ca   0x000000b0   Code   RO         1862    i.usart_interrupt_flag_get  at32f403a_407_usart.o
    0x0800377a   0x0800377a   0x0000004c   Code   RO         1867    i.usart_parity_selection_config  at32f403a_407_usart.o
    0x080037c6   0x080037c6   0x0000000a   Code   RO         1868    i.usart_receiver_enable  at32f403a_407_usart.o
    0x080037d0   0x080037d0   0x0000000a   Code   RO         1875    i.usart_transmitter_enable  at32f403a_407_usart.o
    0x080037da   0x080037da   0x00000002   PAD
    0x080037dc   0x080037dc   0x00000054   Code   RO          168    i.wk_dma1_channel1_init  at32f403a_407_wk_config.o
    0x08003830   0x08003830   0x00000054   Code   RO          169    i.wk_dma1_channel2_init  at32f403a_407_wk_config.o
    0x08003884   0x08003884   0x00000008   Code   RO          170    i.wk_dma_channel_config  at32f403a_407_wk_config.o
    0x0800388c   0x0800388c   0x00000064   Code   RO          171    i.wk_exint_config   at32f403a_407_wk_config.o
    0x080038f0   0x080038f0   0x00000098   Code   RO          172    i.wk_i2c1_init      at32f403a_407_wk_config.o
    0x08003988   0x08003988   0x0000005a   Code   RO          173    i.wk_nvic_config    at32f403a_407_wk_config.o
    0x080039e2   0x080039e2   0x00000002   PAD
    0x080039e4   0x080039e4   0x00000050   Code   RO          174    i.wk_periph_clock_config  at32f403a_407_wk_config.o
    0x08003a34   0x08003a34   0x000000d8   Code   RO          175    i.wk_system_clock_config  at32f403a_407_wk_config.o
    0x08003b0c   0x08003b0c   0x000000ac   Code   RO          176    i.wk_uart4_init     at32f403a_407_wk_config.o
    0x08003bb8   0x08003bb8   0x0000002c   Code   RO         2552    locale$$code        c_w.l(lc_numeric_c.o)
    0x08003be4   0x08003be4   0x00000062   Code   RO         2366    x$fpl$d2f           fz_wm.l(d2f.o)
    0x08003c46   0x08003c46   0x00000002   PAD
    0x08003c48   0x08003c48   0x00000150   Code   RO         2368    x$fpl$dadd          fz_wm.l(daddsub_clz.o)
    0x08003d98   0x08003d98   0x000002b0   Code   RO         2375    x$fpl$ddiv          fz_wm.l(ddiv.o)
    0x08004048   0x08004048   0x0000002e   Code   RO         2379    x$fpl$dflt          fz_wm.l(dflt_clz.o)
    0x08004076   0x08004076   0x0000009c   Code   RO         2474    x$fpl$dnaninf       fz_wm.l(dnaninf.o)
    0x08004112   0x08004112   0x0000000c   Code   RO         2476    x$fpl$dretinf       fz_wm.l(dretinf.o)
    0x0800411e   0x0800411e   0x00000002   PAD
    0x08004120   0x08004120   0x000001d4   Code   RO         2370    x$fpl$dsub          fz_wm.l(daddsub_clz.o)
    0x080042f4   0x080042f4   0x00000056   Code   RO         2384    x$fpl$f2d           fz_wm.l(f2d.o)
    0x0800434a   0x0800434a   0x0000008c   Code   RO         2478    x$fpl$fnaninf       fz_wm.l(fnaninf.o)
    0x080043d6   0x080043d6   0x0000000a   Code   RO         2563    x$fpl$fpinit        fz_wm.l(fpinit.o)
    0x080043e0   0x080043e0   0x0000000a   Code   RO         2480    x$fpl$fretinf       fz_wm.l(fretinf.o)
    0x080043ea   0x080043ea   0x00000004   Code   RO         2386    x$fpl$printf1       fz_wm.l(printf1.o)
    0x080043ee   0x080043ee   0x00000000   Code   RO         2482    x$fpl$usenofp       fz_wm.l(usenofp.o)
    0x080043ee   0x080043ee   0x00000028   Data   RO          870    .constdata          at32f403a_407_crm.o
    0x08004416   0x08004416   0x00000010   Data   RO         2211    .constdata          system_at32f403a_407.o
    0x08004426   0x08004426   0x00000028   Data   RO         2321    .constdata          c_w.l(_printf_hex_int.o)
    0x0800444e   0x0800444e   0x00000002   PAD
    0x08004450   0x08004450   0x00000094   Data   RO         2523    .constdata          c_w.l(bigflt0.o)
    0x080044e4   0x080044e4   0x00000020   Data   RO         2652    Region$$Table       anon$$obj.o
    0x08004504   0x08004504   0x0000001c   Data   RO         2551    locale$$data        c_w.l(lc_numeric_c.o)


    Execution Region RW_IRAM1 (Exec base: 0x20000000, Load base: 0x08004520, Size: 0x00001310, Max: 0x00018000, ABSOLUTE)

    Exec Addr    Load Addr    Size         Type   Attr      Idx    E Section Name        Object

    0x20000000   0x08004520   0x0000003c   Data   RW           13    .data               main.o
    0x2000003c   0x0800455c   0x00000004   Data   RW          261    .data               at32f403a_407_int.o
    0x20000040   0x08004560   0x00000008   Data   RW          377    .data               delay_one.o
    0x20000048   0x08004568   0x00000021   Data   RW          773    .data               universal_peripherals.o
    0x20000069   0x08004589   0x00000003   PAD
    0x2000006c   0x0800458c   0x00000004   Data   RW         2212    .data               system_at32f403a_407.o
    0x20000070        -       0x00000c40   Zero   RW           12    .bss                main.o
    0x20000cb0        -       0x00000060   Zero   RW         2486    .bss                c_w.l(libspace.o)
    0x20000d10        -       0x00000200   Zero   RW         2200    HEAP                startup_at32f403a_407.o
    0x20000f10        -       0x00000400   Zero   RW         2199    STACK               startup_at32f403a_407.o


==============================================================================

Image component sizes


      Code (inc. data)   RO Data    RW Data    ZI Data      Debug   Object Name

       950        110         40          0          0       8960   at32f403a_407_crm.o
       390         10          0          0          0       3674   at32f403a_407_dma.o
       234         12          0          0          0       2965   at32f403a_407_exint.o
       354          6          0          0          0       2634   at32f403a_407_gpio.o
       504         20          0          0          0      10227   at32f403a_407_i2c.o
       188         14          0          4          0       8816   at32f403a_407_int.o
       280         18          0          0          0      32772   at32f403a_407_misc.o
        20          6          0          0          0        616   at32f403a_407_pwc.o
       598         16          0          0          0       7432   at32f403a_407_usart.o
      1026         62          0          0          0       6755   at32f403a_407_wk_config.o
       172         24          0          8          0       1616   delay_one.o
      1292         14          0          0          0       8982   i2c_application.o
       968        334          0         60       3136      67223   main.o
      1882        102          0          0          0      10677   mpu6050.o
        64         26        388          0       1536        848   startup_at32f403a_407.o
       364         42         16          4          0       2316   system_at32f403a_407.o
       276         38          0         33          0       4112   universal_peripherals.o

    ----------------------------------------------------------------------
      9584        854        476        112       4672     180625   Object Totals
         0          0         32          0          0          0   (incl. Generated)
        22          0          0          3          0          0   (incl. Padding)

    ----------------------------------------------------------------------

      Code (inc. data)   RO Data    RW Data    ZI Data      Debug   Library Member Name

         8          0          0          0          0         68   __main.o
       284          0          0          0          0        156   __printf_wp.o
         0          0          0          0          0          0   __rtentry.o
        12          0          0          0          0          0   __rtentry2.o
         6          0          0          0          0          0   __rtentry4.o
        52          8          0          0          0          0   __scatter.o
        26          0          0          0          0          0   __scatter_copy.o
        28          0          0          0          0          0   __scatter_zi.o
        48          6          0          0          0         96   _printf_char_common.o
        36          4          0          0          0         80   _printf_char_file.o
         6          0          0          0          0          0   _printf_d.o
       120         16          0          0          0         92   _printf_dec.o
         6          0          0          0          0          0   _printf_f.o
      1054          0          0          0          0        216   _printf_fp_dec.o
       128         16          0          0          0         84   _printf_fp_infnan.o
        88          4         40          0          0         88   _printf_hex_int.o
       178          0          0          0          0         88   _printf_intcommon.o
         0          0          0          0          0          0   _printf_percent.o
         4          0          0          0          0          0   _printf_percent_end.o
         6          0          0          0          0          0   _printf_x.o
       228          4        148          0          0         96   bigflt0.o
      1936        128          0          0          0        672   btod.o
        10          0          0          0          0         68   defsig_exit.o
        50          0          0          0          0         88   defsig_general.o
        80         58          0          0          0         76   defsig_rtmem_inner.o
        14          0          0          0          0         80   defsig_rtmem_outer.o
        18          0          0          0          0         80   exit.o
         8          0          0          0          0         68   ferror.o
        94          0          0          0          0         80   h1_alloc.o
        52          0          0          0          0         68   h1_extend.o
        78          0          0          0          0         80   h1_free.o
        14          0          0          0          0         84   h1_init.o
         6          0          0          0          0        152   heapauxi.o
         4          0          0          0          0        136   hguard.o
       138          0          0          0          0        168   init_alloc.o
        44         10         28          0          0         76   lc_numeric_c.o
         2          0          0          0          0          0   libinit.o
        30          0          0          0          0          0   libinit2.o
         2          0          0          0          0          0   libshutdown.o
         2          0          0          0          0          0   libshutdown2.o
         8          4          0          0         96         68   libspace.o
       138          0          0          0          0         80   lludiv10.o
         0          0          0          0          0          0   maybetermalloc1.o
        24          4          0          0          0         84   noretval__2printf.o
         8          4          0          0          0         68   rt_heap_descriptor_intlibspace.o
         8          4          0          0          0         68   rt_locale_intlibspace.o
         2          0          0          0          0          0   rtexit.o
        10          0          0          0          0          0   rtexit2.o
       128          0          0          0          0         68   strcmpv7m.o
        74          0          0          0          0         80   sys_stackheap_outer.o
         2          0          0          0          0         68   use_no_semi.o
         2          0          0          0          0         68   use_no_semi_2.o
        98          4          0          0          0        140   d2f.o
       804         16          0          0          0        368   daddsub_clz.o
       688        140          0          0          0        256   ddiv.o
        46          0          0          0          0        116   dflt_clz.o
       156          4          0          0          0        140   dnaninf.o
        12          0          0          0          0        116   dretinf.o
        86          4          0          0          0        132   f2d.o
       140          4          0          0          0        132   fnaninf.o
        10          0          0          0          0        116   fpinit.o
        10          0          0          0          0        116   fretinf.o
         4          0          0          0          0        116   printf1.o
         0          0          0          0          0          0   usenofp.o
        48          0          0          0          0        124   fpclassify.o

    ----------------------------------------------------------------------
      7418        442        218          0         96       5564   Library Totals
        12          0          2          0          0          0   (incl. Padding)

    ----------------------------------------------------------------------

      Code (inc. data)   RO Data    RW Data    ZI Data      Debug   Library Name

      5304        270        216          0         96       3692   c_w.l
      2054        172          0          0          0       1748   fz_wm.l
        48          0          0          0          0        124   m_wm.l

    ----------------------------------------------------------------------
      7418        442        218          0         96       5564   Library Totals

    ----------------------------------------------------------------------

==============================================================================


      Code (inc. data)   RO Data    RW Data    ZI Data      Debug   

     17002       1296        694        112       4768     171809   Grand Totals
     17002       1296        694        112       4768     171809   ELF Image Totals
     17002       1296        694        112          0          0   ROM Totals

==============================================================================

    Total RO  Size (Code + RO Data)                17696 (  17.28kB)
    Total RW  Size (RW Data + ZI Data)              4880 (   4.77kB)
    Total ROM Size (Code + RO Data + RW Data)      17808 (  17.39kB)

==============================================================================

