<html>
<body>
<pre>
<h1>µVision Build Log</h1>
<h2>Tool Versions:</h2>
IDE-Version: ¦ÌVision V5.39.0.0
Copyright (C) 2023 ARM Ltd and ARM Germany GmbH. All rights reserved.
License Information: Wanting Mo, WuchangShouYiUniversity, LIC=47GU5-GWRTL-RAUDM-XVX2R-54IUP-GGSZC
 
Tool Versions:
Toolchain:       MDK-ARM Plus  Version: 5.39.0.0
Toolchain Path:  E:\keilC51\ARM\ARMCC\Bin
C Compiler:      Armcc.exe V5.06 update 7 (build 960)
Assembler:       Armasm.exe V5.06 update 7 (build 960)
Linker/Locator:  ArmLink.exe V5.06 update 7 (build 960)
Library Manager: ArmAr.exe V5.06 update 7 (build 960)
Hex Converter:   FromElf.exe V5.06 update 7 (build 960)
CPU DLL:         SARMCM3.DLL V5.39.0.0
Dialog DLL:      DCM.DLL V1.17.5.0
Target DLL:      CMSIS_AGDI.dll V1.33.16.0
Dialog DLL:      TCM.DLL V1.56.4.0
 
<h2>Project:</h2>
E:\AT32F403A_Demo\AT32F403AMPU6050Test\AT32F403A_MPU6050Test\project\MDK_V5\AT32F403A_MPU6050Test.uvprojx
Project File Date:  02/18/2025

<h2>Output:</h2>
*** Using Compiler 'V5.06 update 7 (build 960)', folder: 'E:\keilC51\ARM\ARMCC\Bin'
Rebuild target 'AT32F403A_MPU6050Test'
compiling universal_peripherals.c...
..\inc\universal_peripherals.h(55): warning:  #1295-D: Deprecated declaration at32_button_press - give arg types
  button_type at32_button_press();
..\src\universal_peripherals.c: 1 warning, 0 errors
compiling main.c...
..\inc\universal_peripherals.h(55): warning:  #1295-D: Deprecated declaration at32_button_press - give arg types
  button_type at32_button_press();
..\src\main.c: 1 warning, 0 errors
compiling at32f403a_407_wk_config.c...
compiling at32f403a_407_crm.c...
compiling at32f403a_407_i2c.c...
assembling startup_at32f403a_407.s...
compiling at32f403a_407_gpio.c...
compiling DELAY_ONE.c...
compiling mpu6050.c...
..\inc\universal_peripherals.h(55): warning:  #1295-D: Deprecated declaration at32_button_press - give arg types
  button_type at32_button_press();
..\src\mpu6050.c: 1 warning, 0 errors
compiling at32f403a_407_dma.c...
compiling at32f403a_407_misc.c...
compiling dht11.c...
..\inc\universal_peripherals.h(55): warning:  #1295-D: Deprecated declaration at32_button_press - give arg types
  button_type at32_button_press();
..\src\dht11.c: 1 warning, 0 errors
compiling at32f403a_407_usart.c...
compiling at32f403a_407_int.c...
..\inc\universal_peripherals.h(55): warning:  #1295-D: Deprecated declaration at32_button_press - give arg types
  button_type at32_button_press();
..\src\at32f403a_407_int.c: 1 warning, 0 errors
compiling at32f403a_407_pwc.c...
compiling at32f403a_407_flash.c...
compiling i2c_application.c...
compiling at32f403a_407_exint.c...
compiling system_at32f403a_407.c...
linking...
Program Size: Code=17862 RO-data=694 RW-data=120 ZI-data=4768  
FromELF: creating hex file...
".\objects\AT32F403A_MPU6050Test.axf" - 0 Error(s), 5 Warning(s).

<h2>Software Packages used:</h2>

Package Vendor: ArteryTek
                
                ArteryTek::AT32F403A_407_DFP@2.1.9
                ArteryTek AT32F403A_407 Series Device Support,Drivers

<h2>Collection of Component include folders:</h2>
  C:/Users/JM006/AppData/Local/Arm/Packs/ArteryTek/AT32F403A_407_DFP/2.1.9/Device/Include

<h2>Collection of Component Files used:</h2>
Build Time Elapsed:  00:00:02
</pre>
</body>
</html>
