Component: ARM Compiler 5.06 update 7 (build 960) Tool: armlink [4d3601]

==============================================================================

Section Cross References

    main.o(.rev16_text) refers (Special) to use_no_semi_2.o(.text) for __use_no_semihosting
    main.o(.revsh_text) refers (Special) to use_no_semi_2.o(.text) for __use_no_semihosting
    main.o(.rrx_text) refers (Special) to use_no_semi_2.o(.text) for __use_no_semihosting
    main.o(i._sys_exit) refers (Special) to use_no_semi_2.o(.text) for __use_no_semihosting
    main.o(i._ttywrch) refers (Special) to use_no_semi_2.o(.text) for __use_no_semihosting
    main.o(i.fputc) refers (Special) to use_no_semi_2.o(.text) for __use_no_semihosting
    main.o(i.fputc) refers to at32f403a_407_usart.o(i.usart_flag_get) for usart_flag_get
    main.o(i.fputc) refers to at32f403a_407_usart.o(i.usart_data_transmit) for usart_data_transmit
    main.o(i.main) refers (Special) to use_no_semi_2.o(.text) for __use_no_semihosting
    main.o(i.main) refers to at32f403a_407_wk_config.o(i.wk_system_clock_config) for wk_system_clock_config
    main.o(i.main) refers to at32f403a_407_wk_config.o(i.wk_periph_clock_config) for wk_periph_clock_config
    main.o(i.main) refers to at32f403a_407_misc.o(i.systick_clock_source_config) for systick_clock_source_config
    main.o(i.main) refers to at32f403a_407_wk_config.o(i.systick_interrupt_config) for systick_interrupt_config
    main.o(i.main) refers to at32f403a_407_wk_config.o(i.wk_nvic_config) for wk_nvic_config
    main.o(i.main) refers to at32f403a_407_wk_config.o(i.wk_uart4_init) for wk_uart4_init
    main.o(i.main) refers to at32f403a_407_wk_config.o(i.wk_gpio_config) for wk_gpio_config
    main.o(i.main) refers to delay_one.o(i.delay_init) for delay_init
    main.o(i.main) refers to mpu6050.o(i.MPU6050_Init) for MPU6050_Init
    main.o(i.main) refers to main.o(i.mpu6050_init_struct) for mpu6050_init_struct
    main.o(i.main) refers to main.o(i.mpu6050_capture_data) for mpu6050_capture_data
    main.o(i.main) refers to system_at32f403a_407.o(.data) for system_core_clock
    main.o(i.mpu6050_capture_data) refers (Special) to use_no_semi_2.o(.text) for __use_no_semihosting
    main.o(i.mpu6050_capture_data) refers to _printf_percent.o(.ARM.Collect$$_printf_percent$$00000000) for _printf_percent
    main.o(i.mpu6050_capture_data) refers to _printf_f.o(.ARM.Collect$$_printf_percent$$00000003) for _printf_f
    main.o(i.mpu6050_capture_data) refers to printf1.o(x$fpl$printf1) for _printf_fp_dec
    main.o(i.mpu6050_capture_data) refers to mpu6050.o(i.MPU6050_GetAccel_Value) for MPU6050_GetAccel_Value
    main.o(i.mpu6050_capture_data) refers to mpu6050.o(i.MPU6050_GetGyro_Value) for MPU6050_GetGyro_Value
    main.o(i.mpu6050_capture_data) refers to noretval__2printf.o(.text) for __2printf
    main.o(i.mpu6050_capture_data) refers to f2d.o(x$fpl$f2d) for __aeabi_f2d
    main.o(i.mpu6050_capture_data) refers to delay_one.o(i.delay_ms) for delay_ms
    main.o(i.mpu6050_capture_data) refers to main.o(.bss) for mpu6050_accel_value
    main.o(i.mpu6050_init_struct) refers (Special) to use_no_semi_2.o(.text) for __use_no_semihosting
    main.o(i.mpu6050_init_struct) refers to _printf_percent.o(.ARM.Collect$$_printf_percent$$00000000) for _printf_percent
    main.o(i.mpu6050_init_struct) refers to _printf_x.o(.ARM.Collect$$_printf_percent$$0000000C) for _printf_x
    main.o(i.mpu6050_init_struct) refers to _printf_hex_int.o(.text) for _printf_longlong_hex
    main.o(i.mpu6050_init_struct) refers to _printf_f.o(.ARM.Collect$$_printf_percent$$00000003) for _printf_f
    main.o(i.mpu6050_init_struct) refers to printf1.o(x$fpl$printf1) for _printf_fp_dec
    main.o(i.mpu6050_init_struct) refers to mpu6050.o(i.MPU6050_GetID) for MPU6050_GetID
    main.o(i.mpu6050_init_struct) refers to mpu6050.o(i.MPU6050_GetTemp_Value) for MPU6050_GetTemp_Value
    main.o(i.mpu6050_init_struct) refers to delay_one.o(i.delay_ms) for delay_ms
    main.o(i.mpu6050_init_struct) refers to noretval__2printf.o(.text) for __2printf
    main.o(i.mpu6050_init_struct) refers to f2d.o(x$fpl$f2d) for __aeabi_f2d
    main.o(i.mpu6050_init_struct) refers to main.o(.data) for mpu6050_id
    main.o(i.uart_Txdatas) refers (Special) to use_no_semi_2.o(.text) for __use_no_semihosting
    main.o(i.uart_Txdatas) refers to at32f403a_407_usart.o(i.usart_flag_get) for usart_flag_get
    main.o(i.uart_Txdatas) refers to at32f403a_407_usart.o(i.usart_data_transmit) for usart_data_transmit
    main.o(.bss) refers (Special) to use_no_semi_2.o(.text) for __use_no_semihosting
    main.o(.data) refers (Special) to use_no_semi_2.o(.text) for __use_no_semihosting
    at32f403a_407_wk_config.o(i.wk_gpio_config) refers to at32f403a_407_gpio.o(i.gpio_default_para_init) for gpio_default_para_init
    at32f403a_407_wk_config.o(i.wk_gpio_config) refers to at32f403a_407_gpio.o(i.gpio_bits_set) for gpio_bits_set
[...]
    ../clib/signal.c                         0x00000000   Number         0  defsig_pvfn_inner.o ABSOLUTE
    ../clib/signal.c                         0x00000000   Number         0  defsig_stak_inner.o ABSOLUTE
    ../clib/signal.c                         0x00000000   Number         0  defsig_rtred_inner.o ABSOLUTE
    ../clib/signal.c                         0x00000000   Number         0  defsig_rtmem_outer.o ABSOLUTE
    ../clib/signal.c                         0x00000000   Number         0  defsig_rtmem_formal.o ABSOLUTE
    ../clib/signal.c                         0x00000000   Number         0  defsig_general.o ABSOLUTE
    ../clib/signal.c                         0x00000000   Number         0  defsig_exit.o ABSOLUTE
    ../clib/signal.c                         0x00000000   Number         0  defsig_abrt_inner.o ABSOLUTE
    ../clib/signal.c                         0x00000000   Number         0  defsig_fpe_inner.o ABSOLUTE
    ../clib/signal.s                         0x00000000   Number         0  defsig.o ABSOLUTE
    ../clib/stdio.c                          0x00000000   Number         0  ferror_locked.o ABSOLUTE
    ../clib/stdio.c                          0x00000000   Number         0  ferror.o ABSOLUTE
    ../clib/stdlib.c                         0x00000000   Number         0  exit.o ABSOLUTE
    ../fplib/d2f.s                           0x00000000   Number         0  d2f.o ABSOLUTE
    ../fplib/daddsub.s                       0x00000000   Number         0  daddsub_clz.o ABSOLUTE
    ../fplib/ddiv.s                          0x00000000   Number         0  ddiv.o ABSOLUTE
    ../fplib/dnaninf.s                       0x00000000   Number         0  dnaninf.o ABSOLUTE
    ../fplib/dretinf.s                       0x00000000   Number         0  dretinf.o ABSOLUTE
    ../fplib/f2d.s                           0x00000000   Number         0  f2d.o ABSOLUTE
    ../fplib/fnaninf.s                       0x00000000   Number         0  fnaninf.o ABSOLUTE
    ../fplib/fpinit.s                        0x00000000   Number         0  fpinit.o ABSOLUTE
    ../fplib/fretinf.s                       0x00000000   Number         0  fretinf.o ABSOLUTE
    ../fplib/istatus.s                       0x00000000   Number         0  istatus.o ABSOLUTE
    ../fplib/printf1.s                       0x00000000   Number         0  printf1.o ABSOLUTE
    ../fplib/usenofp.s                       0x00000000   Number         0  usenofp.o ABSOLUTE
    ../mathlib/fpclassify.c                  0x00000000   Number         0  fpclassify.o ABSOLUTE
    ..\..\libraries\cmsis\cm4\device_support\system_at32f403a_407.c 0x00000000   Number         0  system_at32f403a_407.o ABSOLUTE
    ..\..\libraries\drivers\src\at32f403a_407_crm.c 0x00000000   Number         0  at32f403a_407_crm.o ABSOLUTE
    ..\..\libraries\drivers\src\at32f403a_407_dma.c 0x00000000   Number         0  at32f403a_407_dma.o ABSOLUTE
    ..\..\libraries\drivers\src\at32f403a_407_flash.c 0x00000000   Number         0  at32f403a_407_flash.o ABSOLUTE
    ..\..\libraries\drivers\src\at32f403a_407_gpio.c 0x00000000   Number         0  at32f403a_407_gpio.o ABSOLUTE
    ..\..\libraries\drivers\src\at32f403a_407_i2c.c 0x00000000   Number         0  at32f403a_407_i2c.o ABSOLUTE
    ..\..\libraries\drivers\src\at32f403a_407_misc.c 0x00000000   Number         0  at32f403a_407_misc.o ABSOLUTE
    ..\..\libraries\drivers\src\at32f403a_407_pwc.c 0x00000000   Number         0  at32f403a_407_pwc.o ABSOLUTE
    ..\..\libraries\drivers\src\at32f403a_407_usart.c 0x00000000   Number         0  at32f403a_407_usart.o ABSOLUTE
    ..\\..\\libraries\\cmsis\\cm4\\device_support\\system_at32f403a_407.c 0x00000000   Number         0  system_at32f403a_407.o ABSOLUTE
    ..\\..\\libraries\\drivers\\src\\at32f403a_407_crm.c 0x00000000   Number         0  at32f403a_407_crm.o ABSOLUTE
    ..\\..\\libraries\\drivers\\src\\at32f403a_407_dma.c 0x00000000   Number         0  at32f403a_407_dma.o ABSOLUTE
    ..\\..\\libraries\\drivers\\src\\at32f403a_407_flash.c 0x00000000   Number         0  at32f403a_407_flash.o ABSOLUTE
    ..\\..\\libraries\\drivers\\src\\at32f403a_407_gpio.c 0x00000000   Number         0  at32f403a_407_gpio.o ABSOLUTE
    ..\\..\\libraries\\drivers\\src\\at32f403a_407_i2c.c 0x00000000   Number         0  at32f403a_407_i2c.o ABSOLUTE
    ..\\..\\libraries\\drivers\\src\\at32f403a_407_misc.c 0x00000000   Number         0  at32f403a_407_misc.o ABSOLUTE
    ..\\..\\libraries\\drivers\\src\\at32f403a_407_pwc.c 0x00000000   Number         0  at32f403a_407_pwc.o ABSOLUTE
    ..\\..\\libraries\\drivers\\src\\at32f403a_407_usart.c 0x00000000   Number         0  at32f403a_407_usart.o ABSOLUTE
    ..\\src\\DELAY_ONE.c                     0x00000000   Number         0  delay_one.o ABSOLUTE
    ..\\src\\at32f403a_407_int.c             0x00000000   Number         0  at32f403a_407_int.o ABSOLUTE
    ..\\src\\at32f403a_407_wk_config.c       0x00000000   Number         0  at32f403a_407_wk_config.o ABSOLUTE
    ..\\src\\main.c                          0x00000000   Number         0  main.o ABSOLUTE
    ..\\src\\mpu6050.c                       0x00000000   Number         0  mpu6050.o ABSOLUTE
    ..\src\DELAY_ONE.c                       0x00000000   Number         0  delay_one.o ABSOLUTE
    ..\src\at32f403a_407_int.c               0x00000000   Number         0  at32f403a_407_int.o ABSOLUTE
    ..\src\at32f403a_407_wk_config.c         0x00000000   Number         0  at32f403a_407_wk_config.o ABSOLUTE
    ..\src\main.c                            0x00000000   Number         0  main.o ABSOLUTE
    ..\src\mpu6050.c                         0x00000000   Number         0  mpu6050.o ABSOLUTE
    dc.s                                     0x00000000   Number         0  dc.o ABSOLUTE
    startup_at32f403a_407.s                  0x00000000   Number         0  startup_at32f403a_407.o ABSOLUTE
    RESET                                    0x08000000   Section      388  startup_at32f403a_407.o(RESET)
    !!!main                                  0x08000184   Section        8  __main.o(!!!main)
    !!!scatter                               0x0800018c   Section       52  __scatter.o(!!!scatter)
    !!handler_copy                           0x080001c0   Section       26  __scatter_copy.o(!!handler_copy)
    !!handler_zi                             0x080001dc   Section       28  __scatter_zi.o(!!handler_zi)
    .ARM.Collect$$_printf_percent$$00000000  0x080001f8   Section        0  _printf_percent.o(.ARM.Collect$$_printf_percent$$00000000)
    .ARM.Collect$$_printf_percent$$00000003  0x080001f8   Section        6  _printf_f.o(.ARM.Collect$$_printf_percent$$00000003)
    .ARM.Collect$$_printf_percent$$0000000C  0x080001fe   Section        6  _printf_x.o(.ARM.Collect$$_printf_percent$$0000000C)
    .ARM.Collect$$_printf_percent$$00000017  0x08000204   Section        4  _printf_percent_end.o(.ARM.Collect$$_printf_percent$$00000017)
    .ARM.Collect$$libinit$$00000000          0x08000208   Section        2  libinit.o(.ARM.Collect$$libinit$$00000000)
    .ARM.Collect$$libinit$$00000001          0x0800020a   Section        4  libinit2.o(.ARM.Collect$$libinit$$00000001)
    .ARM.Collect$$libinit$$00000004          0x0800020e   Section        0  libinit2.o(.ARM.Collect$$libinit$$00000004)
    .ARM.Collect$$libinit$$0000000A          0x0800020e   Section        0  libinit2.o(.ARM.Collect$$libinit$$0000000A)
    .ARM.Collect$$libinit$$0000000C          0x0800020e   Section        0  libinit2.o(.ARM.Collect$$libinit$$0000000C)
    .ARM.Collect$$libinit$$0000000E          0x0800020e   Section        0  libinit2.o(.ARM.Collect$$libinit$$0000000E)
    .ARM.Collect$$libinit$$0000000F          0x0800020e   Section        6  libinit2.o(.ARM.Collect$$libinit$$0000000F)
    .ARM.Collect$$libinit$$00000011          0x08000214   Section        0  libinit2.o(.ARM.Collect$$libinit$$00000011)
    .ARM.Collect$$libinit$$00000013          0x08000214   Section        0  libinit2.o(.ARM.Collect$$libinit$$00000013)
    .ARM.Collect$$libinit$$00000015          0x08000214   Section        0  libinit2.o(.ARM.Collect$$libinit$$00000015)
    .ARM.Collect$$libinit$$00000016          0x08000214   Section       10  libinit2.o(.ARM.Collect$$libinit$$00000016)
    .ARM.Collect$$libinit$$00000017          0x0800021e   Section        0  libinit2.o(.ARM.Collect$$libinit$$00000017)
    .ARM.Collect$$libinit$$00000019          0x0800021e   Section        0  libinit2.o(.ARM.Collect$$libinit$$00000019)
    .ARM.Collect$$libinit$$0000001B          0x0800021e   Section        0  libinit2.o(.ARM.Collect$$libinit$$0000001B)
    .ARM.Collect$$libinit$$0000001D          0x0800021e   Section        0  libinit2.o(.ARM.Collect$$libinit$$0000001D)
    .ARM.Collect$$libinit$$0000001F          0x0800021e   Section        0  libinit2.o(.ARM.Collect$$libinit$$0000001F)
    .ARM.Collect$$libinit$$00000021          0x0800021e   Section        0  libinit2.o(.ARM.Collect$$libinit$$00000021)
    .ARM.Collect$$libinit$$00000023          0x0800021e   Section        0  libinit2.o(.ARM.Collect$$libinit$$00000023)
    .ARM.Collect$$libinit$$00000025          0x0800021e   Section        0  libinit2.o(.ARM.Collect$$libinit$$00000025)
    .ARM.Collect$$libinit$$0000002C          0x0800021e   Section        0  libinit2.o(.ARM.Collect$$libinit$$0000002C)
    .ARM.Collect$$libinit$$0000002E          0x0800021e   Section        0  libinit2.o(.ARM.Collect$$libinit$$0000002E)
    .ARM.Collect$$libinit$$00000030          0x0800021e   Section        0  libinit2.o(.ARM.Collect$$libinit$$00000030)
    .ARM.Collect$$libinit$$00000032          0x0800021e   Section        0  libinit2.o(.ARM.Collect$$libinit$$00000032)
    .ARM.Collect$$libinit$$00000033          0x0800021e   Section        2  libinit2.o(.ARM.Collect$$libinit$$00000033)
    .ARM.Collect$$libshutdown$$00000000      0x08000220   Section        2  libshutdown.o(.ARM.Collect$$libshutdown$$00000000)
    .ARM.Collect$$libshutdown$$00000002      0x08000222   Section        0  libshutdown2.o(.ARM.Collect$$libshutdown$$00000002)
    .ARM.Collect$$libshutdown$$00000004      0x08000222   Section        0  libshutdown2.o(.ARM.Collect$$libshutdown$$00000004)
    .ARM.Collect$$libshutdown$$00000006      0x08000222   Section        0  libshutdown2.o(.ARM.Collect$$libshutdown$$00000006)
    .ARM.Collect$$libshutdown$$00000009      0x08000222   Section        0  libshutdown2.o(.ARM.Collect$$libshutdown$$00000009)
    .ARM.Collect$$libshutdown$$0000000C      0x08000222   Section        0  libshutdown2.o(.ARM.Collect$$libshutdown$$0000000C)
    .ARM.Collect$$libshutdown$$0000000E      0x08000222   Section        0  libshutdown2.o(.ARM.Collect$$libshutdown$$0000000E)
    .ARM.Collect$$libshutdown$$00000011      0x08000222   Section        0  libshutdown2.o(.ARM.Collect$$libshutdown$$00000011)
    .ARM.Collect$$libshutdown$$00000012      0x08000222   Section        2  libshutdown2.o(.ARM.Collect$$libshutdown$$00000012)
    .ARM.Collect$$rtentry$$00000000          0x08000224   Section        0  __rtentry.o(.ARM.Collect$$rtentry$$00000000)
    .ARM.Collect$$rtentry$$00000002          0x08000224   Section        0  __rtentry2.o(.ARM.Collect$$rtentry$$00000002)
    .ARM.Collect$$rtentry$$00000004          0x08000224   Section        6  __rtentry4.o(.ARM.Collect$$rtentry$$00000004)
    .ARM.Collect$$rtentry$$00000009          0x0800022a   Section        0  __rtentry2.o(.ARM.Collect$$rtentry$$00000009)
    .ARM.Collect$$rtentry$$0000000A          0x0800022a   Section        4  __rtentry2.o(.ARM.Collect$$rtentry$$0000000A)
    .ARM.Collect$$rtentry$$0000000C          0x0800022e   Section        0  __rtentry2.o(.ARM.Collect$$rtentry$$0000000C)
    .ARM.Collect$$rtentry$$0000000D          0x0800022e   Section        8  __rtentry2.o(.ARM.Collect$$rtentry$$0000000D)
    .ARM.Collect$$rtexit$$00000000           0x08000236   Section        2  rtexit.o(.ARM.Collect$$rtexit$$00000000)
    .ARM.Collect$$rtexit$$00000002           0x08000238   Section        0  rtexit2.o(.ARM.Collect$$rtexit$$00000002)
    .ARM.Collect$$rtexit$$00000003           0x08000238   Section        4  rtexit2.o(.ARM.Collect$$rtexit$$00000003)
    .ARM.Collect$$rtexit$$00000004           0x0800023c   Section        6  rtexit2.o(.ARM.Collect$$rtexit$$00000004)
    .text                                    0x08000244   Section       64  startup_at32f403a_407.o(.text)
    $v0                                      0x08000244   Number         0  startup_at32f403a_407.o(.text)
    .text                                    0x08000284   Section        2  use_no_semi_2.o(.text)
    .text                                    0x08000288   Section        0  noretval__2printf.o(.text)
    .text                                    0x080002a0   Section        0  _printf_hex_int.o(.text)
    .text                                    0x080002f8   Section        0  __printf_wp.o(.text)
    .text                                    0x08000406   Section        0  heapauxi.o(.text)
    .text                                    0x0800040c   Section        2  use_no_semi.o(.text)
    .text                                    0x0800040e   Section        0  _printf_intcommon.o(.text)
    .text                                    0x080004c0   Section        0  _printf_fp_dec.o(.text)
    _fp_digits                               0x080004c3   Thumb Code   432  _printf_fp_dec.o(.text)
    .text                                    0x080008e0   Section        0  _printf_char_file.o(.text)
    .text                                    0x08000904   Section        8  rt_locale_intlibspace.o(.text)
    .text                                    0x0800090c   Section      138  lludiv10.o(.text)
    .text                                    0x08000998   Section        0  _printf_char_common.o(.text)
    _printf_input_char                       0x08000999   Thumb Code    10  _printf_char_common.o(.text)
    .text                                    0x080009c8   Section        0  _printf_fp_infnan.o(.text)
    .text                                    0x08000a48   Section        0  bigflt0.o(.text)
    .text                                    0x08000b2c   Section        0  ferror.o(.text)
    .text                                    0x08000b34   Section        8  libspace.o(.text)
    .text                                    0x08000b3c   Section       74  sys_stackheap_outer.o(.text)
    .text                                    0x08000b86   Section        0  exit.o(.text)
    .text                                    0x08000b98   Section      128  strcmpv7m.o(.text)
    CL$$btod_d2e                             0x08000c18   Section       62  btod.o(CL$$btod_d2e)
    CL$$btod_d2e_denorm_low                  0x08000c56   Section       70  btod.o(CL$$btod_d2e_denorm_low)
    CL$$btod_d2e_norm_op1                    0x08000c9c   Section       96  btod.o(CL$$btod_d2e_norm_op1)
    CL$$btod_div_common                      0x08000cfc   Section      824  btod.o(CL$$btod_div_common)
    CL$$btod_e2e                             0x08001034   Section      220  btod.o(CL$$btod_e2e)
    CL$$btod_ediv                            0x08001110   Section       42  btod.o(CL$$btod_ediv)
    CL$$btod_emul                            0x0800113a   Section       42  btod.o(CL$$btod_emul)
    CL$$btod_mult_common                     0x08001164   Section      580  btod.o(CL$$btod_mult_common)
    i.BusFault_Handler                       0x080013a8   Section        0  at32f403a_407_int.o(i.BusFault_Handler)
    i.CRM_IRQHandler                         0x080013ac   Section        0  at32f403a_407_int.o(i.CRM_IRQHandler)
    i.DebugMon_Handler                       0x080013ae   Section        0  at32f403a_407_int.o(i.DebugMon_Handler)
    i.HardFault_Handler                      0x080013b0   Section        0  at32f403a_407_int.o(i.HardFault_Handler)
    i.MPU6050_Byte_to_HalfWord               0x080013b4   Section        0  mpu6050.o(i.MPU6050_Byte_to_HalfWord)
    i.MPU6050_GetACCEL                       0x080013be   Section        0  mpu6050.o(i.MPU6050_GetACCEL)
    i.MPU6050_GetAccel_Value                 0x08001412   Section        0  mpu6050.o(i.MPU6050_GetAccel_Value)
    i.MPU6050_GetGYRO                        0x08001484   Section        0  mpu6050.o(i.MPU6050_GetGYRO)
    i.MPU6050_GetGyro_Value                  0x080014d8   Section        0  mpu6050.o(i.MPU6050_GetGyro_Value)
    i.MPU6050_GetID                          0x08001554   Section        0  mpu6050.o(i.MPU6050_GetID)
    i.MPU6050_GetTemp                        0x08001564   Section        0  mpu6050.o(i.MPU6050_GetTemp)
    i.MPU6050_GetTemp_Value                  0x08001584   Section        0  mpu6050.o(i.MPU6050_GetTemp_Value)
    i.MPU6050_Init                           0x080015f0   Section        0  mpu6050.o(i.MPU6050_Init)
    i.MPU6050_ReadReg                        0x08001624   Section        0  mpu6050.o(i.MPU6050_ReadReg)
    i.MPU6050_WriteReg                       0x08001664   Section        0  mpu6050.o(i.MPU6050_WriteReg)
    i.MemManage_Handler                      0x08001692   Section        0  at32f403a_407_int.o(i.MemManage_Handler)
    i.NMI_Handler                            0x08001696   Section        0  at32f403a_407_int.o(i.NMI_Handler)
    i.PendSV_Handler                         0x08001698   Section        0  at32f403a_407_int.o(i.PendSV_Handler)
    i.SVC_Handler                            0x0800169a   Section        0  at32f403a_407_int.o(i.SVC_Handler)
    i.Scale_Transform                        0x0800169c   Section        0  mpu6050.o(i.Scale_Transform)
    i.SysTick_Handler                        0x080016d8   Section        0  at32f403a_407_int.o(i.SysTick_Handler)
    i.SystemInit                             0x080016dc   Section        0  system_at32f403a_407.o(i.SystemInit)
    i.UART4_IRQHandler                       0x0800174c   Section        0  at32f403a_407_int.o(i.UART4_IRQHandler)
    i.UsageFault_Handler                     0x080017a4   Section        0  at32f403a_407_int.o(i.UsageFault_Handler)
    i.__ARM_fpclassify                       0x080017a8   Section        0  fpclassify.o(i.__ARM_fpclassify)
    i._is_digit                              0x080017d8   Section        0  __printf_wp.o(i._is_digit)
    i._sys_exit                              0x080017e6   Section        0  main.o(i._sys_exit)
    i.crm_ahb_div_set                        0x080017ec   Section        0  at32f403a_407_crm.o(i.crm_ahb_div_set)
    i.crm_apb1_div_set                       0x08001800   Section        0  at32f403a_407_crm.o(i.crm_apb1_div_set)
    i.crm_apb2_div_set                       0x08001814   Section        0  at32f403a_407_crm.o(i.crm_apb2_div_set)
    i.crm_auto_step_mode_enable              0x08001828   Section        0  at32f403a_407_crm.o(i.crm_auto_step_mode_enable)
    i.crm_clock_source_enable                0x08001850   Section        0  at32f403a_407_crm.o(i.crm_clock_source_enable)
    i.crm_clocks_freq_get                    0x080018b0   Section        0  at32f403a_407_crm.o(i.crm_clocks_freq_get)
    i.crm_flag_get                           0x080019e0   Section        0  at32f403a_407_crm.o(i.crm_flag_get)
    i.crm_hext_stable_wait                   0x08001a10   Section        0  at32f403a_407_crm.o(i.crm_hext_stable_wait)
    i.crm_periph_clock_enable                0x08001a40   Section        0  at32f403a_407_crm.o(i.crm_periph_clock_enable)
    i.crm_pll_config                         0x08001a84   Section        0  at32f403a_407_crm.o(i.crm_pll_config)
    i.crm_reset                              0x08001b00   Section        0  at32f403a_407_crm.o(i.crm_reset)
    i.crm_sysclk_switch                      0x08001b58   Section        0  at32f403a_407_crm.o(i.crm_sysclk_switch)
    i.crm_sysclk_switch_status_get           0x08001b94   Section        0  at32f403a_407_crm.o(i.crm_sysclk_switch_status_get)
    i.delay_init                             0x08001ba4   Section        0  delay_one.o(i.delay_init)
    i.delay_ms                               0x08001bdc   Section        0  delay_one.o(i.delay_ms)
    i.delay_us                               0x08001c50   Section        0  delay_one.o(i.delay_us)
    i.fputc                                  0x08001ca0   Section        0  main.o(i.fputc)
    i.gpio_bits_set                          0x08001cd4   Section        0  at32f403a_407_gpio.o(i.gpio_bits_set)
    i.gpio_bits_write                        0x08001cd8   Section        0  at32f403a_407_gpio.o(i.gpio_bits_write)
    i.gpio_default_para_init                 0x08001ce2   Section        0  at32f403a_407_gpio.o(i.gpio_default_para_init)
    i.gpio_init                              0x08001cf8   Section        0  at32f403a_407_gpio.o(i.gpio_init)
    i.gpio_input_data_bit_read               0x08001da0   Section        0  at32f403a_407_gpio.o(i.gpio_input_data_bit_read)
    i.i2c_SCL_WriteorRead                    0x08001db4   Section        0  mpu6050.o(i.i2c_SCL_WriteorRead)
    i.i2c_SDA_WriteorRead                    0x08001de0   Section        0  mpu6050.o(i.i2c_SDA_WriteorRead)
    i.i2c_read                               0x08001e0c   Section        0  mpu6050.o(i.i2c_read)
    i.i2c_recvAck                            0x08001e4a   Section        0  mpu6050.o(i.i2c_recvAck)
    i.i2c_sendAck                            0x08001e74   Section        0  mpu6050.o(i.i2c_sendAck)
    i.i2c_start                              0x08001e92   Section        0  mpu6050.o(i.i2c_start)
    i.i2c_stop                               0x08001eb6   Section        0  mpu6050.o(i.i2c_stop)
    i.i2c_write                              0x08001ed2   Section        0  mpu6050.o(i.i2c_write)
    i.main                                   0x08001f08   Section        0  main.o(i.main)
    i.mpu6050_capture_data                   0x08001f50   Section        0  main.o(i.mpu6050_capture_data)
    i.mpu6050_init_struct                    0x08002020   Section        0  main.o(i.mpu6050_init_struct)
    i.nvic_irq_enable                        0x08002100   Section        0  at32f403a_407_misc.o(i.nvic_irq_enable)
    i.nvic_priority_group_config             0x080021c8   Section        0  at32f403a_407_misc.o(i.nvic_priority_group_config)
    i.pwc_battery_powered_domain_access      0x080021f0   Section        0  at32f403a_407_pwc.o(i.pwc_battery_powered_domain_access)
    i.system_core_clock_update               0x08002204   Section        0  system_at32f403a_407.o(i.system_core_clock_update)
    i.systick_clock_source_config            0x08002300   Section        0  at32f403a_407_misc.o(i.systick_clock_source_config)
    i.systick_interrupt_config               0x08002328   Section        0  at32f403a_407_wk_config.o(i.systick_interrupt_config)
    i.usart_data_transmit                    0x08002350   Section        0  at32f403a_407_usart.o(i.usart_data_transmit)
    i.usart_enable                           0x08002358   Section        0  at32f403a_407_usart.o(i.usart_enable)
    i.usart_flag_get                         0x08002362   Section        0  at32f403a_407_usart.o(i.usart_flag_get)
    i.usart_hardware_flow_control_set        0x08002372   Section        0  at32f403a_407_usart.o(i.usart_hardware_flow_control_set)
    i.usart_init                             0x080023d8   Section        0  at32f403a_407_usart.o(i.usart_init)
    i.usart_interrupt_enable                 0x08002460   Section        0  at32f403a_407_usart.o(i.usart_interrupt_enable)
    i.usart_interrupt_flag_get               0x08002496   Section        0  at32f403a_407_usart.o(i.usart_interrupt_flag_get)
    i.usart_parity_selection_config          0x08002546   Section        0  at32f403a_407_usart.o(i.usart_parity_selection_config)
    i.usart_receiver_enable                  0x08002592   Section        0  at32f403a_407_usart.o(i.usart_receiver_enable)
    i.usart_transmitter_enable               0x0800259c   Section        0  at32f403a_407_usart.o(i.usart_transmitter_enable)
    i.wk_gpio_config                         0x080025a8   Section        0  at32f403a_407_wk_config.o(i.wk_gpio_config)
    i.wk_nvic_config                         0x080025e4   Section        0  at32f403a_407_wk_config.o(i.wk_nvic_config)
    i.wk_periph_clock_config                 0x0800260c   Section        0  at32f403a_407_wk_config.o(i.wk_periph_clock_config)
    i.wk_system_clock_config                 0x08002648   Section        0  at32f403a_407_wk_config.o(i.wk_system_clock_config)
    i.wk_uart4_init                          0x08002720   Section        0  at32f403a_407_wk_config.o(i.wk_uart4_init)
    locale$$code                             0x080027cc   Section       44  lc_numeric_c.o(locale$$code)
    x$fpl$d2f                                0x080027f8   Section       98  d2f.o(x$fpl$d2f)
    $v0                                      0x080027f8   Number         0  d2f.o(x$fpl$d2f)
    x$fpl$dadd                               0x0800285c   Section      336  daddsub_clz.o(x$fpl$dadd)
    $v0                                      0x0800285c   Number         0  daddsub_clz.o(x$fpl$dadd)
    _dadd1                                   0x0800286d   Thumb Code     0  daddsub_clz.o(x$fpl$dadd)
    x$fpl$ddiv                               0x080029ac   Section      688  ddiv.o(x$fpl$ddiv)
    $v0                                      0x080029ac   Number         0  ddiv.o(x$fpl$ddiv)
    ddiv_entry                               0x080029b3   Thumb Code     0  ddiv.o(x$fpl$ddiv)
    x$fpl$dnaninf                            0x08002c5c   Section      156  dnaninf.o(x$fpl$dnaninf)
    $v0                                      0x08002c5c   Number         0  dnaninf.o(x$fpl$dnaninf)
    x$fpl$dretinf                            0x08002cf8   Section       12  dretinf.o(x$fpl$dretinf)
    $v0                                      0x08002cf8   Number         0  dretinf.o(x$fpl$dretinf)
    x$fpl$dsub                               0x08002d04   Section      468  daddsub_clz.o(x$fpl$dsub)
    $v0                                      0x08002d04   Number         0  daddsub_clz.o(x$fpl$dsub)
    _dsub1                                   0x08002d15   Thumb Code     0  daddsub_clz.o(x$fpl$dsub)
    x$fpl$f2d                                0x08002ed8   Section       86  f2d.o(x$fpl$f2d)
    $v0                                      0x08002ed8   Number         0  f2d.o(x$fpl$f2d)
    x$fpl$fnaninf                            0x08002f2e   Section      140  fnaninf.o(x$fpl$fnaninf)
    $v0                                      0x08002f2e   Number         0  fnaninf.o(x$fpl$fnaninf)
    x$fpl$fpinit                             0x08002fba   Section       10  fpinit.o(x$fpl$fpinit)
    $v0                                      0x08002fba   Number         0  fpinit.o(x$fpl$fpinit)
    x$fpl$fretinf                            0x08002fc4   Section       10  fretinf.o(x$fpl$fretinf)
    $v0                                      0x08002fc4   Number         0  fretinf.o(x$fpl$fretinf)
    x$fpl$printf1                            0x08002fce   Section        4  printf1.o(x$fpl$printf1)
    $v0                                      0x08002fce   Number         0  printf1.o(x$fpl$printf1)
    .constdata                               0x08002fd2   Section       40  at32f403a_407_crm.o(.constdata)
    x$fpl$usenofp                            0x08002fd2   Section        0  usenofp.o(x$fpl$usenofp)
    sclk_ahb_div_table                       0x08002fd2   Data          16  at32f403a_407_crm.o(.constdata)
    ahb_apb1_div_table                       0x08002fe2   Data           8  at32f403a_407_crm.o(.constdata)
    ahb_apb2_div_table                       0x08002fea   Data           8  at32f403a_407_crm.o(.constdata)
    adc_div_table                            0x08002ff2   Data           8  at32f403a_407_crm.o(.constdata)
    .constdata                               0x08002ffa   Section       16  system_at32f403a_407.o(.constdata)
    sys_ahb_div_table                        0x08002ffa   Data          16  system_at32f403a_407.o(.constdata)
    .constdata                               0x0800300a   Section       40  _printf_hex_int.o(.constdata)
    uc_hextab                                0x0800300a   Data          20  _printf_hex_int.o(.constdata)
    lc_hextab                                0x0800301e   Data          20  _printf_hex_int.o(.constdata)
    .constdata                               0x08003034   Section      148  bigflt0.o(.constdata)
    tenpwrs_x                                0x08003034   Data          60  bigflt0.o(.constdata)
    tenpwrs_i                                0x08003070   Data          64  bigflt0.o(.constdata)
    locale$$data                             0x080030e8   Section       28  lc_numeric_c.o(locale$$data)
    __lcnum_c_name                           0x080030ec   Data           2  lc_numeric_c.o(locale$$data)
    __lcnum_c_start                          0x080030f4   Data           0  lc_numeric_c.o(locale$$data)
    __lcnum_c_point                          0x08003100   Data           0  lc_numeric_c.o(locale$$data)
    __lcnum_c_thousands                      0x08003102   Data           0  lc_numeric_c.o(locale$$data)
    __lcnum_c_grouping                       0x08003103   Data           0  lc_numeric_c.o(locale$$data)
    __lcnum_c_end                            0x08003104   Data           0  lc_numeric_c.o(locale$$data)
    .data                                    0x20000000   Section       56  main.o(.data)
    .data                                    0x20000038   Section        8  delay_one.o(.data)
    fac_us                                   0x20000038   Data           4  delay_one.o(.data)
    fac_ms                                   0x2000003c   Data           4  delay_one.o(.data)
    .data                                    0x20000040   Section        4  system_at32f403a_407.o(.data)
    .bss                                     0x20000044   Section     3136  main.o(.bss)
    .bss                                     0x20000c84   Section       96  libspace.o(.bss)
    HEAP                                     0x20000ce8   Section      512  startup_at32f403a_407.o(HEAP)
    Heap_Mem                                 0x20000ce8   Data         512  startup_at32f403a_407.o(HEAP)
    STACK                                    0x20000ee8   Section     1024  startup_at32f403a_407.o(STACK)
    Stack_Mem                                0x20000ee8   Data        1024  startup_at32f403a_407.o(STACK)
    __initial_sp                             0x200012e8   Data           0  startup_at32f403a_407.o(STACK)

    Global Symbols

    Symbol Name                              Value     Ov Type        Size  Object(Section)

    BuildAttributes$$THM_ISAv4$E$P$D$K$B$S$7EM$VFPi3$EXTD16$VFPS$VFMA$PE$A:L22UL41UL21$X:L11$S22US41US21$IEEE1$IW$USESV6$~STKCKD$USESV7$~SHL$OTIME$ROPI$IEEEJ$EBA8$UX$STANDARDLIB$REQ8$PRES8$EABIv2 0x00000000   Number         0  anon$$obj.o ABSOLUTE
    __ARM_use_no_argv                        0x00000000   Number         0  main.o ABSOLUTE
    _printf_flags                            0x00000000   Number         0  printf_stubs.o ABSOLUTE
    _printf_return_value                     0x00000000   Number         0  printf_stubs.o ABSOLUTE
    _printf_sizespec                         0x00000000   Number         0  printf_stubs.o ABSOLUTE
    _printf_widthprec                        0x00000000   Number         0  printf_stubs.o ABSOLUTE
    __ARM_exceptions_init                     - Undefined Weak Reference
    __alloca_initialize                       - Undefined Weak Reference
    __arm_fini_                               - Undefined Weak Reference
    __arm_preinit_                            - Undefined Weak Reference
    __cpp_initialize__aeabi_                  - Undefined Weak Reference
    __cxa_finalize                            - Undefined Weak Reference
    __sigvec_lookup                           - Undefined Weak Reference
    _atexit_init                              - Undefined Weak Reference
    _call_atexit_fns                          - Undefined Weak Reference
    _clock_init                               - Undefined Weak Reference
    _fp_trap_init                             - Undefined Weak Reference
    _fp_trap_shutdown                         - Undefined Weak Reference
    _get_lc_collate                           - Undefined Weak Reference
    _get_lc_ctype                             - Undefined Weak Reference
    _get_lc_monetary                          - Undefined Weak Reference
    _get_lc_time                              - Undefined Weak Reference
    _getenv_init                              - Undefined Weak Reference
    _handle_redirection                       - Undefined Weak Reference
    _init_alloc                               - Undefined Weak Reference
    _init_user_alloc                          - Undefined Weak Reference
    _initio                                   - Undefined Weak Reference
    _mutex_acquire                            - Undefined Weak Reference
    _mutex_release                            - Undefined Weak Reference
    _printf_post_padding                      - Undefined Weak Reference
    _printf_pre_padding                       - Undefined Weak Reference
    _printf_truncate_unsigned                 - Undefined Weak Reference
    _rand_init                                - Undefined Weak Reference
    _signal_finish                            - Undefined Weak Reference
    _signal_init                              - Undefined Weak Reference
    _terminate_alloc                          - Undefined Weak Reference
    _terminate_user_alloc                     - Undefined Weak Reference
    _terminateio                              - Undefined Weak Reference
    __Vectors_Size                           0x00000184   Number         0  startup_at32f403a_407.o ABSOLUTE
    __Vectors                                0x08000000   Data           4  startup_at32f403a_407.o(RESET)
    __Vectors_End                            0x08000184   Data           0  startup_at32f403a_407.o(RESET)
    __main                                   0x08000185   Thumb Code     8  __main.o(!!!main)
    __scatterload                            0x0800018d   Thumb Code     0  __scatter.o(!!!scatter)
    __scatterload_rt2                        0x0800018d   Thumb Code    44  __scatter.o(!!!scatter)
    __scatterload_rt2_thumb_only             0x0800018d   Thumb Code     0  __scatter.o(!!!scatter)
    __scatterload_null                       0x0800019b   Thumb Code     0  __scatter.o(!!!scatter)
    __scatterload_copy                       0x080001c1   Thumb Code    26  __scatter_copy.o(!!handler_copy)
    __scatterload_zeroinit                   0x080001dd   Thumb Code    28  __scatter_zi.o(!!handler_zi)
    _printf_f                                0x080001f9   Thumb Code     0  _printf_f.o(.ARM.Collect$$_printf_percent$$00000003)
    _printf_percent                          0x080001f9   Thumb Code     0  _printf_percent.o(.ARM.Collect$$_printf_percent$$00000000)
    _printf_x                                0x080001ff   Thumb Code     0  _printf_x.o(.ARM.Collect$$_printf_percent$$0000000C)
    _printf_percent_end                      0x08000205   Thumb Code     0  _printf_percent_end.o(.ARM.Collect$$_printf_percent$$00000017)
    __rt_lib_init                            0x08000209   Thumb Code     0  libinit.o(.ARM.Collect$$libinit$$00000000)
    __rt_lib_init_fp_1                       0x0800020b   Thumb Code     0  libinit2.o(.ARM.Collect$$libinit$$00000001)
    __rt_lib_init_heap_1                     0x0800020f   Thumb Code     0  libinit2.o(.ARM.Collect$$libinit$$0000000A)
    __rt_lib_init_lc_common                  0x0800020f   Thumb Code     0  libinit2.o(.ARM.Collect$$libinit$$0000000F)
    __rt_lib_init_preinit_1                  0x0800020f   Thumb Code     0  libinit2.o(.ARM.Collect$$libinit$$00000004)
    __rt_lib_init_rand_1                     0x0800020f   Thumb Code     0  libinit2.o(.ARM.Collect$$libinit$$0000000E)
    __rt_lib_init_user_alloc_1               0x0800020f   Thumb Code     0  libinit2.o(.ARM.Collect$$libinit$$0000000C)
    __rt_lib_init_lc_collate_1               0x08000215   Thumb Code     0  libinit2.o(.ARM.Collect$$libinit$$00000011)
    __rt_lib_init_lc_ctype_1                 0x08000215   Thumb Code     0  libinit2.o(.ARM.Collect$$libinit$$00000013)
    __rt_lib_init_lc_monetary_1              0x08000215   Thumb Code     0  libinit2.o(.ARM.Collect$$libinit$$00000015)
    __rt_lib_init_lc_numeric_2               0x08000215   Thumb Code     0  libinit2.o(.ARM.Collect$$libinit$$00000016)
    __rt_lib_init_alloca_1                   0x0800021f   Thumb Code     0  libinit2.o(.ARM.Collect$$libinit$$0000002E)
    __rt_lib_init_argv_1                     0x0800021f   Thumb Code     0  libinit2.o(.ARM.Collect$$libinit$$0000002C)
    __rt_lib_init_atexit_1                   0x0800021f   Thumb Code     0  libinit2.o(.ARM.Collect$$libinit$$0000001B)
    __rt_lib_init_clock_1                    0x0800021f   Thumb Code     0  libinit2.o(.ARM.Collect$$libinit$$00000021)
    __rt_lib_init_cpp_1                      0x0800021f   Thumb Code     0  libinit2.o(.ARM.Collect$$libinit$$00000032)
    __rt_lib_init_exceptions_1               0x0800021f   Thumb Code     0  libinit2.o(.ARM.Collect$$libinit$$00000030)
    __rt_lib_init_fp_trap_1                  0x0800021f   Thumb Code     0  libinit2.o(.ARM.Collect$$libinit$$0000001F)
    __rt_lib_init_getenv_1                   0x0800021f   Thumb Code     0  libinit2.o(.ARM.Collect$$libinit$$00000023)
    __rt_lib_init_lc_numeric_1               0x0800021f   Thumb Code     0  libinit2.o(.ARM.Collect$$libinit$$00000017)
    __rt_lib_init_lc_time_1                  0x0800021f   Thumb Code     0  libinit2.o(.ARM.Collect$$libinit$$00000019)
    __rt_lib_init_return                     0x0800021f   Thumb Code     0  libinit2.o(.ARM.Collect$$libinit$$00000033)
    __rt_lib_init_signal_1                   0x0800021f   Thumb Code     0  libinit2.o(.ARM.Collect$$libinit$$0000001D)
    __rt_lib_init_stdio_1                    0x0800021f   Thumb Code     0  libinit2.o(.ARM.Collect$$libinit$$00000025)
    __rt_lib_shutdown                        0x08000221   Thumb Code     0  libshutdown.o(.ARM.Collect$$libshutdown$$00000000)
    __rt_lib_shutdown_cpp_1                  0x08000223   Thumb Code     0  libshutdown2.o(.ARM.Collect$$libshutdown$$00000004)
    __rt_lib_shutdown_fini_1                 0x08000223   Thumb Code     0  libshutdown2.o(.ARM.Collect$$libshutdown$$00000002)
    __rt_lib_shutdown_fp_trap_1              0x08000223   Thumb Code     0  libshutdown2.o(.ARM.Collect$$libshutdown$$00000009)
    __rt_lib_shutdown_heap_1                 0x08000223   Thumb Code     0  libshutdown2.o(.ARM.Collect$$libshutdown$$00000011)
    __rt_lib_shutdown_return                 0x08000223   Thumb Code     0  libshutdown2.o(.ARM.Collect$$libshutdown$$00000012)
    __rt_lib_shutdown_signal_1               0x08000223   Thumb Code     0  libshutdown2.o(.ARM.Collect$$libshutdown$$0000000C)
    __rt_lib_shutdown_stdio_1                0x08000223   Thumb Code     0  libshutdown2.o(.ARM.Collect$$libshutdown$$00000006)
    __rt_lib_shutdown_user_alloc_1           0x08000223   Thumb Code     0  libshutdown2.o(.ARM.Collect$$libshutdown$$0000000E)
    __rt_entry                               0x08000225   Thumb Code     0  __rtentry.o(.ARM.Collect$$rtentry$$00000000)
    __rt_entry_presh_1                       0x08000225   Thumb Code     0  __rtentry2.o(.ARM.Collect$$rtentry$$00000002)
    __rt_entry_sh                            0x08000225   Thumb Code     0  __rtentry4.o(.ARM.Collect$$rtentry$$00000004)
    __rt_entry_li                            0x0800022b   Thumb Code     0  __rtentry2.o(.ARM.Collect$$rtentry$$0000000A)
    __rt_entry_postsh_1                      0x0800022b   Thumb Code     0  __rtentry2.o(.ARM.Collect$$rtentry$$00000009)
    __rt_entry_main                          0x0800022f   Thumb Code     0  __rtentry2.o(.ARM.Collect$$rtentry$$0000000D)
    __rt_entry_postli_1                      0x0800022f   Thumb Code     0  __rtentry2.o(.ARM.Collect$$rtentry$$0000000C)
    __rt_exit                                0x08000237   Thumb Code     0  rtexit.o(.ARM.Collect$$rtexit$$00000000)
    __rt_exit_ls                             0x08000239   Thumb Code     0  rtexit2.o(.ARM.Collect$$rtexit$$00000003)
    __rt_exit_prels_1                        0x08000239   Thumb Code     0  rtexit2.o(.ARM.Collect$$rtexit$$00000002)
    __rt_exit_exit                           0x0800023d   Thumb Code     0  rtexit2.o(.ARM.Collect$$rtexit$$00000004)
    Reset_Handler                            0x08000245   Thumb Code     8  startup_at32f403a_407.o(.text)
    ACC_IRQHandler                           0x0800025f   Thumb Code     0  startup_at32f403a_407.o(.text)
    ADC1_2_IRQHandler                        0x0800025f   Thumb Code     0  startup_at32f403a_407.o(.text)
    ADC3_IRQHandler                          0x0800025f   Thumb Code     0  startup_at32f403a_407.o(.text)
    CAN1_RX1_IRQHandler                      0x0800025f   Thumb Code     0  startup_at32f403a_407.o(.text)
    CAN1_SE_IRQHandler                       0x0800025f   Thumb Code     0  startup_at32f403a_407.o(.text)
    CAN2_RX0_IRQHandler                      0x0800025f   Thumb Code     0  startup_at32f403a_407.o(.text)
    CAN2_RX1_IRQHandler                      0x0800025f   Thumb Code     0  startup_at32f403a_407.o(.text)
    CAN2_SE_IRQHandler                       0x0800025f   Thumb Code     0  startup_at32f403a_407.o(.text)
    CAN2_TX_IRQHandler                       0x0800025f   Thumb Code     0  startup_at32f403a_407.o(.text)
    DMA1_Channel1_IRQHandler                 0x0800025f   Thumb Code     0  startup_at32f403a_407.o(.text)
    DMA1_Channel2_IRQHandler                 0x0800025f   Thumb Code     0  startup_at32f403a_407.o(.text)
    DMA1_Channel3_IRQHandler                 0x0800025f   Thumb Code     0  startup_at32f403a_407.o(.text)
    DMA1_Channel4_IRQHandler                 0x0800025f   Thumb Code     0  startup_at32f403a_407.o(.text)
    DMA1_Channel5_IRQHandler                 0x0800025f   Thumb Code     0  startup_at32f403a_407.o(.text)
    DMA1_Channel6_IRQHandler                 0x0800025f   Thumb Code     0  startup_at32f403a_407.o(.text)
    DMA1_Channel7_IRQHandler                 0x0800025f   Thumb Code     0  startup_at32f403a_407.o(.text)
    DMA2_Channel1_IRQHandler                 0x0800025f   Thumb Code     0  startup_at32f403a_407.o(.text)
    DMA2_Channel2_IRQHandler                 0x0800025f   Thumb Code     0  startup_at32f403a_407.o(.text)
    DMA2_Channel3_IRQHandler                 0x0800025f   Thumb Code     0  startup_at32f403a_407.o(.text)
    DMA2_Channel4_5_IRQHandler               0x0800025f   Thumb Code     0  startup_at32f403a_407.o(.text)
    DMA2_Channel6_7_IRQHandler               0x0800025f   Thumb Code     0  startup_at32f403a_407.o(.text)
    EMAC_IRQHandler                          0x0800025f   Thumb Code     0  startup_at32f403a_407.o(.text)
    EMAC_WKUP_IRQHandler                     0x0800025f   Thumb Code     0  startup_at32f403a_407.o(.text)
    EXINT0_IRQHandler                        0x0800025f   Thumb Code     0  startup_at32f403a_407.o(.text)
    EXINT15_10_IRQHandler                    0x0800025f   Thumb Code     0  startup_at32f403a_407.o(.text)
    EXINT1_IRQHandler                        0x0800025f   Thumb Code     0  startup_at32f403a_407.o(.text)
    EXINT2_IRQHandler                        0x0800025f   Thumb Code     0  startup_at32f403a_407.o(.text)
    EXINT3_IRQHandler                        0x0800025f   Thumb Code     0  startup_at32f403a_407.o(.text)
    EXINT4_IRQHandler                        0x0800025f   Thumb Code     0  startup_at32f403a_407.o(.text)
    EXINT9_5_IRQHandler                      0x0800025f   Thumb Code     0  startup_at32f403a_407.o(.text)
    FLASH_IRQHandler                         0x0800025f   Thumb Code     0  startup_at32f403a_407.o(.text)
    I2C1_ERR_IRQHandler                      0x0800025f   Thumb Code     0  startup_at32f403a_407.o(.text)
    I2C1_EVT_IRQHandler                      0x0800025f   Thumb Code     0  startup_at32f403a_407.o(.text)
    I2C2_ERR_IRQHandler                      0x0800025f   Thumb Code     0  startup_at32f403a_407.o(.text)
    I2C2_EVT_IRQHandler                      0x0800025f   Thumb Code     0  startup_at32f403a_407.o(.text)
    I2C3_ERR_IRQHandler                      0x0800025f   Thumb Code     0  startup_at32f403a_407.o(.text)
    I2C3_EVT_IRQHandler                      0x0800025f   Thumb Code     0  startup_at32f403a_407.o(.text)
    PVM_IRQHandler                           0x0800025f   Thumb Code     0  startup_at32f403a_407.o(.text)
    RTCAlarm_IRQHandler                      0x0800025f   Thumb Code     0  startup_at32f403a_407.o(.text)
    RTC_IRQHandler                           0x0800025f   Thumb Code     0  startup_at32f403a_407.o(.text)
    SDIO1_IRQHandler                         0x0800025f   Thumb Code     0  startup_at32f403a_407.o(.text)
    SDIO2_IRQHandler                         0x0800025f   Thumb Code     0  startup_at32f403a_407.o(.text)
    SPI1_IRQHandler                          0x0800025f   Thumb Code     0  startup_at32f403a_407.o(.text)
    SPI2_I2S2EXT_IRQHandler                  0x0800025f   Thumb Code     0  startup_at32f403a_407.o(.text)
    SPI3_I2S3EXT_IRQHandler                  0x0800025f   Thumb Code     0  startup_at32f403a_407.o(.text)
    SPI4_IRQHandler                          0x0800025f   Thumb Code     0  startup_at32f403a_407.o(.text)
    TAMPER_IRQHandler                        0x0800025f   Thumb Code     0  startup_at32f403a_407.o(.text)
    TMR1_BRK_TMR9_IRQHandler                 0x0800025f   Thumb Code     0  startup_at32f403a_407.o(.text)
    TMR1_CH_IRQHandler                       0x0800025f   Thumb Code     0  startup_at32f403a_407.o(.text)
    TMR1_OVF_TMR10_IRQHandler                0x0800025f   Thumb Code     0  startup_at32f403a_407.o(.text)
    TMR1_TRG_HALL_TMR11_IRQHandler           0x0800025f   Thumb Code     0  startup_at32f403a_407.o(.text)
    TMR2_GLOBAL_IRQHandler                   0x0800025f   Thumb Code     0  startup_at32f403a_407.o(.text)
    TMR3_GLOBAL_IRQHandler                   0x0800025f   Thumb Code     0  startup_at32f403a_407.o(.text)
    TMR4_GLOBAL_IRQHandler                   0x0800025f   Thumb Code     0  startup_at32f403a_407.o(.text)
    TMR5_GLOBAL_IRQHandler                   0x0800025f   Thumb Code     0  startup_at32f403a_407.o(.text)
    TMR6_GLOBAL_IRQHandler                   0x0800025f   Thumb Code     0  startup_at32f403a_407.o(.text)
    TMR7_GLOBAL_IRQHandler                   0x0800025f   Thumb Code     0  startup_at32f403a_407.o(.text)
    TMR8_BRK_TMR12_IRQHandler                0x0800025f   Thumb Code     0  startup_at32f403a_407.o(.text)
    TMR8_CH_IRQHandler                       0x0800025f   Thumb Code     0  startup_at32f403a_407.o(.text)
    TMR8_OVF_TMR13_IRQHandler                0x0800025f   Thumb Code     0  startup_at32f403a_407.o(.text)
    TMR8_TRG_HALL_TMR14_IRQHandler           0x0800025f   Thumb Code     0  startup_at32f403a_407.o(.text)
    UART5_IRQHandler                         0x0800025f   Thumb Code     0  startup_at32f403a_407.o(.text)
    UART7_IRQHandler                         0x0800025f   Thumb Code     0  startup_at32f403a_407.o(.text)
    UART8_IRQHandler                         0x0800025f   Thumb Code     0  startup_at32f403a_407.o(.text)
    USART1_IRQHandler                        0x0800025f   Thumb Code     0  startup_at32f403a_407.o(.text)
    USART2_IRQHandler                        0x0800025f   Thumb Code     0  startup_at32f403a_407.o(.text)
    USART3_IRQHandler                        0x0800025f   Thumb Code     0  startup_at32f403a_407.o(.text)
    USART6_IRQHandler                        0x0800025f   Thumb Code     0  startup_at32f403a_407.o(.text)
    USBFSWakeUp_IRQHandler                   0x0800025f   Thumb Code     0  startup_at32f403a_407.o(.text)
    USBFS_H_CAN1_TX_IRQHandler               0x0800025f   Thumb Code     0  startup_at32f403a_407.o(.text)
    USBFS_L_CAN1_RX0_IRQHandler              0x0800025f   Thumb Code     0  startup_at32f403a_407.o(.text)
    USBFS_MAPH_IRQHandler                    0x0800025f   Thumb Code     0  startup_at32f403a_407.o(.text)
    USBFS_MAPL_IRQHandler                    0x0800025f   Thumb Code     0  startup_at32f403a_407.o(.text)
    WWDT_IRQHandler                          0x0800025f   Thumb Code     0  startup_at32f403a_407.o(.text)
    XMC_IRQHandler                           0x0800025f   Thumb Code     0  startup_at32f403a_407.o(.text)
    __user_initial_stackheap                 0x08000261   Thumb Code     0  startup_at32f403a_407.o(.text)
    __use_no_semihosting                     0x08000285   Thumb Code     2  use_no_semi_2.o(.text)
    __2printf                                0x08000289   Thumb Code    20  noretval__2printf.o(.text)
    _printf_int_hex                          0x080002a1   Thumb Code    84  _printf_hex_int.o(.text)
    _printf_longlong_hex                     0x080002a1   Thumb Code     0  _printf_hex_int.o(.text)
    __printf                                 0x080002f9   Thumb Code   270  __printf_wp.o(.text)
    __use_two_region_memory                  0x08000407   Thumb Code     2  heapauxi.o(.text)
    __rt_heap_escrow$2region                 0x08000409   Thumb Code     2  heapauxi.o(.text)
    __rt_heap_expand$2region                 0x0800040b   Thumb Code     2  heapauxi.o(.text)
    __I$use$semihosting                      0x0800040d   Thumb Code     0  use_no_semi.o(.text)
    __use_no_semihosting_swi                 0x0800040d   Thumb Code     2  use_no_semi.o(.text)
    _printf_int_common                       0x0800040f   Thumb Code   178  _printf_intcommon.o(.text)
    __lib_sel_fp_printf                      0x080004c1   Thumb Code     2  _printf_fp_dec.o(.text)
    _printf_fp_dec_real                      0x08000673   Thumb Code   620  _printf_fp_dec.o(.text)
    _printf_char_file                        0x080008e1   Thumb Code    32  _printf_char_file.o(.text)
    __rt_locale                              0x08000905   Thumb Code     8  rt_locale_intlibspace.o(.text)
    _ll_udiv10                               0x0800090d   Thumb Code   138  lludiv10.o(.text)
    _printf_char_common                      0x080009a3   Thumb Code    32  _printf_char_common.o(.text)
    _printf_fp_infnan                        0x080009c9   Thumb Code   112  _printf_fp_infnan.o(.text)
    _btod_etento                             0x08000a49   Thumb Code   224  bigflt0.o(.text)
    ferror                                   0x08000b2d   Thumb Code     8  ferror.o(.text)
    __user_libspace                          0x08000b35   Thumb Code     8  libspace.o(.text)
    __user_perproc_libspace                  0x08000b35   Thumb Code     0  libspace.o(.text)
    __user_perthread_libspace                0x08000b35   Thumb Code     0  libspace.o(.text)
    __user_setup_stackheap                   0x08000b3d   Thumb Code    74  sys_stackheap_outer.o(.text)
    exit                                     0x08000b87   Thumb Code    18  exit.o(.text)
    strcmp                                   0x08000b99   Thumb Code   128  strcmpv7m.o(.text)
    _btod_d2e                                0x08000c19   Thumb Code    62  btod.o(CL$$btod_d2e)
    _d2e_denorm_low                          0x08000c57   Thumb Code    70  btod.o(CL$$btod_d2e_denorm_low)
    _d2e_norm_op1                            0x08000c9d   Thumb Code    96  btod.o(CL$$btod_d2e_norm_op1)
    __btod_div_common                        0x08000cfd   Thumb Code   696  btod.o(CL$$btod_div_common)
    _e2e                                     0x08001035   Thumb Code   220  btod.o(CL$$btod_e2e)
    _btod_ediv                               0x08001111   Thumb Code    42  btod.o(CL$$btod_ediv)
    _btod_emul                               0x0800113b   Thumb Code    42  btod.o(CL$$btod_emul)
    __btod_mult_common                       0x08001165   Thumb Code   580  btod.o(CL$$btod_mult_common)
    BusFault_Handler                         0x080013a9   Thumb Code     4  at32f403a_407_int.o(i.BusFault_Handler)
    CRM_IRQHandler                           0x080013ad   Thumb Code     2  at32f403a_407_int.o(i.CRM_IRQHandler)
    DebugMon_Handler                         0x080013af   Thumb Code     2  at32f403a_407_int.o(i.DebugMon_Handler)
    HardFault_Handler                        0x080013b1   Thumb Code     4  at32f403a_407_int.o(i.HardFault_Handler)
    MPU6050_Byte_to_HalfWord                 0x080013b5   Thumb Code    10  mpu6050.o(i.MPU6050_Byte_to_HalfWord)
    MPU6050_GetACCEL                         0x080013bf   Thumb Code    84  mpu6050.o(i.MPU6050_GetACCEL)
    MPU6050_GetAccel_Value                   0x08001413   Thumb Code   114  mpu6050.o(i.MPU6050_GetAccel_Value)
    MPU6050_GetGYRO                          0x08001485   Thumb Code    84  mpu6050.o(i.MPU6050_GetGYRO)
    MPU6050_GetGyro_Value                    0x080014d9   Thumb Code   114  mpu6050.o(i.MPU6050_GetGyro_Value)
    MPU6050_GetID                            0x08001555   Thumb Code    16  mpu6050.o(i.MPU6050_GetID)
    MPU6050_GetTemp                          0x08001565   Thumb Code    32  mpu6050.o(i.MPU6050_GetTemp)
    MPU6050_GetTemp_Value                    0x08001585   Thumb Code    92  mpu6050.o(i.MPU6050_GetTemp_Value)
    MPU6050_Init                             0x080015f1   Thumb Code    52  mpu6050.o(i.MPU6050_Init)
    MPU6050_ReadReg                          0x08001625   Thumb Code    64  mpu6050.o(i.MPU6050_ReadReg)
    MPU6050_WriteReg                         0x08001665   Thumb Code    46  mpu6050.o(i.MPU6050_WriteReg)
    MemManage_Handler                        0x08001693   Thumb Code     4  at32f403a_407_int.o(i.MemManage_Handler)
    NMI_Handler                              0x08001697   Thumb Code     2  at32f403a_407_int.o(i.NMI_Handler)
    PendSV_Handler                           0x08001699   Thumb Code     2  at32f403a_407_int.o(i.PendSV_Handler)
    SVC_Handler                              0x0800169b   Thumb Code     2  at32f403a_407_int.o(i.SVC_Handler)
    Scale_Transform                          0x0800169d   Thumb Code    50  mpu6050.o(i.Scale_Transform)
    SysTick_Handler                          0x080016d9   Thumb Code     2  at32f403a_407_int.o(i.SysTick_Handler)
    SystemInit                               0x080016dd   Thumb Code   100  system_at32f403a_407.o(i.SystemInit)
    UART4_IRQHandler                         0x0800174d   Thumb Code    78  at32f403a_407_int.o(i.UART4_IRQHandler)
    UsageFault_Handler                       0x080017a5   Thumb Code     4  at32f403a_407_int.o(i.UsageFault_Handler)
    __ARM_fpclassify                         0x080017a9   Thumb Code    48  fpclassify.o(i.__ARM_fpclassify)
    _is_digit                                0x080017d9   Thumb Code    14  __printf_wp.o(i._is_digit)
    _sys_exit                                0x080017e7   Thumb Code     4  main.o(i._sys_exit)
    crm_ahb_div_set                          0x080017ed   Thumb Code    14  at32f403a_407_crm.o(i.crm_ahb_div_set)
    crm_apb1_div_set                         0x08001801   Thumb Code    14  at32f403a_407_crm.o(i.crm_apb1_div_set)
    crm_apb2_div_set                         0x08001815   Thumb Code    14  at32f403a_407_crm.o(i.crm_apb2_div_set)
    crm_auto_step_mode_enable                0x08001829   Thumb Code    34  at32f403a_407_crm.o(i.crm_auto_step_mode_enable)
    crm_clock_source_enable                  0x08001851   Thumb Code    90  at32f403a_407_crm.o(i.crm_clock_source_enable)
    crm_clocks_freq_get                      0x080018b1   Thumb Code   268  at32f403a_407_crm.o(i.crm_clocks_freq_get)
    crm_flag_get                             0x080019e1   Thumb Code    42  at32f403a_407_crm.o(i.crm_flag_get)
    crm_hext_stable_wait                     0x08001a11   Thumb Code    46  at32f403a_407_crm.o(i.crm_hext_stable_wait)
    crm_periph_clock_enable                  0x08001a41   Thumb Code    62  at32f403a_407_crm.o(i.crm_periph_clock_enable)
    crm_pll_config                           0x08001a85   Thumb Code   118  at32f403a_407_crm.o(i.crm_pll_config)
    crm_reset                                0x08001b01   Thumb Code    80  at32f403a_407_crm.o(i.crm_reset)
    crm_sysclk_switch                        0x08001b59   Thumb Code    54  at32f403a_407_crm.o(i.crm_sysclk_switch)
    crm_sysclk_switch_status_get             0x08001b95   Thumb Code    10  at32f403a_407_crm.o(i.crm_sysclk_switch_status_get)
    delay_init                               0x08001ba5   Thumb Code    38  delay_one.o(i.delay_init)
    delay_ms                                 0x08001bdd   Thumb Code   110  delay_one.o(i.delay_ms)
    delay_us                                 0x08001c51   Thumb Code    74  delay_one.o(i.delay_us)
    fputc                                    0x08001ca1   Thumb Code    46  main.o(i.fputc)
    gpio_bits_set                            0x08001cd5   Thumb Code     4  at32f403a_407_gpio.o(i.gpio_bits_set)
    gpio_bits_write                          0x08001cd9   Thumb Code    10  at32f403a_407_gpio.o(i.gpio_bits_write)
    gpio_default_para_init                   0x08001ce3   Thumb Code    22  at32f403a_407_gpio.o(i.gpio_default_para_init)
    gpio_init                                0x08001cf9   Thumb Code   168  at32f403a_407_gpio.o(i.gpio_init)
    gpio_input_data_bit_read                 0x08001da1   Thumb Code    18  at32f403a_407_gpio.o(i.gpio_input_data_bit_read)
    i2c_SCL_WriteorRead                      0x08001db5   Thumb Code    40  mpu6050.o(i.i2c_SCL_WriteorRead)
    i2c_SDA_WriteorRead                      0x08001de1   Thumb Code    40  mpu6050.o(i.i2c_SDA_WriteorRead)
    i2c_read                                 0x08001e0d   Thumb Code    62  mpu6050.o(i.i2c_read)
    i2c_recvAck                              0x08001e4b   Thumb Code    42  mpu6050.o(i.i2c_recvAck)
    i2c_sendAck                              0x08001e75   Thumb Code    30  mpu6050.o(i.i2c_sendAck)
    i2c_start                                0x08001e93   Thumb Code    36  mpu6050.o(i.i2c_start)
    i2c_stop                                 0x08001eb7   Thumb Code    28  mpu6050.o(i.i2c_stop)
    i2c_write                                0x08001ed3   Thumb Code    54  mpu6050.o(i.i2c_write)
    main                                     0x08001f09   Thumb Code    66  main.o(i.main)
    mpu6050_capture_data                     0x08001f51   Thumb Code   140  main.o(i.mpu6050_capture_data)
    mpu6050_init_struct                      0x08002021   Thumb Code   124  main.o(i.mpu6050_init_struct)
    nvic_irq_enable                          0x08002101   Thumb Code   190  at32f403a_407_misc.o(i.nvic_irq_enable)
    nvic_priority_group_config               0x080021c9   Thumb Code    32  at32f403a_407_misc.o(i.nvic_priority_group_config)
    pwc_battery_powered_domain_access        0x080021f1   Thumb Code    14  at32f403a_407_pwc.o(i.pwc_battery_powered_domain_access)
    system_core_clock_update                 0x08002205   Thumb Code   222  system_at32f403a_407.o(i.system_core_clock_update)
    systick_clock_source_config              0x08002301   Thumb Code    40  at32f403a_407_misc.o(i.systick_clock_source_config)
    systick_interrupt_config                 0x08002329   Thumb Code    40  at32f403a_407_wk_config.o(i.systick_interrupt_config)
    usart_data_transmit                      0x08002351   Thumb Code     8  at32f403a_407_usart.o(i.usart_data_transmit)
    usart_enable                             0x08002359   Thumb Code    10  at32f403a_407_usart.o(i.usart_enable)
    usart_flag_get                           0x08002363   Thumb Code    16  at32f403a_407_usart.o(i.usart_flag_get)
    usart_hardware_flow_control_set          0x08002373   Thumb Code   102  at32f403a_407_usart.o(i.usart_hardware_flow_control_set)
    usart_init                               0x080023d9   Thumb Code   120  at32f403a_407_usart.o(i.usart_init)
    usart_interrupt_enable                   0x08002461   Thumb Code    54  at32f403a_407_usart.o(i.usart_interrupt_enable)
    usart_interrupt_flag_get                 0x08002497   Thumb Code   176  at32f403a_407_usart.o(i.usart_interrupt_flag_get)
    usart_parity_selection_config            0x08002547   Thumb Code    76  at32f403a_407_usart.o(i.usart_parity_selection_config)
    usart_receiver_enable                    0x08002593   Thumb Code    10  at32f403a_407_usart.o(i.usart_receiver_enable)
    usart_transmitter_enable                 0x0800259d   Thumb Code    10  at32f403a_407_usart.o(i.usart_transmitter_enable)
    wk_gpio_config                           0x080025a9   Thumb Code    54  at32f403a_407_wk_config.o(i.wk_gpio_config)
    wk_nvic_config                           0x080025e5   Thumb Code    40  at32f403a_407_wk_config.o(i.wk_nvic_config)
    wk_periph_clock_config                   0x0800260d   Thumb Code    50  at32f403a_407_wk_config.o(i.wk_periph_clock_config)
    wk_system_clock_config                   0x08002649   Thumb Code   206  at32f403a_407_wk_config.o(i.wk_system_clock_config)
    wk_uart4_init                            0x08002721   Thumb Code   158  at32f403a_407_wk_config.o(i.wk_uart4_init)
    _get_lc_numeric                          0x080027cd   Thumb Code    44  lc_numeric_c.o(locale$$code)
    __aeabi_d2f                              0x080027f9   Thumb Code     0  d2f.o(x$fpl$d2f)
    _d2f                                     0x080027f9   Thumb Code    98  d2f.o(x$fpl$d2f)
    __aeabi_dadd                             0x0800285d   Thumb Code     0  daddsub_clz.o(x$fpl$dadd)
    _dadd                                    0x0800285d   Thumb Code   332  daddsub_clz.o(x$fpl$dadd)
    __aeabi_ddiv                             0x080029ad   Thumb Code     0  ddiv.o(x$fpl$ddiv)
    _ddiv                                    0x080029ad   Thumb Code   552  ddiv.o(x$fpl$ddiv)
    __fpl_dnaninf                            0x08002c5d   Thumb Code   156  dnaninf.o(x$fpl$dnaninf)
    __fpl_dretinf                            0x08002cf9   Thumb Code    12  dretinf.o(x$fpl$dretinf)
    __aeabi_dsub                             0x08002d05   Thumb Code     0  daddsub_clz.o(x$fpl$dsub)
    _dsub                                    0x08002d05   Thumb Code   464  daddsub_clz.o(x$fpl$dsub)
    __aeabi_f2d                              0x08002ed9   Thumb Code     0  f2d.o(x$fpl$f2d)
    _f2d                                     0x08002ed9   Thumb Code    86  f2d.o(x$fpl$f2d)
    __fpl_fnaninf                            0x08002f2f   Thumb Code   140  fnaninf.o(x$fpl$fnaninf)
    _fp_init                                 0x08002fbb   Thumb Code    10  fpinit.o(x$fpl$fpinit)
    __fplib_config_fpu_vfp                   0x08002fc3   Thumb Code     0  fpinit.o(x$fpl$fpinit)
    __fplib_config_pureend_doubles           0x08002fc3   Thumb Code     0  fpinit.o(x$fpl$fpinit)
    __fpl_fretinf                            0x08002fc5   Thumb Code    10  fretinf.o(x$fpl$fretinf)
    _printf_fp_dec                           0x08002fcf   Thumb Code     4  printf1.o(x$fpl$printf1)
    __I$use$fp                               0x08002fd2   Number         0  usenofp.o(x$fpl$usenofp)
    Region$$Table$$Base                      0x080030c8   Number         0  anon$$obj.o(Region$$Table)
    Region$$Table$$Limit                     0x080030e8   Number         0  anon$$obj.o(Region$$Table)
    mpu6050_id                               0x20000000   Data           1  main.o(.data)
    mpu6050_temp_value                       0x20000004   Data           4  main.o(.data)
    uart4_tx_buffer                          0x20000008   Data          38  main.o(.data)
    uart4_tx_dma_status                      0x2000002e   Data           1  main.o(.data)
    uart4_rx_dma_status                      0x2000002f   Data           1  main.o(.data)
    recv_end_flag_uart4                      0x20000030   Data           1  main.o(.data)
    Rx_len_uart4                             0x20000031   Data           1  main.o(.data)
    __stdout                                 0x20000034   Data           4  main.o(.data)
    system_core_clock                        0x20000040   Data           4  system_at32f403a_407.o(.data)
    mpu6050_accel_value                      0x20000044   Data          12  main.o(.bss)
    mpu6050_gyro_value                       0x20000050   Data          12  main.o(.bss)
    Muartnum                                 0x2000005c   Data        2051  main.o(.bss)
    uart4_rx_buffer                          0x2000085f   Data          37  main.o(.bss)
    ReceiveBuff_uart4                        0x20000884   Data        1024  main.o(.bss)
    __libspace_start                         0x20000c84   Data          96  libspace.o(.bss)
    __temporary_stack_top$libspace           0x20000ce4   Data           0  libspace.o(.bss)



==============================================================================

Memory Map of the image

  Image Entry point : 0x08000185

  Load Region LR_IROM1 (Base: 0x08000000, Size: 0x00003148, Max: 0x00100000, ABSOLUTE)

    Execution Region ER_IROM1 (Exec base: 0x08000000, Load base: 0x08000000, Size: 0x00003104, Max: 0x00100000, ABSOLUTE)

    Exec Addr    Load Addr    Size         Type   Attr      Idx    E Section Name        Object

    0x08000000   0x08000000   0x00000184   Data   RO         1535    RESET               startup_at32f403a_407.o
    0x08000184   0x08000184   0x00000008   Code   RO         1633  * !!!main             c_w.l(__main.o)
    0x0800018c   0x0800018c   0x00000034   Code   RO         1871    !!!scatter          c_w.l(__scatter.o)
    0x080001c0   0x080001c0   0x0000001a   Code   RO         1873    !!handler_copy      c_w.l(__scatter_copy.o)
    0x080001da   0x080001da   0x00000002   PAD
    0x080001dc   0x080001dc   0x0000001c   Code   RO         1875    !!handler_zi        c_w.l(__scatter_zi.o)
    0x080001f8   0x080001f8   0x00000000   Code   RO         1630    .ARM.Collect$$_printf_percent$$00000000  c_w.l(_printf_percent.o)
    0x080001f8   0x080001f8   0x00000006   Code   RO         1629    .ARM.Collect$$_printf_percent$$00000003  c_w.l(_printf_f.o)
    0x080001fe   0x080001fe   0x00000006   Code   RO         1628    .ARM.Collect$$_printf_percent$$0000000C  c_w.l(_printf_x.o)
    0x08000204   0x08000204   0x00000004   Code   RO         1660    .ARM.Collect$$_printf_percent$$00000017  c_w.l(_printf_percent_end.o)
    0x08000208   0x08000208   0x00000002   Code   RO         1748    .ARM.Collect$$libinit$$00000000  c_w.l(libinit.o)
    0x0800020a   0x0800020a   0x00000004   Code   RO         1749    .ARM.Collect$$libinit$$00000001  c_w.l(libinit2.o)
    0x0800020e   0x0800020e   0x00000000   Code   RO         1752    .ARM.Collect$$libinit$$00000004  c_w.l(libinit2.o)
    0x0800020e   0x0800020e   0x00000000   Code   RO         1755    .ARM.Collect$$libinit$$0000000A  c_w.l(libinit2.o)
    0x0800020e   0x0800020e   0x00000000   Code   RO         1757    .ARM.Collect$$libinit$$0000000C  c_w.l(libinit2.o)
    0x0800020e   0x0800020e   0x00000000   Code   RO         1759    .ARM.Collect$$libinit$$0000000E  c_w.l(libinit2.o)
    0x0800020e   0x0800020e   0x00000006   Code   RO         1760    .ARM.Collect$$libinit$$0000000F  c_w.l(libinit2.o)
    0x08000214   0x08000214   0x00000000   Code   RO         1762    .ARM.Collect$$libinit$$00000011  c_w.l(libinit2.o)
    0x08000214   0x08000214   0x00000000   Code   RO         1764    .ARM.Collect$$libinit$$00000013  c_w.l(libinit2.o)
    0x08000214   0x08000214   0x00000000   Code   RO         1766    .ARM.Collect$$libinit$$00000015  c_w.l(libinit2.o)
    0x08000214   0x08000214   0x0000000a   Code   RO         1767    .ARM.Collect$$libinit$$00000016  c_w.l(libinit2.o)
    0x0800021e   0x0800021e   0x00000000   Code   RO         1768    .ARM.Collect$$libinit$$00000017  c_w.l(libinit2.o)
    0x0800021e   0x0800021e   0x00000000   Code   RO         1770    .ARM.Collect$$libinit$$00000019  c_w.l(libinit2.o)
    0x0800021e   0x0800021e   0x00000000   Code   RO         1772    .ARM.Collect$$libinit$$0000001B  c_w.l(libinit2.o)
    0x0800021e   0x0800021e   0x00000000   Code   RO         1774    .ARM.Collect$$libinit$$0000001D  c_w.l(libinit2.o)
    0x0800021e   0x0800021e   0x00000000   Code   RO         1776    .ARM.Collect$$libinit$$0000001F  c_w.l(libinit2.o)
    0x0800021e   0x0800021e   0x00000000   Code   RO         1778    .ARM.Collect$$libinit$$00000021  c_w.l(libinit2.o)
    0x0800021e   0x0800021e   0x00000000   Code   RO         1780    .ARM.Collect$$libinit$$00000023  c_w.l(libinit2.o)
    0x0800021e   0x0800021e   0x00000000   Code   RO         1782    .ARM.Collect$$libinit$$00000025  c_w.l(libinit2.o)
    0x0800021e   0x0800021e   0x00000000   Code   RO         1786    .ARM.Collect$$libinit$$0000002C  c_w.l(libinit2.o)
    0x0800021e   0x0800021e   0x00000000   Code   RO         1788    .ARM.Collect$$libinit$$0000002E  c_w.l(libinit2.o)
    0x0800021e   0x0800021e   0x00000000   Code   RO         1790    .ARM.Collect$$libinit$$00000030  c_w.l(libinit2.o)
    0x0800021e   0x0800021e   0x00000000   Code   RO         1792    .ARM.Collect$$libinit$$00000032  c_w.l(libinit2.o)
    0x0800021e   0x0800021e   0x00000002   Code   RO         1793    .ARM.Collect$$libinit$$00000033  c_w.l(libinit2.o)
    0x08000220   0x08000220   0x00000002   Code   RO         1821    .ARM.Collect$$libshutdown$$00000000  c_w.l(libshutdown.o)
    0x08000222   0x08000222   0x00000000   Code   RO         1830    .ARM.Collect$$libshutdown$$00000002  c_w.l(libshutdown2.o)
    0x08000222   0x08000222   0x00000000   Code   RO         1832    .ARM.Collect$$libshutdown$$00000004  c_w.l(libshutdown2.o)
    0x08000222   0x08000222   0x00000000   Code   RO         1834    .ARM.Collect$$libshutdown$$00000006  c_w.l(libshutdown2.o)
    0x08000222   0x08000222   0x00000000   Code   RO         1837    .ARM.Collect$$libshutdown$$00000009  c_w.l(libshutdown2.o)
    0x08000222   0x08000222   0x00000000   Code   RO         1840    .ARM.Collect$$libshutdown$$0000000C  c_w.l(libshutdown2.o)
    0x08000222   0x08000222   0x00000000   Code   RO         1842    .ARM.Collect$$libshutdown$$0000000E  c_w.l(libshutdown2.o)
    0x08000222   0x08000222   0x00000000   Code   RO         1845    .ARM.Collect$$libshutdown$$00000011  c_w.l(libshutdown2.o)
    0x08000222   0x08000222   0x00000002   Code   RO         1846    .ARM.Collect$$libshutdown$$00000012  c_w.l(libshutdown2.o)
    0x08000224   0x08000224   0x00000000   Code   RO         1653    .ARM.Collect$$rtentry$$00000000  c_w.l(__rtentry.o)
    0x08000224   0x08000224   0x00000000   Code   RO         1671    .ARM.Collect$$rtentry$$00000002  c_w.l(__rtentry2.o)
    0x08000224   0x08000224   0x00000006   Code   RO         1683    .ARM.Collect$$rtentry$$00000004  c_w.l(__rtentry4.o)
    0x0800022a   0x0800022a   0x00000000   Code   RO         1673    .ARM.Collect$$rtentry$$00000009  c_w.l(__rtentry2.o)
    0x0800022a   0x0800022a   0x00000004   Code   RO         1674    .ARM.Collect$$rtentry$$0000000A  c_w.l(__rtentry2.o)
    0x0800022e   0x0800022e   0x00000000   Code   RO         1676    .ARM.Collect$$rtentry$$0000000C  c_w.l(__rtentry2.o)
    0x0800022e   0x0800022e   0x00000008   Code   RO         1677    .ARM.Collect$$rtentry$$0000000D  c_w.l(__rtentry2.o)
    0x08000236   0x08000236   0x00000002   Code   RO         1794    .ARM.Collect$$rtexit$$00000000  c_w.l(rtexit.o)
    0x08000238   0x08000238   0x00000000   Code   RO         1801    .ARM.Collect$$rtexit$$00000002  c_w.l(rtexit2.o)
    0x08000238   0x08000238   0x00000004   Code   RO         1802    .ARM.Collect$$rtexit$$00000003  c_w.l(rtexit2.o)
    0x0800023c   0x0800023c   0x00000006   Code   RO         1803    .ARM.Collect$$rtexit$$00000004  c_w.l(rtexit2.o)
    0x08000242   0x08000242   0x00000002   PAD
    0x08000244   0x08000244   0x00000040   Code   RO         1536    .text               startup_at32f403a_407.o
    0x08000284   0x08000284   0x00000002   Code   RO         1579    .text               c_w.l(use_no_semi_2.o)
    0x08000286   0x08000286   0x00000002   PAD
    0x08000288   0x08000288   0x00000018   Code   RO         1583    .text               c_w.l(noretval__2printf.o)
    0x080002a0   0x080002a0   0x00000058   Code   RO         1590    .text               c_w.l(_printf_hex_int.o)
    0x080002f8   0x080002f8   0x0000010e   Code   RO         1616    .text               c_w.l(__printf_wp.o)
    0x08000406   0x08000406   0x00000006   Code   RO         1631    .text               c_w.l(heapauxi.o)
    0x0800040c   0x0800040c   0x00000002   Code   RO         1651    .text               c_w.l(use_no_semi.o)
    0x0800040e   0x0800040e   0x000000b2   Code   RO         1654    .text               c_w.l(_printf_intcommon.o)
    0x080004c0   0x080004c0   0x0000041e   Code   RO         1656    .text               c_w.l(_printf_fp_dec.o)
    0x080008de   0x080008de   0x00000002   PAD
    0x080008e0   0x080008e0   0x00000024   Code   RO         1658    .text               c_w.l(_printf_char_file.o)
    0x08000904   0x08000904   0x00000008   Code   RO         1688    .text               c_w.l(rt_locale_intlibspace.o)
    0x0800090c   0x0800090c   0x0000008a   Code   RO         1690    .text               c_w.l(lludiv10.o)
    0x08000996   0x08000996   0x00000002   PAD
    0x08000998   0x08000998   0x00000030   Code   RO         1692    .text               c_w.l(_printf_char_common.o)
    0x080009c8   0x080009c8   0x00000080   Code   RO         1694    .text               c_w.l(_printf_fp_infnan.o)
    0x08000a48   0x08000a48   0x000000e4   Code   RO         1696    .text               c_w.l(bigflt0.o)
    0x08000b2c   0x08000b2c   0x00000008   Code   RO         1721    .text               c_w.l(ferror.o)
    0x08000b34   0x08000b34   0x00000008   Code   RO         1732    .text               c_w.l(libspace.o)
    0x08000b3c   0x08000b3c   0x0000004a   Code   RO         1735    .text               c_w.l(sys_stackheap_outer.o)
    0x08000b86   0x08000b86   0x00000012   Code   RO         1739    .text               c_w.l(exit.o)
    0x08000b98   0x08000b98   0x00000080   Code   RO         1741    .text               c_w.l(strcmpv7m.o)
    0x08000c18   0x08000c18   0x0000003e   Code   RO         1699    CL$$btod_d2e        c_w.l(btod.o)
    0x08000c56   0x08000c56   0x00000046   Code   RO         1701    CL$$btod_d2e_denorm_low  c_w.l(btod.o)
    0x08000c9c   0x08000c9c   0x00000060   Code   RO         1700    CL$$btod_d2e_norm_op1  c_w.l(btod.o)
    0x08000cfc   0x08000cfc   0x00000338   Code   RO         1709    CL$$btod_div_common  c_w.l(btod.o)
    0x08001034   0x08001034   0x000000dc   Code   RO         1706    CL$$btod_e2e        c_w.l(btod.o)
    0x08001110   0x08001110   0x0000002a   Code   RO         1703    CL$$btod_ediv       c_w.l(btod.o)
    0x0800113a   0x0800113a   0x0000002a   Code   RO         1702    CL$$btod_emul       c_w.l(btod.o)
    0x08001164   0x08001164   0x00000244   Code   RO         1708    CL$$btod_mult_common  c_w.l(btod.o)
    0x080013a8   0x080013a8   0x00000004   Code   RO          203    i.BusFault_Handler  at32f403a_407_int.o
    0x080013ac   0x080013ac   0x00000002   Code   RO          204    i.CRM_IRQHandler    at32f403a_407_int.o
    0x080013ae   0x080013ae   0x00000002   Code   RO          205    i.DebugMon_Handler  at32f403a_407_int.o
    0x080013b0   0x080013b0   0x00000004   Code   RO          206    i.HardFault_Handler  at32f403a_407_int.o
    0x080013b4   0x080013b4   0x0000000a   Code   RO          342    i.MPU6050_Byte_to_HalfWord  mpu6050.o
    0x080013be   0x080013be   0x00000054   Code   RO          343    i.MPU6050_GetACCEL  mpu6050.o
    0x08001412   0x08001412   0x00000072   Code   RO          344    i.MPU6050_GetAccel_Value  mpu6050.o
    0x08001484   0x08001484   0x00000054   Code   RO          345    i.MPU6050_GetGYRO   mpu6050.o
    0x080014d8   0x080014d8   0x0000007c   Code   RO          346    i.MPU6050_GetGyro_Value  mpu6050.o
    0x08001554   0x08001554   0x00000010   Code   RO          347    i.MPU6050_GetID     mpu6050.o
    0x08001564   0x08001564   0x00000020   Code   RO          348    i.MPU6050_GetTemp   mpu6050.o
    0x08001584   0x08001584   0x0000006c   Code   RO          349    i.MPU6050_GetTemp_Value  mpu6050.o
    0x080015f0   0x080015f0   0x00000034   Code   RO          350    i.MPU6050_Init      mpu6050.o
    0x08001624   0x08001624   0x00000040   Code   RO          352    i.MPU6050_ReadReg   mpu6050.o
    0x08001664   0x08001664   0x0000002e   Code   RO          354    i.MPU6050_WriteReg  mpu6050.o
    0x08001692   0x08001692   0x00000004   Code   RO          207    i.MemManage_Handler  at32f403a_407_int.o
    0x08001696   0x08001696   0x00000002   Code   RO          208    i.NMI_Handler       at32f403a_407_int.o
    0x08001698   0x08001698   0x00000002   Code   RO          209    i.PendSV_Handler    at32f403a_407_int.o
    0x0800169a   0x0800169a   0x00000002   Code   RO          210    i.SVC_Handler       at32f403a_407_int.o
    0x0800169c   0x0800169c   0x0000003c   Code   RO          355    i.Scale_Transform   mpu6050.o
    0x080016d8   0x080016d8   0x00000002   Code   RO          211    i.SysTick_Handler   at32f403a_407_int.o
    0x080016da   0x080016da   0x00000002   PAD
    0x080016dc   0x080016dc   0x00000070   Code   RO         1543    i.SystemInit        system_at32f403a_407.o
    0x0800174c   0x0800174c   0x00000058   Code   RO          212    i.UART4_IRQHandler  at32f403a_407_int.o
    0x080017a4   0x080017a4   0x00000004   Code   RO          213    i.UsageFault_Handler  at32f403a_407_int.o
    0x080017a8   0x080017a8   0x00000030   Code   RO         1730    i.__ARM_fpclassify  m_wm.l(fpclassify.o)
    0x080017d8   0x080017d8   0x0000000e   Code   RO         1618    i._is_digit         c_w.l(__printf_wp.o)
    0x080017e6   0x080017e6   0x00000004   Code   RO            4    i._sys_exit         main.o
    0x080017ea   0x080017ea   0x00000002   PAD
    0x080017ec   0x080017ec   0x00000014   Code   RO          493    i.crm_ahb_div_set   at32f403a_407_crm.o
    0x08001800   0x08001800   0x00000014   Code   RO          494    i.crm_apb1_div_set  at32f403a_407_crm.o
    0x08001814   0x08001814   0x00000014   Code   RO          495    i.crm_apb2_div_set  at32f403a_407_crm.o
    0x08001828   0x08001828   0x00000028   Code   RO          496    i.crm_auto_step_mode_enable  at32f403a_407_crm.o
    0x08001850   0x08001850   0x00000060   Code   RO          502    i.crm_clock_source_enable  at32f403a_407_crm.o
    0x080018b0   0x080018b0   0x00000130   Code   RO          503    i.crm_clocks_freq_get  at32f403a_407_crm.o
    0x080019e0   0x080019e0   0x00000030   Code   RO          505    i.crm_flag_get      at32f403a_407_crm.o
    0x08001a10   0x08001a10   0x0000002e   Code   RO          508    i.crm_hext_stable_wait  at32f403a_407_crm.o
    0x08001a3e   0x08001a3e   0x00000002   PAD
    0x08001a40   0x08001a40   0x00000044   Code   RO          516    i.crm_periph_clock_enable  at32f403a_407_crm.o
    0x08001a84   0x08001a84   0x0000007c   Code   RO          519    i.crm_pll_config    at32f403a_407_crm.o
    0x08001b00   0x08001b00   0x00000058   Code   RO          520    i.crm_reset         at32f403a_407_crm.o
    0x08001b58   0x08001b58   0x0000003c   Code   RO          523    i.crm_sysclk_switch  at32f403a_407_crm.o
    0x08001b94   0x08001b94   0x00000010   Code   RO          524    i.crm_sysclk_switch_status_get  at32f403a_407_crm.o
    0x08001ba4   0x08001ba4   0x00000038   Code   RO          298    i.delay_init        delay_one.o
    0x08001bdc   0x08001bdc   0x00000074   Code   RO          299    i.delay_ms          delay_one.o
    0x08001c50   0x08001c50   0x00000050   Code   RO          301    i.delay_us          delay_one.o
    0x08001ca0   0x08001ca0   0x00000034   Code   RO            6    i.fputc             main.o
    0x08001cd4   0x08001cd4   0x00000004   Code   RO         1029    i.gpio_bits_set     at32f403a_407_gpio.o
    0x08001cd8   0x08001cd8   0x0000000a   Code   RO         1030    i.gpio_bits_write   at32f403a_407_gpio.o
    0x08001ce2   0x08001ce2   0x00000016   Code   RO         1031    i.gpio_default_para_init  at32f403a_407_gpio.o
    0x08001cf8   0x08001cf8   0x000000a8   Code   RO         1035    i.gpio_init         at32f403a_407_gpio.o
    0x08001da0   0x08001da0   0x00000012   Code   RO         1036    i.gpio_input_data_bit_read  at32f403a_407_gpio.o
    0x08001db2   0x08001db2   0x00000002   PAD
    0x08001db4   0x08001db4   0x0000002c   Code   RO          356    i.i2c_SCL_WriteorRead  mpu6050.o
    0x08001de0   0x08001de0   0x0000002c   Code   RO          357    i.i2c_SDA_WriteorRead  mpu6050.o
    0x08001e0c   0x08001e0c   0x0000003e   Code   RO          358    i.i2c_read          mpu6050.o
    0x08001e4a   0x08001e4a   0x0000002a   Code   RO          359    i.i2c_recvAck       mpu6050.o
    0x08001e74   0x08001e74   0x0000001e   Code   RO          360    i.i2c_sendAck       mpu6050.o
    0x08001e92   0x08001e92   0x00000024   Code   RO          361    i.i2c_start         mpu6050.o
    0x08001eb6   0x08001eb6   0x0000001c   Code   RO          362    i.i2c_stop          mpu6050.o
    0x08001ed2   0x08001ed2   0x00000036   Code   RO          363    i.i2c_write         mpu6050.o
    0x08001f08   0x08001f08   0x00000048   Code   RO            7    i.main              main.o
    0x08001f50   0x08001f50   0x000000d0   Code   RO            8    i.mpu6050_capture_data  main.o
    0x08002020   0x08002020   0x000000e0   Code   RO            9    i.mpu6050_init_struct  main.o
    0x08002100   0x08002100   0x000000c8   Code   RO         1173    i.nvic_irq_enable   at32f403a_407_misc.o
    0x080021c8   0x080021c8   0x00000028   Code   RO         1175    i.nvic_priority_group_config  at32f403a_407_misc.o
    0x080021f0   0x080021f0   0x00000014   Code   RO         1236    i.pwc_battery_powered_domain_access  at32f403a_407_pwc.o
    0x08002204   0x08002204   0x000000fc   Code   RO         1544    i.system_core_clock_update  system_at32f403a_407.o
    0x08002300   0x08002300   0x00000028   Code   RO         1178    i.systick_clock_source_config  at32f403a_407_misc.o
    0x08002328   0x08002328   0x00000028   Code   RO          149    i.systick_interrupt_config  at32f403a_407_wk_config.o
    0x08002350   0x08002350   0x00000008   Code   RO         1325    i.usart_data_transmit  at32f403a_407_usart.o
    0x08002358   0x08002358   0x0000000a   Code   RO         1328    i.usart_enable      at32f403a_407_usart.o
    0x08002362   0x08002362   0x00000010   Code   RO         1330    i.usart_flag_get    at32f403a_407_usart.o
    0x08002372   0x08002372   0x00000066   Code   RO         1331    i.usart_hardware_flow_control_set  at32f403a_407_usart.o
    0x080023d8   0x080023d8   0x00000088   Code   RO         1332    i.usart_init        at32f403a_407_usart.o
    0x08002460   0x08002460   0x00000036   Code   RO         1333    i.usart_interrupt_enable  at32f403a_407_usart.o
    0x08002496   0x08002496   0x000000b0   Code   RO         1334    i.usart_interrupt_flag_get  at32f403a_407_usart.o
    0x08002546   0x08002546   0x0000004c   Code   RO         1339    i.usart_parity_selection_config  at32f403a_407_usart.o
    0x08002592   0x08002592   0x0000000a   Code   RO         1340    i.usart_receiver_enable  at32f403a_407_usart.o
    0x0800259c   0x0800259c   0x0000000a   Code   RO         1347    i.usart_transmitter_enable  at32f403a_407_usart.o
    0x080025a6   0x080025a6   0x00000002   PAD
    0x080025a8   0x080025a8   0x0000003c   Code   RO          150    i.wk_gpio_config    at32f403a_407_wk_config.o
    0x080025e4   0x080025e4   0x00000028   Code   RO          151    i.wk_nvic_config    at32f403a_407_wk_config.o
    0x0800260c   0x0800260c   0x0000003c   Code   RO          152    i.wk_periph_clock_config  at32f403a_407_wk_config.o
    0x08002648   0x08002648   0x000000d8   Code   RO          153    i.wk_system_clock_config  at32f403a_407_wk_config.o
    0x08002720   0x08002720   0x000000ac   Code   RO          154    i.wk_uart4_init     at32f403a_407_wk_config.o
    0x080027cc   0x080027cc   0x0000002c   Code   RO         1726    locale$$code        c_w.l(lc_numeric_c.o)
    0x080027f8   0x080027f8   0x00000062   Code   RO         1635    x$fpl$d2f           fz_wm.l(d2f.o)
    0x0800285a   0x0800285a   0x00000002   PAD
    0x0800285c   0x0800285c   0x00000150   Code   RO         1637    x$fpl$dadd          fz_wm.l(daddsub_clz.o)
    0x080029ac   0x080029ac   0x000002b0   Code   RO         1644    x$fpl$ddiv          fz_wm.l(ddiv.o)
    0x08002c5c   0x08002c5c   0x0000009c   Code   RO         1661    x$fpl$dnaninf       fz_wm.l(dnaninf.o)
    0x08002cf8   0x08002cf8   0x0000000c   Code   RO         1663    x$fpl$dretinf       fz_wm.l(dretinf.o)
    0x08002d04   0x08002d04   0x000001d4   Code   RO         1639    x$fpl$dsub          fz_wm.l(daddsub_clz.o)
    0x08002ed8   0x08002ed8   0x00000056   Code   RO         1647    x$fpl$f2d           fz_wm.l(f2d.o)
    0x08002f2e   0x08002f2e   0x0000008c   Code   RO         1665    x$fpl$fnaninf       fz_wm.l(fnaninf.o)
    0x08002fba   0x08002fba   0x0000000a   Code   RO         1798    x$fpl$fpinit        fz_wm.l(fpinit.o)
    0x08002fc4   0x08002fc4   0x0000000a   Code   RO         1667    x$fpl$fretinf       fz_wm.l(fretinf.o)
    0x08002fce   0x08002fce   0x00000004   Code   RO         1649    x$fpl$printf1       fz_wm.l(printf1.o)
    0x08002fd2   0x08002fd2   0x00000000   Code   RO         1669    x$fpl$usenofp       fz_wm.l(usenofp.o)
    0x08002fd2   0x08002fd2   0x00000028   Data   RO          528    .constdata          at32f403a_407_crm.o
    0x08002ffa   0x08002ffa   0x00000010   Data   RO         1545    .constdata          system_at32f403a_407.o
    0x0800300a   0x0800300a   0x00000028   Data   RO         1591    .constdata          c_w.l(_printf_hex_int.o)
    0x08003032   0x08003032   0x00000002   PAD
    0x08003034   0x08003034   0x00000094   Data   RO         1697    .constdata          c_w.l(bigflt0.o)
    0x080030c8   0x080030c8   0x00000020   Data   RO         1869    Region$$Table       anon$$obj.o
    0x080030e8   0x080030e8   0x0000001c   Data   RO         1725    locale$$data        c_w.l(lc_numeric_c.o)


    Execution Region RW_IRAM1 (Exec base: 0x20000000, Load base: 0x08003104, Size: 0x000012e8, Max: 0x00018000, ABSOLUTE)

    Exec Addr    Load Addr    Size         Type   Attr      Idx    E Section Name        Object

    0x20000000   0x08003104   0x00000038   Data   RW           12    .data               main.o
    0x20000038   0x0800313c   0x00000008   Data   RW          302    .data               delay_one.o
    0x20000040   0x08003144   0x00000004   Data   RW         1546    .data               system_at32f403a_407.o
    0x20000044        -       0x00000c40   Zero   RW           11    .bss                main.o
    0x20000c84        -       0x00000060   Zero   RW         1733    .bss                c_w.l(libspace.o)
    0x20000ce4   0x08003148   0x00000004   PAD
    0x20000ce8        -       0x00000200   Zero   RW         1534    HEAP                startup_at32f403a_407.o
    0x20000ee8        -       0x00000400   Zero   RW         1533    STACK               startup_at32f403a_407.o


==============================================================================

Image component sizes


      Code (inc. data)   RO Data    RW Data    ZI Data      Debug   Object Name

       950        110         40          0          0       8904   at32f403a_407_crm.o
       222          0          0          0          0       3838   at32f403a_407_gpio.o
       116         10          0          0          0       5494   at32f403a_407_int.o
       280         18          0          0          0      32756   at32f403a_407_misc.o
        20          6          0          0          0        612   at32f403a_407_pwc.o
       598         16          0          0          0       7388   at32f403a_407_usart.o
       588         40          0          0          0       3655   at32f403a_407_wk_config.o
       252         30          0          8          0       2167   delay_one.o
       560        180          0         56       3136      47163   main.o
      1134         44          0          0          0      12315   mpu6050.o
        64         26        388          0       1536        844   startup_at32f403a_407.o
       364         42         16          4          0       2300   system_at32f403a_407.o

    ----------------------------------------------------------------------
      5158        522        476         68       4672     127436   Object Totals
         0          0         32          0          0          0   (incl. Generated)
        10          0          0          0          0          0   (incl. Padding)

    ----------------------------------------------------------------------

      Code (inc. data)   RO Data    RW Data    ZI Data      Debug   Library Member Name

         8          0          0          0          0         68   __main.o
       284          0          0          0          0        156   __printf_wp.o
         0          0          0          0          0          0   __rtentry.o
        12          0          0          0          0          0   __rtentry2.o
         6          0          0          0          0          0   __rtentry4.o
        52          8          0          0          0          0   __scatter.o
        26          0          0          0          0          0   __scatter_copy.o
        28          0          0          0          0          0   __scatter_zi.o
        48          6          0          0          0         96   _printf_char_common.o
        36          4          0          0          0         80   _printf_char_file.o
         6          0          0          0          0          0   _printf_f.o
      1054          0          0          0          0        216   _printf_fp_dec.o
       128         16          0          0          0         84   _printf_fp_infnan.o
        88          4         40          0          0         88   _printf_hex_int.o
       178          0          0          0          0         88   _printf_intcommon.o
         0          0          0          0          0          0   _printf_percent.o
         4          0          0          0          0          0   _printf_percent_end.o
         6          0          0          0          0          0   _printf_x.o
       228          4        148          0          0         96   bigflt0.o
      1936        128          0          0          0        672   btod.o
        18          0          0          0          0         80   exit.o
         8          0          0          0          0         68   ferror.o
         6          0          0          0          0        152   heapauxi.o
        44         10         28          0          0         76   lc_numeric_c.o
         2          0          0          0          0          0   libinit.o
        22          0          0          0          0          0   libinit2.o
         2          0          0          0          0          0   libshutdown.o
         2          0          0          0          0          0   libshutdown2.o
         8          4          0          0         96         68   libspace.o
       138          0          0          0          0         80   lludiv10.o
        24          4          0          0          0         84   noretval__2printf.o
         8          4          0          0          0         68   rt_locale_intlibspace.o
         2          0          0          0          0          0   rtexit.o
        10          0          0          0          0          0   rtexit2.o
       128          0          0          0          0         68   strcmpv7m.o
        74          0          0          0          0         80   sys_stackheap_outer.o
         2          0          0          0          0         68   use_no_semi.o
         2          0          0          0          0         68   use_no_semi_2.o
        98          4          0          0          0        140   d2f.o
       804         16          0          0          0        368   daddsub_clz.o
       688        140          0          0          0        256   ddiv.o
       156          4          0          0          0        140   dnaninf.o
        12          0          0          0          0        116   dretinf.o
        86          4          0          0          0        132   f2d.o
       140          4          0          0          0        132   fnaninf.o
        10          0          0          0          0        116   fpinit.o
        10          0          0          0          0        116   fretinf.o
         4          0          0          0          0        116   printf1.o
         0          0          0          0          0          0   usenofp.o
        48          0          0          0          0        124   fpclassify.o

    ----------------------------------------------------------------------
      6696        364        218          0        100       4360   Library Totals
        12          0          2          0          4          0   (incl. Padding)

    ----------------------------------------------------------------------

      Code (inc. data)   RO Data    RW Data    ZI Data      Debug   Library Name

      4628        192        216          0         96       2604   c_w.l
      2008        172          0          0          0       1632   fz_wm.l
        48          0          0          0          0        124   m_wm.l

    ----------------------------------------------------------------------
      6696        364        218          0        100       4360   Library Totals

    ----------------------------------------------------------------------

==============================================================================


      Code (inc. data)   RO Data    RW Data    ZI Data      Debug   

     11854        886        694         68       4772     122092   Grand Totals
     11854        886        694         68       4772     122092   ELF Image Totals
     11854        886        694         68          0          0   ROM Totals

==============================================================================

    Total RO  Size (Code + RO Data)                12548 (  12.25kB)
    Total RW  Size (RW Data + ZI Data)              4840 (   4.73kB)
    Total ROM Size (Code + RO Data + RW Data)      12616 (  12.32kB)

==============================================================================

